D/ActivityThread(25674): BDC-Calling onReceive: intent=Intent { act=android.intent.action.PACKAGE_NEEDS_VERIFICATION dat=file:///data/local/tmp/glukalo-debug.apk typ=application/vnd.android.package-archive flg=0x11 cmp=com.android.vending/com.google.android.vending.verifier.PackageVerificationReceiver (has extras) }, ordered=true, receiver=com.google.android.vending.verifier.PackageVerificationReceiver@425985f0
I/PackageManager(  828): Apk copy done
I/PackageManager(  828): Apk copy done
D/ConnectivityService(  828): getActiveNetworkInfo:NetworkInfo: type: WIFI[], state: CONNECTED/CONNECTED, reason: (unspecified), extra: "jjj", roaming: false, failover: false, isAvailable: true, isConnectedToProvisioningNetwork: false, simId: 0/10017
I/PackageManager(  828): Apk copy done
I/PackageManager(  828): Apk copy done
D/ActivityThread(25674): BDC-RECEIVER handled : 0 / ReceiverData{intent=Intent { act=android.intent.action.PACKAGE_NEEDS_VERIFICATION dat=file:///data/local/tmp/glukalo-debug.apk typ=application/vnd.android.package-archive flg=0x11 cmp=com.android.vending/com.google.android.vending.verifier.PackageVerificationReceiver (has extras) } packageName=com.android.vending resultCode=0 resultData=null resultExtras=null}
D/ActivityThread(25674): SVC-Creating service: CreateServiceData{token=android.os.BinderProxy@423d37c8 className=com.google.android.vending.verifier.PackageVerificationService packageName=com.android.vending intent=null}
D/ActivityThread(25674): SVC-CREATE_SERVICE handled : 0 / CreateServiceData{token=android.os.BinderProxy@423d37c8 className=com.google.android.vending.verifier.PackageVerificationService packageName=com.android.vending intent=null}
I/PackageManager(  828): Apk copy done
I/PackageManager(  828): Apk copy done
D/ActivityThread(25674): SVC-SERVICE_ARGS handled : 0 / ServiceArgsData{token=android.os.BinderProxy@423d37c8 startId=1 args=Intent { cmp=com.android.vending/com.google.android.vending.verifier.PackageVerificationService (has extras) }}
I/PackageParser(25674): com.kay27.Glukalo: compat added android.permission.WRITE_EXTERNAL_STORAGE android.permission.READ_PHONE_STATE
I/PackageManager(  828): Apk copy done
I/PackageManager(  828): Apk copy done
I/PackageManager(  828): Apk copy done
I/PackageManager(  828): Apk copy done
I/PackageManager(  828): Apk copy done
D/ActivityThread(19796): SVC-Creating service: CreateServiceData{token=android.os.BinderProxy@42617108 className=com.google.android.gms.security.snet.SafetyNetClientService packageName=com.google.android.gms intent=null}
D/ActivityThread(19796): SVC-CREATE_SERVICE handled : 0 / CreateServiceData{token=android.os.BinderProxy@42617108 className=com.google.android.gms.security.snet.SafetyNetClientService packageName=com.google.android.gms intent=null}
D/ActivityThread(19796): SVC-BIND_SERVICE handled : 0 / BindServiceData{token=android.os.BinderProxy@42617108 intent=Intent { act=com.google.android.gms.safetynet.service.START pkg=com.google.android.gms }}
D/ActivityThread(19796): SVC-Creating service: CreateServiceData{token=android.os.BinderProxy@426cbb40 className=com.google.android.gms.security.snet.SafetyNetClientIntentService packageName=com.google.android.gms intent=null}
D/ActivityThread(19796): SVC-CREATE_SERVICE handled : 0 / CreateServiceData{token=android.os.BinderProxy@426cbb40 className=com.google.android.gms.security.snet.SafetyNetClientIntentService packageName=com.google.android.gms intent=null}
D/ActivityThread(19796): SVC-SERVICE_ARGS handled : 0 / ServiceArgsData{token=android.os.BinderProxy@426cbb40 startId=1 args=Intent { act=com.google.android.gms.security.snet.service.INTENT pkg=com.google.android.gms }}
I/FrameworkListener(  131): onDataAvailable get 51 bytes 
D/FrameworkListener(  131): dispatchCommand data = (getaddrinfo safebrowsing.google.com ^ 1024 0 1 0 ^)
D/SocketClient(  131): SocketClient sendDatalocked done: 222
D/SocketClient(  131): SocketClient sendDatalocked done: 
D/SocketClient(  131): SocketClient sendDatalocked done: 
D/SocketClient(  131): SocketClient sendDatalocked done: 
D/SocketClient(  131): SocketClient sendDatalocked done: 
D/SocketClient(  131): SocketClient sendDatalocked done: 
D/SocketClient(  131): SocketClient sendDatalocked done: 
D/SocketClient(  131): SocketClient sendDatalocked done: 
D/SocketClient(  131): SocketClient sendDatalocked done: 
D/SocketClient(  131): SocketClient sendDatalocked done: 
D/SocketClient(  131): SocketClient sendDatalocked done: 
D/SocketClient(  131): SocketClient sendDatalocked done: 
D/SocketClient(  131): SocketClient sendDatalocked done: 
D/SocketClient(  131): SocketClient sendDatalocked done: 
D/SocketClient(  131): SocketClient sendDatalocked done: 
D/SocketClient(  131): SocketClient sendDatalocked done: 
D/SocketClient(  131): SocketClient sendDatalocked done: 
D/SocketClient(  131): SocketClient sendDatalocked done: 
D/SocketClient(  131): SocketClient sendDatalocked done: 
D/SocketClient(  131): SocketClient sendDatalocked done: 
D/SocketClient(  131): SocketClient sendDatalocked done: 
D/SocketClient(  131): SocketClient sendDatalocked done: 
I/PackageManager(  828): Apk copy done
I/PackageManager(  828): Apk copy done
I/PackageManager(  828): Apk copy done
I/PackageManager(  828): Apk copy done
D/ActivityThread(25674): SVC-Destroying service: com.google.android.vending.verifier.PackageVerificationService@425876b0
D/ActivityThread(25674): SVC-STOP_SERVICE handled : 0 / android.os.BinderProxy@423d37c8
I/PackageManager(  828): Apk copy done
V/ActivityManager(  828): Broadcast: Intent { act=android.intent.action.PACKAGE_VERIFIED dat=file:///data/local/tmp/glukalo-debug.apk typ=application/vnd.android.package-archive flg=0x11 (has extras) } ordered=false userid=-1 callerApp=ProcessRecord{42403c10 828:system/1000}
D/ActivityThread(25674): BDC-Calling onReceive: intent=Intent { act=android.intent.action.PACKAGE_VERIFIED dat=file:///data/local/tmp/glukalo-debug.apk typ=application/vnd.android.package-archive flg=0x11 cmp=com.android.vending/com.google.android.vending.verifier.PackageVerificationReceiver (has extras) }, ordered=true, receiver=com.google.android.vending.verifier.PackageVerificationReceiver@423aadb8
D/ConnectivityService(  828): getActiveNetworkInfo:NetworkInfo: type: WIFI[], state: CONNECTED/CONNECTED, reason: (unspecified), extra: "jjj", roaming: false, failover: false, isAvailable: true, isConnectedToProvisioningNetwork: false, simId: 0/10017
W/ActivityManager(  828): No content provider found for permission revoke: file:///data/local/tmp/glukalo-debug.apk
I/PackageManager(  828): Copying native libraries to /data/app-lib/vmdl638929099
D/ActivityThread(25674): BDC-RECEIVER handled : 0 / ReceiverData{intent=Intent { act=android.intent.action.PACKAGE_VERIFIED dat=file:///data/local/tmp/glukalo-debug.apk typ=application/vnd.android.package-archive flg=0x11 cmp=com.android.vending/com.google.android.vending.verifier.PackageVerificationReceiver (has extras) } packageName=com.android.vending resultCode=-1 resultData=null resultExtras=null}
D/ActivityThread(25674): SVC-Creating service: CreateServiceData{token=android.os.BinderProxy@424cfe10 className=com.google.android.vending.verifier.PackageVerificationService packageName=com.android.vending intent=null}
D/ActivityThread(25674): SVC-CREATE_SERVICE handled : 0 / CreateServiceData{token=android.os.BinderProxy@424cfe10 className=com.google.android.vending.verifier.PackageVerificationService packageName=com.android.vending intent=null}
D/ActivityThread(25674): SVC-SERVICE_ARGS handled : 0 / ServiceArgsData{token=android.os.BinderProxy@424cfe10 startId=1 args=Intent { cmp=com.android.vending/com.google.android.vending.verifier.PackageVerificationService (has extras) }}
D/ActivityThread(25674): SVC-Destroying service: com.google.android.vending.verifier.PackageVerificationService@42316408
D/ActivityThread(25674): SVC-STOP_SERVICE handled : 0 / android.os.BinderProxy@424cfe10
I/PackageParser(  828): com.kay27.Glukalo: compat added android.permission.WRITE_EXTERNAL_STORAGE android.permission.READ_PHONE_STATE
I/SELinuxMMAC(  828): package (com.kay27.Glukalo) labeled with seinfo=default
I/PackageManager(  828): Perform pre-dex opt for package: com.kay27.Glukalo
I/PackageManager(  828): Running dexopt on: com.kay27.Glukalo
I/PackageManager(  828): Dexopt done on: com.kay27.Glukalo
I/ActivityManager(  828): Force stopping com.kay27.Glukalo appid=10237 user=-1: update pkg
V/ActivityManager(  828): ensureActivitiesVisibleLocked: consider front
V/ActivityManager(  828): ensureActivitiesVisibleLocked: consider back
D/ActivityThread(19796): SVC-Destroying service: com.google.android.gms.security.snet.SafetyNetClientIntentService@4269cb70
D/ActivityThread(19796): SVC-STOP_SERVICE handled : 0 / android.os.BinderProxy@426cbb40
D/Installer(  828): movedex(/data/app/com.kay27.Glukalo-1.apk, /data/app/com.kay27.Glukalo-1.apk)
I/PackageManager(  828): Apk copy done
V/ActivityManager(  828): Broadcast: Intent { act=android.intent.action.PACKAGE_ADDED dat=package:com.kay27.Glukalo flg=0x4000010 (has extras) } ordered=false userid=0 callerApp=null
V/NetworkPolicy(  828): ACTION_PACKAGE_ADDED for uid=10237
D/ConnectivityService(  828): onUidRulesChanged(uid=10237, uidRules=0)
I/PackageManager(  828): Adding preferred activity ComponentInfo{com.android.mms/com.android.mms.ui.ComposeMessageActivity} for user 0 :
I/PackageManager(  828): Adding preferred activity ComponentInfo{com.android.mms/com.android.mms.ui.ComposeMessageActivity} for user 0 :
D/ActivityThread( 4551): BDC-Calling onReceive: intent=Intent { act=android.intent.action.PACKAGE_ADDED dat=package:com.kay27.Glukalo flg=0x4000010 cmp=com.android.providers.contacts/.PackageIntentReceiver (has extras) }, ordered=true, receiver=com.android.providers.contacts.PackageIntentReceiver@4249e2d0
I/PackageManager(  828): Adding preferred activity ComponentInfo{com.android.mms/com.android.mms.ui.ComposeMessageActivity} for user 0 :
D/ActivityThread( 4551): BDC-RECEIVER handled : 0 / ReceiverData{intent=Intent { act=android.intent.action.PACKAGE_ADDED dat=package:com.kay27.Glukalo flg=0x4000010 cmp=com.android.providers.contacts/.PackageIntentReceiver (has extras) } packageName=com.android.providers.contacts resultCode=0 resultData=null resultExtras=null}
I/PackageManager(  828): Adding preferred activity ComponentInfo{com.android.mms/com.android.mms.ui.ComposeMessageActivity} for user 0 :
I/ActivityManager(  828): Start proc com.google.android.partnersetup for broadcast com.google.android.partnersetup/.RlzPingBroadcastReceiver: pid=16164 uid=10011 gids={50011, 3003}
V/ActivityManager(  828): Broadcast: Intent { act=mom.action.PACKAGE_CHANGE flg=0x10 (has extras) } ordered=false userid=0 callerApp=ProcessRecord{42403c10 828:system/1000}
I/PackageManager(  828): Adding preferred activity ComponentInfo{com.android.mms/com.android.mms.ui.ComposeMessageActivity} for user 0 :
V/ActivityManager(  828): ensureActivitiesVisibleLocked: consider front
V/ActivityManager(  828): ensureActivitiesVisibleLocked: consider back
I/PackageManager(  828): Adding preferred activity ComponentInfo{com.android.mms/com.android.mms.ui.ComposeMessageActivity} for user 0 :
D/ActivityManager(  828): getContentProviderImpl: from callerandroid.app.ApplicationThreadProxy@4343b1e8 (pid=16164) to get content provider settings
D/ActivityManager(  828): getContentProviderImpl: updateLruProcessLocked cpr.proc=ProcessRecord{42403c10 828:system/1000}
D/ActivityThread(16164): hoder:android.app.IActivityManager$ContentProviderHolder@42157238,provider,holder.Provider:android.content.ContentProviderProxy@421579b8
V/SettingsProvider(  828): call(system:anr_debugging_mechanism) for 0
I/PackageManager(  828): Adding preferred activity ComponentInfo{com.android.mms/com.android.mms.ui.ComposeMessageActivity} for user 0 :
I/PackageManager(  828): Adding preferred activity ComponentInfo{com.android.mms/com.android.mms.ui.ComposeMessageActivity} for user 0 :
W/PackageManager(  828): Empty queue
D/ActivityThread(16164): installProvider: context.getPackageName()=com.google.android.partnersetup
D/ActivityThread(16164): installProvider: context.getPackageName()=com.google.android.partnersetup
D/ActivityThread(16164): BIND_APPLICATION handled : 0 / AppBindData{appInfo=ApplicationInfo{42153ca0 com.google.android.partnersetup}}
D/ActivityThread(16164): BDC-Calling onReceive: intent=Intent { act=android.intent.action.PACKAGE_ADDED dat=package:com.kay27.Glukalo flg=0x4000010 cmp=com.google.android.partnersetup/.RlzPingBroadcastReceiver (has extras) }, ordered=true, receiver=com.google.android.partnersetup.RlzPingBroadcastReceiver@42161858
D/ActivityThread(16164): BDC-RECEIVER handled : 0 / ReceiverData{intent=Intent { act=android.intent.action.PACKAGE_ADDED dat=package:com.kay27.Glukalo flg=0x4000010 cmp=com.google.android.partnersetup/.RlzPingBroadcastReceiver (has extras) } packageName=com.google.android.partnersetup resultCode=0 resultData=null resultExtras=null}
D/ActivityThread(16164): SVC-Creating service: CreateServiceData{token=android.os.BinderProxy@42162f00 className=com.google.android.partnersetup.RlzPingIntentService packageName=com.google.android.partnersetup intent=null}
D/ActivityThread(16164): SVC-CREATE_SERVICE handled : 0 / CreateServiceData{token=android.os.BinderProxy@42162f00 className=com.google.android.partnersetup.RlzPingIntentService packageName=com.google.android.partnersetup intent=null}
D/ActivityThread(16164): SVC-SERVICE_ARGS handled : 0 / ServiceArgsData{token=android.os.BinderProxy@42162f00 startId=1 args=Intent { act=android.intent.action.PACKAGE_ADDED dat=package:com.kay27.Glukalo flg=0x4000010 cmp=com.google.android.partnersetup/.RlzPingIntentService (has extras) }}
D/ActivityThread(16164): BDC-Calling onReceive: intent=Intent { act=android.intent.action.PACKAGE_ADDED dat=package:com.kay27.Glukalo flg=0x4000010 cmp=com.google.android.partnersetup/.AppInstalledReceiver (has extras) }, ordered=true, receiver=com.google.android.partnersetup.AppInstalledReceiver@42169590
D/ActivityThread(16164): BDC-RECEIVER handled : 0 / ReceiverData{intent=Intent { act=android.intent.action.PACKAGE_ADDED dat=package:com.kay27.Glukalo flg=0x4000010 cmp=com.google.android.partnersetup/.AppInstalledReceiver (has extras) } packageName=com.google.android.partnersetup resultCode=0 resultData=null resultExtras=null}
D/ActivityThread(16164): SVC-Destroying service: com.google.android.partnersetup.RlzPingIntentService@42164b98
D/ActivityThread(16164): SVC-STOP_SERVICE handled : 0 / android.os.BinderProxy@42162f00
D/ActivityThread(16164): SVC-Creating service: CreateServiceData{token=android.os.BinderProxy@4216a730 className=com.google.android.partnersetup.AppInstalledService packageName=com.google.android.partnersetup intent=null}
D/ActivityThread(29782): BDC-Calling onReceive: intent=Intent { act=android.intent.action.PACKAGE_ADDED dat=package:com.kay27.Glukalo flg=0x4000010 cmp=com.android.settings/com.mediatek.thememanager.ThemeReceiver (has extras) }, ordered=true, receiver=com.mediatek.thememanager.ThemeReceiver@4362f0c0
D/ActivityThread(29782): BDC-RECEIVER handled : 0 / ReceiverData{intent=Intent { act=android.intent.action.PACKAGE_ADDED dat=package:com.kay27.Glukalo flg=0x4000010 cmp=com.android.settings/com.mediatek.thememanager.ThemeReceiver (has extras) } packageName=com.android.settings resultCode=0 resultData=null resultExtras=null}
D/ActivityThread(16164): SVC-CREATE_SERVICE handled : 0 / CreateServiceData{token=android.os.BinderProxy@4216a730 className=com.google.android.partnersetup.AppInstalledService packageName=com.google.android.partnersetup intent=null}
D/ActivityThread(16164): SVC-SERVICE_ARGS handled : 0 / ServiceArgsData{token=android.os.BinderProxy@4216a730 startId=1 args=Intent { dat=package:com.kay27.Glukalo cmp=com.google.android.partnersetup/.AppInstalledService }}
D/ActivityThread( 1046): BDC-Calling onReceive: intent=Intent { act=android.intent.action.PACKAGE_ADDED dat=package:com.kay27.Glukalo flg=0x4000010 cmp=com.android.systemui/.floatpanel.FloatModel (has extras) }, ordered=true, receiver=com.android.systemui.floatpanel.FloatModel@43b908c0
D/ActivityThread( 1046): BDC-RECEIVER handled : 0 / ReceiverData{intent=Intent { act=android.intent.action.PACKAGE_ADDED dat=package:com.kay27.Glukalo flg=0x4000010 cmp=com.android.systemui/.floatpanel.FloatModel (has extras) } packageName=com.android.systemui resultCode=0 resultData=null resultExtras=null}
D/ActivityThread(15965): BDC-Calling onReceive: intent=Intent { act=android.intent.action.PACKAGE_ADDED dat=package:com.kay27.Glukalo flg=0x4000010 cmp=com.adups.fota.sysoper/com.msg.analytics.AnalyticsReceiver (has extras) }, ordered=true, receiver=com.msg.analytics.AnalyticsReceiver@42194628
I/NotificationService(  828): queryReplace=false
D/BackupManagerService(  828): Received broadcast Intent { act=android.intent.action.PACKAGE_ADDED dat=package:com.kay27.Glukalo flg=0x4000010 (has extras) }
D/ActivityThread(15965): BDC-RECEIVER handled : 0 / ReceiverData{intent=Intent { act=android.intent.action.PACKAGE_ADDED dat=package:com.kay27.Glukalo flg=0x4000010 cmp=com.adups.fota.sysoper/com.msg.analytics.AnalyticsReceiver (has extras) } packageName=com.adups.fota.sysoper resultCode=0 resultData=null resultExtras=null}
D/ActivityThread(16164): SVC-Destroying service: com.google.android.partnersetup.AppInstalledService@4216c7b8
D/ActivityThread(16164): SVC-STOP_SERVICE handled : 0 / android.os.BinderProxy@4216a730
D/ActivityThread(15965): BDC-Calling onReceive: intent=Intent { act=android.intent.action.PACKAGE_ADDED dat=package:com.kay27.Glukalo flg=0x4000010 cmp=com.adups.fota.sysoper/com.msg.provider.StatisticsReceiver (has extras) }, ordered=true, receiver=com.msg.provider.StatisticsReceiver@421979b8
D/ActivityThread(15965): BDC-RECEIVER handled : 0 / ReceiverData{intent=Intent { act=android.intent.action.PACKAGE_ADDED dat=package:com.kay27.Glukalo flg=0x4000010 cmp=com.adups.fota.sysoper/com.msg.provider.StatisticsReceiver (has extras) } packageName=com.adups.fota.sysoper resultCode=0 resultData=null resultExtras=null}
V/BackupManagerService(  828): addPackageParticipantsLocked: #1
I/PackageManager(  828): Apk copy done
I/PackageManager(  828): Apk copy done
D/ActivityThread( 9601): BDC-Calling onReceive: intent=Intent { act=android.intent.action.PACKAGE_ADDED dat=package:com.kay27.Glukalo flg=0x4000010 cmp=com.android.gallery3d/.app.PackagesMonitor (has extras) }, ordered=true, receiver=com.android.gallery3d.app.PackagesMonitor@4228a6a8
D/ActivityThread( 9601): BDC-RECEIVER handled : 0 / ReceiverData{intent=Intent { act=android.intent.action.PACKAGE_ADDED dat=package:com.kay27.Glukalo flg=0x4000010 cmp=com.android.gallery3d/.app.PackagesMonitor$AsyncService (has extras) } packageName=com.android.gallery3d resultCode=0 resultData=null resultExtras=null}
D/ActivityThread( 9601): SVC-Creating service: CreateServiceData{token=android.os.BinderProxy@4228b268 className=com.android.gallery3d.app.PackagesMonitor$AsyncService packageName=com.android.gallery3d intent=null}
D/ActivityThread( 9601): SVC-CREATE_SERVICE handled : 0 / CreateServiceData{token=android.os.BinderProxy@4228b268 className=com.android.gallery3d.app.PackagesMonitor$AsyncService packageName=com.android.gallery3d intent=null}
D/ActivityThread( 9601): SVC-SERVICE_ARGS handled : 0 / ServiceArgsData{token=android.os.BinderProxy@4228b268 startId=1 args=Intent { act=android.intent.action.PACKAGE_ADDED dat=package:com.kay27.Glukalo flg=0x4000010 cmp=com.android.gallery3d/.app.PackagesMonitor$AsyncService (has extras) }}
I/PackageManager(  828): Apk copy done
D/ActivityThread( 9601): SVC-Destroying service: com.android.gallery3d.app.PackagesMonitor$AsyncService@4228cc10
D/ActivityThread( 9601): SVC-STOP_SERVICE handled : 0 / android.os.BinderProxy@4228b268
I/PackageManager(  828): Apk copy done
D/ActivityThread(25674): BDC-Calling onReceive: intent=Intent { act=android.intent.action.PACKAGE_ADDED dat=package:com.kay27.Glukalo flg=0x4000010 cmp=com.android.vending/com.google.android.finsky.receivers.PackageMonitorReceiver$RegisteredReceiver (has extras) }, ordered=true, receiver=com.google.android.finsky.receivers.PackageMonitorReceiver$RegisteredReceiver@422155a8
V/AppWidgetServiceImpl(  828): getInstalledProviders hostName = pk.com.android.launcherÀ€À€À€À€À€À€À€À€À€À€À€À€À€À€À€À€À€À€À€À€À€À€À€À€À€À€À€À€À€À€À€À€À€À€À€À€À€À€À€À€À€À€À€À€À€À€À€À€À€À€À€À€À€
V/AppWidgetServiceImpl(  828): permission of the launcher: -1 enableFiltering = true
V/AppWidgetServiceImpl(  828): widget package name: com.android.mms Permission: -1
V/AppWidgetServiceImpl(  828): p.zombie = false
V/AppWidgetServiceImpl(  828): widget package name: com.android.settings Permission: -1
V/AppWidgetServiceImpl(  828): p.zombie = false
V/AppWidgetServiceImpl(  828): widget package name: com.android.browser Permission: -1
V/AppWidgetServiceImpl(  828): p.zombie = false
V/AppWidgetServiceImpl(  828): widget package name: com.android.calendar Permission: -1
V/AppWidgetServiceImpl(  828): p.zombie = false
V/AppWidgetServiceImpl(  828): widget package name: com.android.deskclock Permission: -1
V/AppWidgetServiceImpl(  828): p.zombie = false
V/AppWidgetServiceImpl(  828): widget package name: com.android.deskclock Permission: -1
V/AppWidgetServiceImpl(  828): p.zombie = false
V/AppWidgetServiceImpl(  828): widget package name: com.android.email Permission: -1
V/AppWidgetServiceImpl(  828): p.zombie = false
V/AppWidgetServiceImpl(  828): widget package name: com.android.gallery3d Permission: -1
V/AppWidgetServiceImpl(  828): p.zombie = false
V/AppWidgetServiceImpl(  828): widget package name: com.mediatek.appwidget.weather Permission: -1
V/AppWidgetServiceImpl(  828): p.zombie = false
V/AppWidgetServiceImpl(  828): widget package name: com.android.music Permission: -1
V/AppWidgetServiceImpl(  828): p.zombie = false
V/AppWidgetServiceImpl(  828): widget package name: com.android.protips Permission: -1
V/AppWidgetServiceImpl(  828): p.zombie = false
V/AppWidgetServiceImpl(  828): widget package name: com.signaltech.clock Permission: -1
V/AppWidgetServiceImpl(  828): p.zombie = false
V/AppWidgetServiceImpl(  828): widget package name: com.android.chrome Permission: -1
V/AppWidgetServiceImpl(  828): p.zombie = false
V/AppWidgetServiceImpl(  828): widget package name: com.android.vending Permission: -1
V/AppWidgetServiceImpl(  828): p.zombie = false
V/AppWidgetServiceImpl(  828): widget package name: com.android.vending Permission: -1
V/AppWidgetServiceImpl(  828): p.zombie = false
V/AppWidgetServiceImpl(  828): widget package name: com.android.vending Permission: -1
V/AppWidgetServiceImpl(  828): p.zombie = false
V/AppWidgetServiceImpl(  828): widget package name: com.google.android.apps.books Permission: -1
V/AppWidgetServiceImpl(  828): p.zombie = false
V/AppWidgetServiceImpl(  828): widget package name: com.google.android.apps.docs Permission: -1
V/AppWidgetServiceImpl(  828): p.zombie = false
V/AppWidgetServiceImpl(  828): widget package name: com.google.android.apps.magazines Permission: -1
V/AppWidgetServiceImpl(  828): p.zombie = false
V/AppWidgetServiceImpl(  828): widget package name: com.google.android.gm Permission: -1
V/AppWidgetServiceImpl(  828): p.zombie = false
V/AppWidgetServiceImpl(  828): widget package name: com.google.android.googlequicksearchbox Permission: -1
V/AppWidgetServiceImpl(  828): p.zombie = false
V/AppWidgetServiceImpl(  828): widget package name: com.google.android.googlequicksearchbox Permission: -1
V/AppWidgetServiceImpl(  828): p.zombie = false
V/AppWidgetServiceImpl(  828): widget package name: com.google.android.googlequicksearchbox Permission: -1
V/AppWidgetServiceImpl(  828): p.zombie = false
V/AppWidgetServiceImpl(  828): widget package name: aave.magneticstorm Permission: -1
V/AppWidgetServiceImpl(  828): p.zombie = false
V/AppWidgetServiceImpl(  828): widget package name: app.zxtune Permission: -1
V/AppWidgetServiceImpl(  828): p.zombie = false
V/AppWidgetServiceImpl(  828): widget package name: com.adobe.air Permission: -1
V/AppWidgetServiceImpl(  828): p.zombie = false
V/AppWidgetServiceImpl(  828): widget package name: com.adobe.air Permission: -1
V/AppWidgetServiceImpl(  828): p.zombie = false
V/AppWidgetServiceImpl(  828): widget package name: com.alibaba.aliexpresshd Permission: -1
V/AppWidgetServiceImpl(  828): p.zombie = false
V/AppWidgetServiceImpl(  828): widget package name: com.folderplayer Permission: -1
V/AppWidgetServiceImpl(  828): p.zombie = false
V/AppWidgetServiceImpl(  828): widget package name: com.hiqrecorder.free Permission: -1
V/AppWidgetServiceImpl(  828): p.zombie = false
V/AppWidgetServiceImpl(  828): widget package name: com.hiqrecorder.free Permission: -1
V/AppWidgetServiceImpl(  828): p.zombie = false
V/AppWidgetServiceImpl(  828): widget package name: com.lingualeo.android Permission: -1
V/AppWidgetServiceImpl(  828): p.zombie = false
V/AppWidgetServiceImpl(  828): widget package name: com.loudtalks Permission: -1
V/AppWidgetServiceImpl(  828): p.zombie = false
V/AppWidgetServiceImpl(  828): widget package name: com.omichsoft.taskmanager Permission: -1
V/AppWidgetServiceImpl(  828): p.zombie = false
V/AppWidgetServiceImpl(  828): widget package name: com.omichsoft.taskmanager Permission: -1
V/AppWidgetServiceImpl(  828): p.zombie = false
V/AppWidgetServiceImpl(  828): widget package name: com.socialnmobile.dictapps.notepad.color.note Permission: -1
V/AppWidgetServiceImpl(  828): p.zombie = false
V/AppWidgetServiceImpl(  828): widget package name: com.socialnmobile.dictapps.notepad.color.note Permission: -1
V/AppWidgetServiceImpl(  828): p.zombie = false
V/AppWidgetServiceImpl(  828): widget package name: com.socialnmobile.dictapps.notepad.color.note Permission: -1
V/AppWidgetServiceImpl(  828): p.zombie = false
V/AppWidgetServiceImpl(  828): widget package name: com.sonyericsson.trackid Permission: -1
V/AppWidgetServiceImpl(  828): p.zombie = false
V/AppWidgetServiceImpl(  828): widget package name: com.sonyericsson.trackid Permission: -1
V/AppWidgetServiceImpl(  828): p.zombie = false
V/AppWidgetServiceImpl(  828): widget package name: com.undertap.watchlivetv Permission: -1
V/AppWidgetServiceImpl(  828): p.zombie = false
V/AppWidgetServiceImpl(  828): widget package name: com.vkontakte.android Permission: -1
V/AppWidgetServiceImpl(  828): p.zombie = false
V/AppWidgetServiceImpl(  828): widget package name: com.vkontakte.android Permission: -1
V/AppWidgetServiceImpl(  828): p.zombie = false
V/AppWidgetServiceImpl(  828): widget package name: com.whatsapp Permission: -1
V/AppWidgetServiceImpl(  828): p.zombie = false
V/AppWidgetServiceImpl(  828): widget package name: org.videolan.vlc Permission: -1
V/AppWidgetServiceImpl(  828): p.zombie = false
V/AppWidgetServiceImpl(  828): widget package name: org.videolan.vlc Permission: -1
V/AppWidgetServiceImpl(  828): p.zombie = false
V/AppWidgetServiceImpl(  828): widget package name: ru.mail.mailapp Permission: -1
V/AppWidgetServiceImpl(  828): p.zombie = false
V/AppWidgetServiceImpl(  828): widget package name: tunein.player Permission: -1
V/AppWidgetServiceImpl(  828): p.zombie = false
V/AppWidgetServiceImpl(  828): widget package name: tunein.player Permission: -1
V/AppWidgetServiceImpl(  828): p.zombie = false
V/AppWidgetServiceImpl(  828): widget package name: tunein.player Permission: -1
V/AppWidgetServiceImpl(  828): p.zombie = false
V/AppWidgetServiceImpl(  828): widget package name: com.stackexchange.marvin Permission: -1
V/AppWidgetServiceImpl(  828): p.zombie = false
V/AppWidgetServiceImpl(  828): widget package name: com.stackexchange.marvin Permission: -1
V/AppWidgetServiceImpl(  828): p.zombie = false
I/PackageManager(  828): Apk copy done
D/ActivityThread(25674): BDC-RECEIVER handled : 0 / ReceiverData{intent=Intent { act=android.intent.action.PACKAGE_ADDED dat=package:com.kay27.Glukalo flg=0x4000010 cmp=com.android.vending/com.google.android.finsky.receivers.PackageMonitorReceiver$RegisteredReceiver (has extras) } packageName=com.android.vending resultCode=0 resultData=null resultExtras=null}
D/ActivityThread(25674): SVC-Creating service: CreateServiceData{token=android.os.BinderProxy@42213da8 className=com.google.android.finsky.utils.ExternalReferrer$ExternalReferrerService packageName=com.android.vending intent=null}
D/ActivityThread(25674): SVC-CREATE_SERVICE handled : 0 / CreateServiceData{token=android.os.BinderProxy@42213da8 className=com.google.android.finsky.utils.ExternalReferrer$ExternalReferrerService packageName=com.android.vending intent=null}
D/ActivityThread(25674): SVC-SERVICE_ARGS handled : 0 / ServiceArgsData{token=android.os.BinderProxy@42213da8 startId=1 args=Intent { dat=externalreferrerservice://sendreferrer/com.kay27.Glukalo cmp=com.android.vending/com.google.android.finsky.utils.ExternalReferrer$ExternalReferrerService (has extras) }}
D/ActivityThread(25674): SVC-Destroying service: com.google.android.finsky.utils.ExternalReferrer$ExternalReferrerService@42221a08
D/ActivityThread(25674): SVC-STOP_SERVICE handled : 0 / android.os.BinderProxy@42213da8
I/PackageManager(  828): Apk copy done
I/PackageManager(  828): Apk copy done
V/ActivityManager(  828): Broadcast sticky: Intent { act=android.intent.action.SIG_STR flg=0x10 (has extras) } ordered=false userid=-1 callerApp=ProcessRecord{42403c10 828:system/1000}
D/ActivityThread( 9632): BDC-Calling onReceive: intent=Intent { act=android.intent.action.PACKAGE_ADDED dat=package:com.kay27.Glukalo flg=0x4000010 cmp=com.google.android.apps.docs/.receivers.AppPackageAddRemoveReceiver (has extras) }, ordered=true, receiver=com.google.android.apps.docs.receivers.AppPackageAddRemoveReceiver@424ab618
I/PackageManager(  828): Apk copy done
I/PackageManager(  828): Apk copy done
D/ActivityThread( 9632): BDC-RECEIVER handled : 0 / ReceiverData{intent=Intent { act=android.intent.action.PACKAGE_ADDED dat=package:com.kay27.Glukalo flg=0x4000010 cmp=com.google.android.apps.docs/.receivers.AppPackageAddRemoveReceiver (has extras) } packageName=com.google.android.apps.docs resultCode=0 resultData=null resultExtras=null}
I/ActivityManager(  828): Killing 9955:com.oasisfeng.greenify/u0a110 (adj 15): empty #17
D/ActivityThread(19912): BDC-Calling onReceive: intent=Intent { act=android.intent.action.PACKAGE_ADDED dat=package:com.kay27.Glukalo flg=0x4000010 cmp=com.google.android.gms/.app.receiver.SystemBroadcastReceiver (has extras) }, ordered=true, receiver=com.google.android.gms.app.receiver.SystemBroadcastReceiver@4254ea50
D/ActivityThread(19796): SVC-Creating service: CreateServiceData{token=android.os.BinderProxy@42603af0 className=com.google.android.gms.app.service.PackageBroadcastService packageName=com.google.android.gms intent=null}
D/ActivityThread(19912): BDC-RECEIVER handled : 0 / ReceiverData{intent=Intent { act=android.intent.action.PACKAGE_ADDED dat=package:com.kay27.Glukalo flg=0x4000010 cmp=com.google.android.gms/.app.receiver.SystemBroadcastReceiver (has extras) } packageName=com.google.android.gms resultCode=0 resultData=null resultExtras=null}
D/DisplayManagerService(  828): Display listener for pid 9955 died.
I/PackageManager(  828): Apk copy done
I/PackageManager(  828): Apk copy done
D/ActivityThread(19796): SVC-CREATE_SERVICE handled : 0 / CreateServiceData{token=android.os.BinderProxy@42603af0 className=com.google.android.gms.app.service.PackageBroadcastService packageName=com.google.android.gms intent=null}
D/ActivityThread(19796): SVC-SERVICE_ARGS handled : 0 / ServiceArgsData{token=android.os.BinderProxy@42603af0 startId=1 args=Intent { cmp=com.google.android.gms/.app.service.PackageBroadcastService (has extras) }}
I/PackageManager(  828): Apk copy done
D/ActivityThread(19796): BDC-Calling onReceive: intent=Intent { act=android.intent.action.PACKAGE_ADDED dat=package:com.kay27.Glukalo flg=0x4000010 cmp=com.google.android.gms/.games.chimera.GamesSystemBroadcastReceiverProxy (has extras) }, ordered=true, receiver=com.google.android.gms.games.chimera.GamesSystemBroadcastReceiverProxy@4271a518
D/ActivityThread(19912): SVC-Creating service: CreateServiceData{token=android.os.BinderProxy@424071d0 className=com.google.android.gms.wearable.service.WearableControlService packageName=com.google.android.gms intent=null}
D/ActivityThread(19796): BDC-RECEIVER handled : 0 / ReceiverData{intent=Intent { act=android.intent.action.PACKAGE_ADDED dat=package:com.kay27.Glukalo flg=0x4000010 cmp=com.google.android.gms/.games.chimera.GamesSystemBroadcastReceiverProxy (has extras) } packageName=com.google.android.gms resultCode=0 resultData=null resultExtras=null}
D/ActivityThread(19796): SVC-Creating service: CreateServiceData{token=android.os.BinderProxy@4271cf20 className=com.google.android.gms.games.chimera.GamesAsyncServiceProxy packageName=com.google.android.gms intent=null}
D/ActivityThread(19796): SVC-CREATE_SERVICE handled : 0 / CreateServiceData{token=android.os.BinderProxy@4271cf20 className=com.google.android.gms.games.chimera.GamesAsyncServiceProxy packageName=com.google.android.gms intent=null}
D/ActivityThread(19796): SVC-SERVICE_ARGS handled : 0 / ServiceArgsData{token=android.os.BinderProxy@4271cf20 startId=1 args=Intent { act=com.google.android.gms.games.service.ASYNC pkg=com.google.android.gms }}
D/ActivityThread(19796): BDC-Calling onReceive: intent=Intent { act=android.intent.action.PACKAGE_ADDED dat=package:com.kay27.Glukalo flg=0x4000010 cmp=com.google.android.gms/.gass.chimera.PackageChangeBroadcastReceiver (has extras) }, ordered=true, receiver=com.google.android.gms.gass.chimera.PackageChangeBroadcastReceiver@42749118
D/ActivityThread(19796): BDC-RECEIVER handled : 0 / ReceiverData{intent=Intent { act=android.intent.action.PACKAGE_ADDED dat=package:com.kay27.Glukalo flg=0x4000010 cmp=com.google.android.gms/.gass.chimera.PackageChangeBroadcastReceiver (has extras) } packageName=com.google.android.gms resultCode=0 resultData=null resultExtras=null}
D/ActivityThread(19796): SVC-Creating service: CreateServiceData{token=android.os.BinderProxy@4274af68 className=com.google.android.gms.gass.chimera.AsyncTaskService packageName=com.google.android.gms intent=null}
D/ActivityThread(19796): SVC-CREATE_SERVICE handled : 0 / CreateServiceData{token=android.os.BinderProxy@4274af68 className=com.google.android.gms.gass.chimera.AsyncTaskService packageName=com.google.android.gms intent=null}
D/ActivityThread(19912): SVC-CREATE_SERVICE handled : 0 / CreateServiceData{token=android.os.BinderProxy@424071d0 className=com.google.android.gms.wearable.service.WearableControlService packageName=com.google.android.gms intent=null}
D/ActivityThread(19912): SVC-SERVICE_ARGS handled : 0 / ServiceArgsData{token=android.os.BinderProxy@424071d0 startId=1 args=Intent { act=com.google.android.gms.wearable.ACTION_WEARABLE_APP_PACKAGE_ADDED dat=package:com.kay27.Glukalo cmp=com.google.android.gms/.wearable.service.WearableControlService }}
D/ActivityThread(19796): SVC-SERVICE_ARGS handled : 0 / ServiceArgsData{token=android.os.BinderProxy@4274af68 startId=1 args=Intent { act=com.google.android.gms.gass.ACTION_EXECUTE_TASK pkg=com.google.android.gms }}
D/ActivityThread(19796): BDC-Calling onReceive: intent=Intent { act=android.intent.action.PACKAGE_ADDED dat=package:com.kay27.Glukalo flg=0x4000010 cmp=com.google.android.gms/.vision.DependencyBroadcastReceiverProxy (has extras) }, ordered=true, receiver=com.google.android.gms.vision.DependencyBroadcastReceiverProxy@42715270
D/ActivityThread(19912): SVC-Destroying service: com.google.android.gms.wearable.service.WearableControlService@42314e20
D/ActivityThread(19912): SVC-STOP_SERVICE handled : 0 / android.os.BinderProxy@424071d0
V/ActivityManager(  828): Broadcast: Intent { act=android.search.action.SEARCHABLES_CHANGED flg=0x24000010 } ordered=false userid=0 callerApp=ProcessRecord{42403c10 828:system/1000}
D/ActivityThread(19796): BDC-RECEIVER handled : 0 / ReceiverData{intent=Intent { act=android.intent.action.PACKAGE_ADDED dat=package:com.kay27.Glukalo flg=0x4000010 cmp=com.google.android.gms/.vision.DependencyBroadcastReceiverProxy (has extras) } packageName=com.google.android.gms resultCode=0 resultData=null resultExtras=null}
D/ActivityThread(19796): SVC-Creating service: CreateServiceData{token=android.os.BinderProxy@427224c0 className=com.google.android.gms.people.service.bg.PeopleBackgroundTasks packageName=com.google.android.gms intent=null}
D/ActivityThread(19796): SVC-CREATE_SERVICE handled : 0 / CreateServiceData{token=android.os.BinderProxy@427224c0 className=com.google.android.gms.people.service.bg.PeopleBackgroundTasks packageName=com.google.android.gms intent=null}
D/ActivityThread(19796): SVC-SERVICE_ARGS handled : 0 / ServiceArgsData{token=android.os.BinderProxy@427224c0 startId=1 args=Intent { cmp=com.google.android.gms/.people.service.bg.PeopleBackgroundTasks }}
D/ActivityThread(19796): BDC-Calling onReceive: intent=Intent { act=android.intent.action.PACKAGE_ADDED dat=package:com.kay27.Glukalo flg=0x4000010 cmp=com.google.android.gms/.appinvite.notification.AppInviteInstallReceiver (has extras) }, ordered=true, receiver=com.google.android.gms.appinvite.notification.AppInviteInstallReceiver@425dee88
D/ActivityThread(19796): BDC-RECEIVER handled : 0 / ReceiverData{intent=Intent { act=android.intent.action.PACKAGE_ADDED dat=package:com.kay27.Glukalo flg=0x4000010 cmp=com.google.android.gms/.appinvite.notification.AppInviteInstallReceiver (has extras) } packageName=com.google.android.gms resultCode=0 resultData=null resultExtras=null}
I/ActivityManager(  828): Delay finish: com.google.android.gms/.appinvite.notification.AppInviteInstallReceiver
D/ActivityThread(19796): SVC-Creating service: CreateServiceData{token=android.os.BinderProxy@426ca5a8 className=com.google.android.gms.icing.service.IndexWorkerService packageName=com.google.android.gms intent=null}
D/ActivityThread(19796): SVC-CREATE_SERVICE handled : 0 / CreateServiceData{token=android.os.BinderProxy@426ca5a8 className=com.google.android.gms.icing.service.IndexWorkerService packageName=com.google.android.gms intent=null}
D/PowerManagerService(  828): acquireWakeLockInternal: lock=1119039832, flags=0x1, tag="Icing", ws=WorkSource{10008 com.google.android.gms}, uid=10008, pid=19796
D/PowerManagerNotifier(  828): onWakeLockAcquired: flags=1, tag="Icing", packageName=com.google.android.gms, ownerUid=10008, ownerPid=19796, workSource=WorkSource{10008 com.google.android.gms}
D/PowerManagerService(  828): updateWakeLockSummaryLocked: mWakefulness=Awake, mWakeLockSummary=0x1
D/PowerManagerService(  828): newScreenState = 2
D/PowerManagerDisplayController(  828): requestPowerState: screenState=2, useProximitySensor=false, forceProximitySensorEnable=false, forceWakeUpEnable=false, screenBrightness=102, screenAutoBrightnessAdjustment=0.0, useAutoBrightness=true, useEcoBrightness=false, blockScreenOn=false, waitForNegativeProximity=false
I/PowerManagerService(  828): setBrightness 2 mButtonLight 0.
D/PowerManagerService(  828): updateScreenStateLocked: mDisplayReady=true, newScreenState=2, mWakefulness=1, mWakeLockSummary=0x1, mUserActivitySummary=0x1, mBootCompleted=true
D/PowerManagerService(  828): Acquiring suspend blocker "PowerManagerService.WakeLocks".
D/PowerManagerService(  828): handleSandman: canDream=false, mWakefulness=Awake
I/ActivityManager(  828): Resuming delayed broadcast
D/ActivityThread(19796): SVC-SERVICE_ARGS handled : 0 / ServiceArgsData{token=android.os.BinderProxy@426ca5a8 startId=1 args=Intent { act=android.intent.action.PACKAGE_ADDED dat=package:com.kay27.Glukalo flg=0x4000010 cmp=com.google.android.gms/.icing.service.IndexWorkerService (has extras) }}
D/ActivityThread(19796): SVC-Creating service: CreateServiceData{token=android.os.BinderProxy@4269bca0 className=com.google.android.gms.icing.proxy.AppsMonitorIntentService packageName=com.google.android.gms intent=null}
D/ActivityThread(19820): BDC-Calling onReceive: intent=Intent { act=android.intent.action.PACKAGE_ADDED dat=package:com.kay27.Glukalo flg=0x4000010 cmp=com.google.android.gms/.gcm.GcmPackageTracker$GcmPackageChangeReceiver (has extras) }, ordered=true, receiver=com.google.android.gms.gcm.GcmPackageTracker$GcmPackageChangeReceiver@4219a038
D/ActivityThread(19820): BDC-RECEIVER handled : 0 / ReceiverData{intent=Intent { act=android.intent.action.PACKAGE_ADDED dat=package:com.kay27.Glukalo flg=0x4000010 cmp=com.google.android.gms/.gcm.GcmPackageTracker$GcmPackageChangeReceiver (has extras) } packageName=com.google.android.gms resultCode=0 resultData=null resultExtras=null}
V/ActivityManager(  828): Broadcast: Intent { act=com.google.android.gms.icing.IME_NOTIFICATION flg=0x10 pkg=com.google.android.apps.inputmethod.cantonese (has extras) } ordered=false userid=0 callerApp=ProcessRecord{42d9eee0 19796:com.google.android.gms/u0a8}
V/ActivityManager(  828): Broadcast: Intent { act=com.google.android.gms.icing.IME_NOTIFICATION flg=0x10 pkg=com.google.android.apps.inputmethod.hindi (has extras) } ordered=false userid=0 callerApp=ProcessRecord{42d9eee0 19796:com.google.android.gms/u0a8}
V/ActivityManager(  828): Broadcast: Intent { act=com.google.android.gms.icing.IME_NOTIFICATION flg=0x10 pkg=com.google.android.apps.inputmethod.zhuyin (has extras) } ordered=false userid=0 callerApp=ProcessRecord{42d9eee0 19796:com.google.android.gms/u0a8}
V/ActivityManager(  828): Broadcast: Intent { act=com.google.android.gms.icing.IME_NOTIFICATION flg=0x10 pkg=com.android.inputmethod.latin (has extras) } ordered=false userid=0 callerApp=ProcessRecord{42d9eee0 19796:com.google.android.gms/u0a8}
D/ActivityThread( 9672): BDC-Calling onReceive: intent=Intent { act=android.intent.action.PACKAGE_ADDED dat=package:com.kay27.Glukalo flg=0x4000010 cmp=com.google.android.googlequicksearchbox/com.google.android.apps.gsa.search.core.icingsync.IcingCorporaChangedReceiver (has extras) }, ordered=true, receiver=com.google.android.apps.gsa.search.core.icingsync.IcingCorporaChangedReceiver@424c47e0
V/ActivityManager(  828): Broadcast: Intent { act=com.google.android.gms.icing.IME_NOTIFICATION flg=0x10 pkg=com.google.android.inputmethod.korean (has extras) } ordered=false userid=0 callerApp=ProcessRecord{42d9eee0 19796:com.google.android.gms/u0a8}
V/ActivityManager(  828): Broadcast: Intent { act=com.google.android.gms.icing.IME_NOTIFICATION flg=0x10 pkg=com.google.android.inputmethod.pinyin (has extras) } ordered=false userid=0 callerApp=ProcessRecord{42d9eee0 19796:com.google.android.gms/u0a8}
V/ActivityManager(  828): Broadcast: Intent { act=com.google.android.gms.icing.IME_NOTIFICATION flg=0x10 pkg=com.google.android.inputmethod.japanese (has extras) } ordered=false userid=0 callerApp=ProcessRecord{42d9eee0 19796:com.google.android.gms/u0a8}
D/ActivityThread(19796): SVC-CREATE_SERVICE handled : 0 / CreateServiceData{token=android.os.BinderProxy@4269bca0 className=com.google.android.gms.icing.proxy.AppsMonitorIntentService packageName=com.google.android.gms intent=null}
D/ActivityThread(19796): SVC-SERVICE_ARGS handled : 0 / ServiceArgsData{token=android.os.BinderProxy@4269bca0 startId=1 args=Intent { act=android.intent.action.PACKAGE_ADDED dat=package:com.kay27.Glukalo flg=0x4000010 cmp=com.google.android.gms/.icing.proxy.AppsMonitorIntentService (has extras) }}
D/ActivityThread(19796): SVC-Creating service: CreateServiceData{token=android.os.BinderProxy@42691f70 className=com.google.android.gms.icing.proxy.UpdateIcingCorporaService packageName=com.google.android.gms intent=null}
D/ActivityThread( 9672): BDC-RECEIVER handled : 0 / ReceiverData{intent=Intent { act=android.intent.action.PACKAGE_ADDED dat=package:com.kay27.Glukalo flg=0x4000010 cmp=com.google.android.googlequicksearchbox/com.google.android.apps.gsa.search.core.icingsync.IcingCorporaChangedReceiver (has extras) } packageName=com.google.android.googlequicksearchbox resultCode=0 resultData=null resultExtras=null}
D/ActivityThread( 9672): SVC-Creating service: CreateServiceData{token=android.os.BinderProxy@424c4ae0 className=com.google.android.apps.gsa.search.core.icingsync.UpdateIcingCorporaService packageName=com.google.android.googlequicksearchbox intent=null}
V/ActivityManager(  828): Broadcast: Intent { act=com.google.android.gms.icing.IME_NOTIFICATION flg=0x10 pkg=com.google.android.inputmethod.latin.dogfood (has extras) } ordered=false userid=0 callerApp=ProcessRecord{42d9eee0 19796:com.google.android.gms/u0a8}
V/ActivityManager(  828): Broadcast: Intent { act=com.google.android.gms.icing.IME_NOTIFICATION flg=0x10 pkg=com.google.android.inputmethod.latin (has extras) } ordered=false userid=0 callerApp=ProcessRecord{42d9eee0 19796:com.google.android.gms/u0a8}
D/ActivityThread( 9672): SVC-CREATE_SERVICE handled : 0 / CreateServiceData{token=android.os.BinderProxy@424c4ae0 className=com.google.android.apps.gsa.search.core.icingsync.UpdateIcingCorporaService packageName=com.google.android.googlequicksearchbox intent=null}
D/ActivityThread(19796): SVC-CREATE_SERVICE handled : 0 / CreateServiceData{token=android.os.BinderProxy@42691f70 className=com.google.android.gms.icing.proxy.UpdateIcingCorporaService packageName=com.google.android.gms intent=null}
D/ActivityThread( 9672): SVC-SERVICE_ARGS handled : 0 / ServiceArgsData{token=android.os.BinderProxy@424c4ae0 startId=1 args=Intent { act=ACTION_INCREMENTAL_APP_LOGGING cmp=com.google.android.googlequicksearchbox/com.google.android.apps.gsa.search.core.icingsync.UpdateIcingCorporaService (has extras) }}
D/ActivityThread(19796): SVC-SERVICE_ARGS handled : 0 / ServiceArgsData{token=android.os.BinderProxy@42691f70 startId=1 args=Intent { act=ACTION_UPDATE cmp=com.google.android.gms/.icing.proxy.UpdateIcingCorporaService (has extras) }}
D/ActivityThread( 9672): SVC-SERVICE_ARGS handled : 0 / ServiceArgsData{token=android.os.BinderProxy@424c4ae0 startId=2 args=Intent { act=ACTION_UPDATE cmp=com.google.android.googlequicksearchbox/com.google.android.apps.gsa.search.core.icingsync.UpdateIcingCorporaService (has extras) }}
D/ActivityThread(19796): SVC-Destroying service: com.google.android.gms.app.service.PackageBroadcastService@42604578
D/ActivityThread(19796): SVC-STOP_SERVICE handled : 0 / android.os.BinderProxy@42603af0
D/ActivityThread(19796): SVC-Creating service: CreateServiceData{token=android.os.BinderProxy@425756b0 className=com.google.android.gms.common.internal.SharedPreferencesService packageName=com.google.android.gms intent=null}
D/ActivityThread(19796): SVC-CREATE_SERVICE handled : 0 / CreateServiceData{token=android.os.BinderProxy@425756b0 className=com.google.android.gms.common.internal.SharedPreferencesService packageName=com.google.android.gms intent=null}
V/ActivityManager(  828): Broadcast: Intent { act=com.google.android.gms.icing.IME_NOTIFICATION flg=0x10 pkg=com.google.android.apps.inputmethod.cantonese (has extras) } ordered=false userid=0 callerApp=ProcessRecord{42d9eee0 19796:com.google.android.gms/u0a8}
D/ActivityThread(19796): SVC-BIND_SERVICE handled : 0 / BindServiceData{token=android.os.BinderProxy@425756b0 intent=Intent { pkg=com.google.android.gms cmp=com.google.android.gms/.common.internal.SharedPreferencesService }}
V/ActivityManager(  828): Broadcast: Intent { act=com.google.android.gms.icing.IME_NOTIFICATION flg=0x10 pkg=com.google.android.apps.inputmethod.hindi (has extras) } ordered=false userid=0 callerApp=ProcessRecord{42d9eee0 19796:com.google.android.gms/u0a8}
D/ActivityThread(19796): SVC-SERVICE_ARGS handled : 0 / ServiceArgsData{token=android.os.BinderProxy@426ca5a8 startId=2 args=Intent { act=com.google.android.gms.icing.START_STICKY cmp=com.google.android.gms/.icing.service.IndexWorkerService }}
D/ActivityThread(19796): SVC-Destroying service: com.google.android.gms.people.service.bg.PeopleBackgroundTasks@426f72d8
D/ActivityThread(19796): SVC-STOP_SERVICE handled : 0 / android.os.BinderProxy@427224c0
D/ActivityThread(19796): SVC-Destroying service: com.google.android.gms.icing.proxy.AppsMonitorIntentService@4254edc0
D/ActivityThread(19796): SVC-STOP_SERVICE handled : 0 / android.os.BinderProxy@4269bca0
D/ActivityThread(19796): SVC-Destroying service: com.google.android.gms.icing.proxy.UpdateIcingCorporaService@424caed0
D/ActivityThread(19796): SVC-STOP_SERVICE handled : 0 / android.os.BinderProxy@42691f70
V/ActivityManager(  828): Broadcast: Intent { act=com.google.android.gms.icing.IME_NOTIFICATION flg=0x10 pkg=com.google.android.apps.inputmethod.zhuyin (has extras) } ordered=false userid=0 callerApp=ProcessRecord{42d9eee0 19796:com.google.android.gms/u0a8}
D/ActivityThread( 9672): BDC-Calling onReceive: intent=Intent { act=android.intent.action.PACKAGE_ADDED dat=package:com.kay27.Glukalo flg=0x4000010 cmp=com.google.android.googlequicksearchbox/com.google.android.apps.gsa.googlequicksearchbox.GelStubAppWatcher (has extras) }, ordered=true, receiver=com.google.android.apps.gsa.googlequicksearchbox.GelStubAppWatcher@422c7f18
D/ActivityThread(19796): SVC-UNBIND_SERVICE handled : 0 / BindServiceData{token=android.os.BinderProxy@425756b0 intent=Intent { pkg=com.google.android.gms cmp=com.google.android.gms/.common.internal.SharedPreferencesService }}
D/ActivityThread(19796): SVC-Destroying service: com.google.android.gms.common.internal.SharedPreferencesService@4259e1a8
D/ActivityThread(19796): SVC-STOP_SERVICE handled : 0 / android.os.BinderProxy@425756b0
