E/AndroidRuntime(16344): java.lang.UnsatisfiedLinkError: Native method not found: com.kay27.Glukalo.MyRenderer.nativeInit:()V
E/AndroidRuntime(16344): 	at com.kay27.Glukalo.MyRenderer.nativeInit(Native Method)
E/AndroidRuntime(16344): 	at com.kay27.Glukalo.MyRenderer.onSurfaceCreated(MainActivity.java:116)
E/AndroidRuntime(16344): 	at android.opengl.GLSurfaceView$GLThread.guardedRun(GLSurfaceView.java:1525)
E/AndroidRuntime(16344): 	at android.opengl.GLSurfaceView$GLThread.run(GLSurfaceView.java:1263)
I/PackageManager(  828): Apk copy done
W/ActivityManager(  828):   Force finishing activity com.kay27.Glukalo/.MainActivity
V/InputMethodManagerService(  828): windowGainedFocus: android.os.BinderProxy@4317ee08 controlFlags=#104 softInputMode=#120 windowFlags=#41010100
W/DropBoxManagerService(  828): Dropping: data_app_crash (545 > 0 bytes)
D/PowerManagerService(  828): acquireWakeLockInternal: lock=1110158088, flags=0x1, tag="ActivityManager-Launch", ws=null, uid=1000, pid=828
D/PowerManagerService(  828): updateWakeLockSummaryLocked: mWakefulness=Awake, mWakeLockSummary=0x1
D/PowerManagerService(  828): newScreenState = 2
D/PowerManagerDisplayController(  828): requestPowerState: screenState=2, useProximitySensor=false, forceProximitySensorEnable=false, forceWakeUpEnable=false, screenBrightness=102, screenAutoBrightnessAdjustment=0.0, useAutoBrightness=true, useEcoBrightness=false, blockScreenOn=false, waitForNegativeProximity=false
I/PowerManagerService(  828): setBrightness 2 mButtonLight 0.
D/PowerManagerService(  828): updateScreenStateLocked: mDisplayReady=true, newScreenState=2, mWakefulness=1, mWakeLockSummary=0x1, mUserActivitySummary=0x1, mBootCompleted=true
D/PowerManagerService(  828): handleSandman: canDream=false, mWakefulness=Awake
W/ActivityManager(  828):   Force finishing activity com.android.settings/.SubSettings
V/WindowManager(  828): Changing focus from Window{43e4fad8 u0 com.kay27.Glukalo/com.kay27.Glukalo.MainActivity} to null Callers=com.android.server.wm.WindowManagerService.setFocusedApp:4399 com.android.server.am.ActivityManagerService.setFocusedActivityLocked:2418 com.android.server.am.ActivityStack.adjustFocusedActivityLocked:2484 com.android.server.am.ActivityStack.finishActivityLocked:2733 
V/ActivityManager(  828): Broadcast: Intent { act=android.intent.action.DROPBOX_ENTRY_ADDED flg=0x10 (has extras) } ordered=false userid=0 callerApp=ProcessRecord{42403c10 828:system/1000}
V/ActivityManager(  828): Broadcast: Intent { act=com.kingroot.common.ACTION_TOP_ACTIVITY_CHANGED flg=0x10 (has extras) } ordered=false userid=0 callerApp=ProcessRecord{421c3888 20540:com.kingroot.kinguser:service/u0a140}
V/ActivityManager(  828): Broadcast: Intent { act=com.kingroot.common.ACTION_TOP_APP_CHANGED flg=0x10 (has extras) } ordered=false userid=0 callerApp=ProcessRecord{421c3888 20540:com.kingroot.kinguser:service/u0a140}
I/PackageManager(  828): Apk copy done
V/ActivityManager(  828): Broadcast: Intent { act=com.kingroot.common.ACTION_NEW_APP_STARTED flg=0x10 (has extras) } ordered=false userid=0 callerApp=ProcessRecord{421c3888 20540:com.kingroot.kinguser:service/u0a140}
D/ActivityThread(20540): BDC-Calling onReceive: intent=Intent { act=com.kingroot.common.ACTION_TOP_ACTIVITY_CHANGED flg=0x10 cmp=com.kingroot.kinguser/com.kingroot.common.framework.broadcast.KSysBroadcastReceiver (has extras) }, ordered=true, receiver=com.kingroot.common.framework.broadcast.KSysBroadcastReceiver@42625eb8
D/ActivityThread(20540): BDC-RECEIVER handled : 0 / ReceiverData{intent=Intent { act=com.kingroot.common.ACTION_TOP_ACTIVITY_CHANGED flg=0x10 cmp=com.kingroot.kinguser/com.kingroot.common.framework.broadcast.KSysBroadcastReceiver (has extras) } packageName=com.kingroot.kinguser resultCode=-1 resultData=null resultExtras=null}
D/ActivityThread(20540): BDC-Calling onReceive: intent=Intent { act=com.kingroot.common.ACTION_TOP_APP_CHANGED flg=0x10 cmp=com.kingroot.kinguser/com.kingroot.common.framework.broadcast.KSysBroadcastReceiver (has extras) }, ordered=true, receiver=com.kingroot.common.framework.broadcast.KSysBroadcastReceiver@422e4058
I/ActivityManager(  828): Process com.kay27.Glukalo (pid 16344) has died.
D/DisplayManagerService(  828): Display listener for pid 16344 died.
I/WindowState(  828): WIN DEATH: Window{43e4fad8 u0 com.kay27.Glukalo/com.kay27.Glukalo.MainActivity}
V/NetworkStats(  828): setKernelCounterSet uid=10237 set=0
D/ConnectivityService(  828): onUidRulesChanged(uid=10237, uidRules=0)
I/WindowState(  828): WIN DEATH: Window{4323a878 u0 SurfaceView}
I/WindowManager(  828): Losing focus: Window{43e4fad8 u0 com.kay27.Glukalo/com.kay27.Glukalo.MainActivity EXITING}
D/ActivityThread(20540): BDC-RECEIVER handled : 0 / ReceiverData{intent=Intent { act=com.kingroot.common.ACTION_TOP_APP_CHANGED flg=0x10 cmp=com.kingroot.kinguser/com.kingroot.common.framework.broadcast.KSysBroadcastReceiver (has extras) } packageName=com.kingroot.kinguser resultCode=-1 resultData=null resultExtras=null}
V/ActivityManager(  828): ensureActivitiesVisibleLocked: consider front
V/ActivityManager(  828): ensureActivitiesVisibleLocked: consider back
V/ActivityManager(  828): ensureActivitiesVisibleLocked: consider front
V/ActivityManager(  828): ensureActivitiesVisibleLocked: consider back
D/ActivityThread(29782): SEND_RESULT handled : 0 / ResultData{token=android.os.BinderProxy@4215ffb8 results[ResultInfo{who=android:fragment:0, request=1, result=0, data=null}]}
D/ActivityThread(20540): BDC-Calling onReceive: intent=Intent { act=com.kingroot.common.ACTION_NEW_APP_STARTED flg=0x10 cmp=com.kingroot.kinguser/com.kingroot.common.framework.broadcast.KSysBroadcastReceiver (has extras) }, ordered=true, receiver=com.kingroot.common.framework.broadcast.KSysBroadcastReceiver@425737c8
D/ActivityThread(20540): BDC-RECEIVER handled : 0 / ReceiverData{intent=Intent { act=com.kingroot.common.ACTION_NEW_APP_STARTED flg=0x10 cmp=com.kingroot.kinguser/com.kingroot.common.framework.broadcast.KSysBroadcastReceiver (has extras) } packageName=com.kingroot.kinguser resultCode=-1 resultData=null resultExtras=null}
V/ActivityManager(  828): Broadcast sticky: Intent { act=android.intent.action.SIG_STR flg=0x10 (has extras) } ordered=false userid=-1 callerApp=ProcessRecord{42403c10 828:system/1000}
I/PackageManager(  828): Apk copy done
I/PackageManager(  828): Apk copy done
I/PackageManager(  828): Apk copy done
D/ActivityThread(29782): ACT-AM_ON_RESUME_CALLED ActivityRecord{42160758 token=android.os.BinderProxy@4215ffb8 {com.android.settings/com.android.settings.Settings$ManageApplicationsActivity}}
D/ActivityThread(29782): ACT-RESUME_ACTIVITY handled : 0 / android.os.BinderProxy@4215ffb8
V/WindowManager(  828): Changing focus from null to Window{43849990 u0 com.android.settings/com.android.settings.Settings$ManageApplicationsActivity} Callers=com.android.server.wm.WindowManagerService.relayoutWindow:3459 com.android.server.wm.Session.relayout:191 android.view.IWindowSession$Stub.onTransact:235 com.android.server.wm.Session.onTransact:126 
I/PackageManager(  828): Apk copy done
I/WindowManager(  828): Gaining focus: Window{43849990 u0 com.android.settings/com.android.settings.Settings$ManageApplicationsActivity}
I/PackageManager(  828): Apk copy done
I/PackageManager(  828): Apk copy done
I/PackageManager(  828): Apk copy done
I/PackageManager(  828): Apk copy done
I/PackageManager(  828): Apk copy done
I/PackageManager(  828): Apk copy done
I/PackageManager(  828): Apk copy done
V/InputMethodManagerService(  828): windowGainedFocus: android.os.BinderProxy@42d13750 controlFlags=#105 softInputMode=#10 windowFlags=#1810100
I/PackageManager(  828): Apk copy done
W/InputMethodManagerService(  828): Got RemoteException sending setActive(false) notification to pid 16344 uid 10237
V/ActivityManager(  828): Broadcast: Intent { act=com.kingroot.common.ACTION_TOP_ACTIVITY_CHANGED flg=0x10 (has extras) } ordered=false userid=0 callerApp=ProcessRecord{421c3888 20540:com.kingroot.kinguser:service/u0a140}
V/ActivityManager(  828): Broadcast: Intent { act=com.kingroot.common.ACTION_TOP_APP_CHANGED flg=0x10 (has extras) } ordered=false userid=0 callerApp=ProcessRecord{421c3888 20540:com.kingroot.kinguser:service/u0a140}
D/ActivityThread(20540): BDC-Calling onReceive: intent=Intent { act=com.kingroot.common.ACTION_TOP_ACTIVITY_CHANGED flg=0x10 cmp=com.kingroot.kinguser/com.kingroot.common.framework.broadcast.KSysBroadcastReceiver (has extras) }, ordered=true, receiver=com.kingroot.common.framework.broadcast.KSysBroadcastReceiver@4257ec70
D/ActivityThread(20540): BDC-RECEIVER handled : 0 / ReceiverData{intent=Intent { act=com.kingroot.common.ACTION_TOP_ACTIVITY_CHANGED flg=0x10 cmp=com.kingroot.kinguser/com.kingroot.common.framework.broadcast.KSysBroadcastReceiver (has extras) } packageName=com.kingroot.kinguser resultCode=-1 resultData=null resultExtras=null}
D/ActivityThread(20540): BDC-Calling onReceive: intent=Intent { act=com.kingroot.common.ACTION_TOP_APP_CHANGED flg=0x10 cmp=com.kingroot.kinguser/com.kingroot.common.framework.broadcast.KSysBroadcastReceiver (has extras) }, ordered=true, receiver=com.kingroot.common.framework.broadcast.KSysBroadcastReceiver@42517d70
D/ActivityThread(20540): BDC-RECEIVER handled : 0 / ReceiverData{intent=Intent { act=com.kingroot.common.ACTION_TOP_APP_CHANGED flg=0x10 cmp=com.kingroot.kinguser/com.kingroot.common.framework.broadcast.KSysBroadcastReceiver (has extras) } packageName=com.kingroot.kinguser resultCode=-1 resultData=null resultExtras=null}
D/PowerManagerService(  828): releaseWakeLockInternal: lock=1110158088 [ActivityManager-Launch], flags=0x0, total_time=821ms
D/PowerManagerNotifier(  828): onWakeLockReleased: flags=1, tag="ActivityManager-Launch", packageName=android, ownerUid=1000, ownerPid=828, workSource=null
D/PowerManagerService(  828): updateWakeLockSummaryLocked: mWakefulness=Awake, mWakeLockSummary=0x0
D/PowerManagerService(  828): newScreenState = 2
D/PowerManagerDisplayController(  828): requestPowerState: screenState=2, useProximitySensor=false, forceProximitySensorEnable=false, forceWakeUpEnable=false, screenBrightness=102, screenAutoBrightnessAdjustment=0.0, useAutoBrightness=true, useEcoBrightness=false, blockScreenOn=false, waitForNegativeProximity=false
I/PowerManagerService(  828): setBrightness 2 mButtonLight 0.
D/PowerManagerService(  828): updateScreenStateLocked: mDisplayReady=true, newScreenState=2, mWakefulness=1, mWakeLockSummary=0x0, mUserActivitySummary=0x1, mBootCompleted=true
D/PowerManagerService(  828): Releasing suspend blocker "PowerManagerService.WakeLocks".
D/PowerManagerService(  828): handleSandman: canDream=false, mWakefulness=Awake
V/ActivityManager(  828): ensureActivitiesVisibleLocked: consider front
V/ActivityManager(  828): ensureActivitiesVisibleLocked: consider back
I/PackageManager(  828): Apk copy done
D/ActivityThread(29782): ACT-DESTROY_ACTIVITY handled : 1 / android.os.BinderProxy@432636f8
I/PackageManager(  828): Apk copy done
I/PackageManager(  828): Apk copy done
I/PackageManager(  828): Apk copy done
I/PackageManager(  828): Apk copy done
D/VoldConnector(  828): SND -> {690 asec fspath com.nicoplvgames.cubot-1}
I/FrameworkListener(  122): onDataAvailable get 41 bytes 
D/FrameworkListener(  122): dispatchCommand data = (690 asec fspath com.nicoplvgames.cubot-1)
D/VoldCmdListener(  122): asec fspath com.nicoplvgames.cubot-1
D/SocketClient(  122): SocketClient msg = /mnt/secure/asec/com.nicoplvgames.cubot-1.asec
D/SocketClient(  122): SocketClient sendDatalocked done: 211 690 /mnt/secure/asec/com.nicoplvgames.cubot-1.asec
D/VoldConnector(  828): RCV <- {211 690 /mnt/secure/asec/com.nicoplvgames.cubot-1.asec}
D/VoldConnector(  828): RMV <- {211 690 /mnt/secure/asec/com.nicoplvgames.cubot-1.asec}
I/PackageManager(  828): Apk copy done
I/PackageManager(  828): Apk copy done
I/PackageManager(  828): Apk copy done
I/PackageManager(  828): Apk copy done
I/PackageManager(  828): Apk copy done
I/PackageManager(  828): Apk copy done
I/PackageManager(  828): Apk copy done
I/PackageManager(  828): Apk copy done
I/PackageManager(  828): Apk copy done
I/PackageManager(  828): Apk copy done
I/PackageManager(  828): Apk copy done
I/PackageManager(  828): Apk copy done
I/PackageManager(  828): Apk copy done
I/PackageManager(  828): Apk copy done
I/PackageManager(  828): Apk copy done
I/PackageManager(  828): Apk copy done
I/PackageManager(  828): Apk copy done
I/PackageManager(  828): Apk copy done
I/PackageManager(  828): Apk copy done
I/PackageManager(  828): Apk copy done
I/PackageManager(  828): Apk copy done
I/PackageManager(  828): Apk copy done
I/PackageManager(  828): Apk copy done
I/PackageManager(  828): Apk copy done
I/PackageManager(  828): Apk copy done
I/PackageManager(  828): Apk copy done
I/PackageManager(  828): Apk copy done
I/PackageManager(  828): Apk copy done
I/PackageManager(  828): Apk copy done
D/ActivityThread(19796): SVC-UNBIND_SERVICE handled : 0 / BindServiceData{token=android.os.BinderProxy@425169f8 intent=Intent { act=com.google.android.gms.icing.INDEX_SERVICE pkg=com.google.android.gms }}
D/ActivityThread(19796): SVC-Destroying service: com.google.android.gms.icing.service.IndexService@423a2220
D/ActivityThread(19796): SVC-STOP_SERVICE handled : 0 / android.os.BinderProxy@425169f8
I/PackageManager(  828): Apk copy done
I/PackageManager(  828): Apk copy done
I/PackageManager(  828): Apk copy done
I/PackageManager(  828): Apk copy done
I/PackageManager(  828): Apk copy done
I/PackageManager(  828): Apk copy done
I/PackageManager(  828): Apk copy done
I/PackageManager(  828): Apk copy done
I/PackageManager(  828): Apk copy done
I/PackageManager(  828): Apk copy done
I/PackageManager(  828): Apk copy done
I/PackageManager(  828): Apk copy done
I/PackageManager(  828): Apk copy done
I/PackageManager(  828): Apk copy done
I/PackageManager(  828): Apk copy done
I/PackageManager(  828): Apk copy done
I/PackageManager(  828): Apk copy done
I/PackageManager(  828): Apk copy done
I/PackageManager(  828): Apk copy done
I/PackageManager(  828): Apk copy done
I/PackageManager(  828): Apk copy done
I/PackageManager(  828): Apk copy done
I/PackageManager(  828): Apk copy done
I/PackageManager(  828): Apk copy done
I/PackageManager(  828): Apk copy done
I/PackageManager(  828): Apk copy done
I/PackageManager(  828): Apk copy done
I/PackageManager(  828): Apk copy done
I/PackageManager(  828): Apk copy done
I/PackageManager(  828): Apk copy done
I/PackageManager(  828): Apk copy done
I/PackageManager(  828): Apk copy done
I/PackageManager(  828): Apk copy done
I/PackageManager(  828): Apk copy done
I/PackageManager(  828): Apk copy done
I/PackageManager(  828): Apk copy done
I/PackageManager(  828): Apk copy done
I/PackageManager(  828): Apk copy done
I/PackageManager(  828): Apk copy done
I/PackageManager(  828): Apk copy done
I/PackageManager(  828): Apk copy done
I/PackageManager(  828): Apk copy done
I/PackageManager(  828): Apk copy done
I/PackageManager(  828): Apk copy done
I/PackageManager(  828): Apk copy done
V/ActivityManager(  828): Broadcast: Intent { act=android.intent.action.TIME_TICK flg=0x50000014 (has extras) } ordered=true userid=-1 callerApp=null
D/PowerManagerService(  828): acquireWakeLockInternal: lock=1110425280, flags=0x1, tag="AlarmManager", ws=WorkSource{1000}, uid=1000, pid=828
D/PowerManagerNotifier(  828): onWakeLockAcquired: flags=1, tag="AlarmManager", packageName=android, ownerUid=1000, ownerPid=828, workSource=WorkSource{1000}
D/PowerManagerService(  828): updateWakeLockSummaryLocked: mWakefulness=Awake, mWakeLockSummary=0x1
D/PowerManagerService(  828): newScreenState = 2
D/ActivityThread(  828): BDC-Calling onReceive: intent=Intent { act=android.intent.action.TIME_TICK flg=0x50000014 (has extras) }, ordered=true, receiver=com.android.server.AlarmManagerService$ClockReceiver@42921cd8, IIntentReceiver=428c2f78
D/PowerManagerDisplayController(  828): requestPowerState: screenState=2, useProximitySensor=false, forceProximitySensorEnable=false, forceWakeUpEnable=false, screenBrightness=102, screenAutoBrightnessAdjustment=0.0, useAutoBrightness=true, useEcoBrightness=false, blockScreenOn=false, waitForNegativeProximity=false
I/PowerManagerService(  828): setBrightness 2 mButtonLight 0.
D/PowerManagerService(  828): updateScreenStateLocked: mDisplayReady=true, newScreenState=2, mWakefulness=1, mWakeLockSummary=0x1, mUserActivitySummary=0x1, mBootCompleted=true
D/PowerManagerService(  828): Acquiring suspend blocker "PowerManagerService.WakeLocks".
D/PowerManagerService(  828): handleSandman: canDream=false, mWakefulness=Awake
D/ActivityThread(  828): BDC-Calling finishReceiver: IIntentReceiver=428c2f78
D/ActivityThread( 1046): BDC-Calling onReceive: intent=Intent { act=android.intent.action.TIME_TICK flg=0x50000014 (has extras) }, ordered=true, receiver=com.android.keyguard.KeyguardUpdateMonitor$3@4216c508, IIntentReceiver=42170608
D/ActivityThread( 1046): BDC-Calling finishReceiver: IIntentReceiver=42170608
D/ActivityThread( 1046): BDC-Calling onReceive: intent=Intent { act=android.intent.action.TIME_TICK flg=0x50000014 (has extras) }, ordered=true, receiver=com.android.systemui.statusbar.policy.Clock$1@42174e10, IIntentReceiver=422b95b0
D/ActivityThread( 1046): BDC-Calling finishReceiver: IIntentReceiver=422b95b0
D/ActivityThread( 1046): BDC-Calling onReceive: intent=Intent { act=android.intent.action.TIME_TICK flg=0x50000014 (has extras) }, ordered=true, receiver=com.android.systemui.statusbar.policy.Clock$1@42172f00, IIntentReceiver=422bacc8
D/ActivityThread( 1046): BDC-Calling finishReceiver: IIntentReceiver=422bacc8
D/ActivityThread( 1046): BDC-Calling onReceive: intent=Intent { act=android.intent.action.TIME_TICK flg=0x50000014 (has extras) }, ordered=true, receiver=com.android.systemui.statusbar.policy.DateView$1@42180100, IIntentReceiver=422bb840
D/ActivityThread( 1046): BDC-Calling finishReceiver: IIntentReceiver=422bb840
D/ActivityThread( 1046): BDC-Calling onReceive: intent=Intent { act=android.intent.action.TIME_TICK flg=0x50000014 (has extras) }, ordered=true, receiver=com.coco.lock.local.app.base.i@424e8608, IIntentReceiver=434eb660
D/ActivityThread( 1046): BDC-Calling finishReceiver: IIntentReceiver=434eb660
D/ActivityThread( 1046): BDC-Calling onReceive: intent=Intent { act=android.intent.action.TIME_TICK flg=0x50000014 (has extras) }, ordered=true, receiver=com.coco.lock.local.app.base.i@4229d028, IIntentReceiver=421bb1d8
D/ActivityThread( 1046): BDC-Calling finishReceiver: IIntentReceiver=421bb1d8
D/ActivityThread( 1046): BDC-Calling onReceive: intent=Intent { act=android.intent.action.TIME_TICK flg=0x50000014 (has extras) }, ordered=true, receiver=com.coco.lock.local.app.base.i@43407070, IIntentReceiver=43427078
D/ActivityThread( 1046): BDC-Calling finishReceiver: IIntentReceiver=43427078
D/ActivityThread( 1046): BDC-Calling onReceive: intent=Intent { act=android.intent.action.TIME_TICK flg=0x50000014 (has extras) }, ordered=true, receiver=android.widget.DateTimeView$1@434a0480, IIntentReceiver=43390b30
D/ActivityThread( 1046): BDC-Calling finishReceiver: IIntentReceiver=43390b30
D/ActivityThread( 1046): BDC-Calling onReceive: intent=Intent { act=android.intent.action.TIME_TICK flg=0x50000014 (has extras) }, ordered=true, receiver=android.widget.DateTimeView$1@433740e0, IIntentReceiver=4350ef88
D/ActivityThread( 1046): BDC-Calling finishReceiver: IIntentReceiver=4350ef88
D/ActivityThread( 1046): BDC-Calling onReceive: intent=Intent { act=android.intent.action.TIME_TICK flg=0x50000014 (has extras) }, ordered=true, receiver=android.widget.DateTimeView$1@434e96e8, IIntentReceiver=42538200
D/ActivityThread( 1046): BDC-Calling finishReceiver: IIntentReceiver=42538200
D/ActivityThread( 1046): BDC-Calling onReceive: intent=Intent { act=android.intent.action.TIME_TICK flg=0x50000014 (has extras) }, ordered=true, receiver=android.widget.DateTimeView$1@42273a90, IIntentReceiver=4229a1b0
D/ActivityThread( 1046): BDC-Calling finishReceiver: IIntentReceiver=4229a1b0
D/ActivityThread( 1046): BDC-Calling onReceive: intent=Intent { act=android.intent.action.TIME_TICK flg=0x50000014 (has extras) }, ordered=true, receiver=android.widget.DateTimeView$1@42305520, IIntentReceiver=423c0f08
D/ActivityThread( 1046): BDC-Calling finishReceiver: IIntentReceiver=423c0f08
D/ActivityThread( 1046): BDC-Calling onReceive: intent=Intent { act=android.intent.action.TIME_TICK flg=0x50000014 (has extras) }, ordered=true, receiver=android.widget.DateTimeView$1@43d76648, IIntentReceiver=424b98b8
D/ActivityThread( 1046): BDC-Calling finishReceiver: IIntentReceiver=424b98b8
D/ActivityThread( 1046): BDC-Calling onReceive: intent=Intent { act=android.intent.action.TIME_TICK flg=0x50000014 (has extras) }, ordered=true, receiver=android.widget.DateTimeView$1@422a1898, IIntentReceiver=435087a8
D/ActivityThread( 1046): BDC-Calling finishReceiver: IIntentReceiver=435087a8
D/ActivityThread( 1046): BDC-Calling onReceive: intent=Intent { act=android.intent.action.TIME_TICK flg=0x50000014 (has extras) }, ordered=true, receiver=android.widget.DateTimeView$1@4350f590, IIntentReceiver=42c83908
D/ActivityThread( 1046): BDC-Calling finishReceiver: IIntentReceiver=42c83908
D/ActivityThread( 1046): BDC-Calling onReceive: intent=Intent { act=android.intent.action.TIME_TICK flg=0x50000014 (has extras) }, ordered=true, receiver=android.widget.DateTimeView$1@43af2bc8, IIntentReceiver=437d2138
D/ActivityThread( 1046): BDC-Calling finishReceiver: IIntentReceiver=437d2138
D/ActivityThread( 1046): BDC-Calling onReceive: intent=Intent { act=android.intent.action.TIME_TICK flg=0x50000014 (has extras) }, ordered=true, receiver=android.widget.DateTimeView$1@43348168, IIntentReceiver=42a2c680
D/ActivityThread( 1046): BDC-Calling finishReceiver: IIntentReceiver=42a2c680
D/ActivityThread( 1046): BDC-Calling onReceive: intent=Intent { act=android.intent.action.TIME_TICK flg=0x50000014 (has extras) }, ordered=true, receiver=android.widget.DateTimeView$1@424a9250, IIntentReceiver=434c8278
D/ActivityThread( 1046): BDC-Calling finishReceiver: IIntentReceiver=434c8278
D/ActivityThread( 1046): BDC-Calling onReceive: intent=Intent { act=android.intent.action.TIME_TICK flg=0x50000014 (has extras) }, ordered=true, receiver=android.widget.DateTimeView$1@43425400, IIntentReceiver=43f7e088
D/ActivityThread( 1046): BDC-Calling finishReceiver: IIntentReceiver=43f7e088
D/ActivityThread( 1046): BDC-Calling onReceive: intent=Intent { act=android.intent.action.TIME_TICK flg=0x50000014 (has extras) }, ordered=true, receiver=android.widget.DateTimeView$1@42a53cc0, IIntentReceiver=42a118e0
D/ActivityThread( 1046): BDC-Calling finishReceiver: IIntentReceiver=42a118e0
D/ActivityThread( 1046): BDC-Calling onReceive: intent=Intent { act=android.intent.action.TIME_TICK flg=0x50000014 (has extras) }, ordered=true, receiver=android.widget.DateTimeView$1@425278f8, IIntentReceiver=42c8f7d8
D/ActivityThread( 1046): BDC-Calling finishReceiver: IIntentReceiver=42c8f7d8
D/PowerManagerService(  828): releaseWakeLockInternal: lock=1110425280 [AlarmManager], flags=0x0, total_time=46ms
D/PowerManagerNotifier(  828): onWakeLockReleased: flags=1, tag="AlarmManager", packageName=android, ownerUid=1000, ownerPid=828, workSource=WorkSource{1000}
D/PowerManagerService(  828): updateWakeLockSummaryLocked: mWakefulness=Awake, mWakeLockSummary=0x0
D/PowerManagerService(  828): newScreenState = 2
D/PowerManagerDisplayController(  828): requestPowerState: screenState=2, useProximitySensor=false, forceProximitySensorEnable=false, forceWakeUpEnable=false, screenBrightness=102, screenAutoBrightnessAdjustment=0.0, useAutoBrightness=true, useEcoBrightness=false, blockScreenOn=false, waitForNegativeProximity=false
I/PowerManagerService(  828): setBrightness 2 mButtonLight 0.
D/PowerManagerService(  828): updateScreenStateLocked: mDisplayReady=true, newScreenState=2, mWakefulness=1, mWakeLockSummary=0x0, mUserActivitySummary=0x1, mBootCompleted=true
D/PowerManagerService(  828): Releasing suspend blocker "PowerManagerService.WakeLocks".
D/PowerManagerService(  828): handleSandman: canDream=false, mWakefulness=Awake
I/PackageManager(  828): Apk copy done
I/PackageManager(  828): Apk copy done
I/PackageManager(  828): Apk copy done
I/PackageManager(  828): Apk copy done
I/PackageManager(  828): Apk copy done
D/VoldConnector(  828): SND -> {691 asec fspath com.ITmindCo.NetherEarthWarOfRobot-1}
I/FrameworkListener(  122): onDataAvailable get 53 bytes 
D/FrameworkListener(  122): dispatchCommand data = (691 asec fspath com.ITmindCo.NetherEarthWarOfRobot-1)
D/VoldCmdListener(  122): asec fspath com.ITmindCo.NetherEarthWarOfRobot-1
D/SocketClient(  122): SocketClient msg = /mnt/secure/asec/com.ITmindCo.NetherEarthWarOfRobot-1.asec
D/SocketClient(  122): SocketClient sendDatalocked done: 211 691 /mnt/secure/asec/com.ITmindCo.NetherEarthWarOfRobot-1.asec
D/VoldConnector(  828): RCV <- {211 691 /mnt/secure/asec/com.ITmindCo.NetherEarthWarOfRobot-1.asec}
D/VoldConnector(  828): RMV <- {211 691 /mnt/secure/asec/com.ITmindCo.NetherEarthWarOfRobot-1.asec}
I/PackageManager(  828): Apk copy done
I/PackageManager(  828): Apk copy done
I/PackageManager(  828): Apk copy done
I/PackageManager(  828): Apk copy done
I/PackageManager(  828): Apk copy done
I/PackageManager(  828): Apk copy done
I/PackageManager(  828): Apk copy done
I/PackageManager(  828): Apk copy done
I/PackageManager(  828): Apk copy done
I/PackageManager(  828): Apk copy done
I/PackageManager(  828): Apk copy done
I/PackageManager(  828): Apk copy done
I/PackageManager(  828): Apk copy done
I/PackageManager(  828): Apk copy done
I/PackageManager(  828): Apk copy done
I/PackageManager(  828): Apk copy done
I/PackageManager(  828): Apk copy done
I/PackageManager(  828): Apk copy done
I/PackageManager(  828): Apk copy done
I/PackageManager(  828): Apk copy done
I/PackageManager(  828): Apk copy done
I/PackageManager(  828): Apk copy done
I/PackageManager(  828): Apk copy done
I/PackageManager(  828): Apk copy done
I/PackageManager(  828): Apk copy done
I/PackageManager(  828): Apk copy done
I/PackageManager(  828): Apk copy done
I/PackageManager(  828): Apk copy done
I/PackageManager(  828): Apk copy done
I/PackageManager(  828): Apk copy done
I/PackageManager(  828): Apk copy done
I/PackageManager(  828): Apk copy done
I/PackageManager(  828): Apk copy done
I/PackageManager(  828): Apk copy done
I/PackageManager(  828): Apk copy done
I/PackageManager(  828): Apk copy done
I/PackageManager(  828): Apk copy done
I/PackageManager(  828): Apk copy done
I/PackageManager(  828): Apk copy done
I/PackageManager(  828): Apk copy done
I/PackageManager(  828): Apk copy done
I/PackageManager(  828): Apk copy done
I/PackageManager(  828): Apk copy done
I/PackageManager(  828): Apk copy done
I/PackageManager(  828): Apk copy done
I/PackageManager(  828): Apk copy done
I/PackageManager(  828): Apk copy done
I/PackageManager(  828): Apk copy done
I/PackageManager(  828): Apk copy done
I/PackageManager(  828): Apk copy done
I/PackageManager(  828): Apk copy done
I/PackageManager(  828): Apk copy done
I/PackageManager(  828): Apk copy done
I/PackageManager(  828): Apk copy done
I/PackageManager(  828): Apk copy done
I/PackageManager(  828): Apk copy done
I/PackageManager(  828): Apk copy done
I/PackageManager(  828): Apk copy done
I/PackageManager(  828): Apk copy done
I/PackageManager(  828): Apk copy done
I/PackageManager(  828): Apk copy done
I/PackageManager(  828): Apk copy done
I/PackageManager(  828): Apk copy done
I/PackageManager(  828): Apk copy done
I/PackageManager(  828): Apk copy done
I/PackageManager(  828): Apk copy done
I/PackageManager(  828): Apk copy done
I/PackageManager(  828): Apk copy done
I/PackageManager(  828): Apk copy done
I/PackageManager(  828): Apk copy done
I/PackageManager(  828): Apk copy done
D/VoldConnector(  828): SND -> {692 asec fspath com.holfeld.speakdutchfree-1}
I/FrameworkListener(  122): onDataAvailable get 45 bytes 
D/FrameworkListener(  122): dispatchCommand data = (692 asec fspath com.holfeld.speakdutchfree-1)
D/VoldCmdListener(  122): asec fspath com.holfeld.speakdutchfree-1
D/SocketClient(  122): SocketClient msg = /mnt/secure/asec/com.holfeld.speakdutchfree-1.asec
D/SocketClient(  122): SocketClient sendDatalocked done: 211 692 /mnt/secure/asec/com.holfeld.speakdutchfree-1.asec
D/VoldConnector(  828): RCV <- {211 692 /mnt/secure/asec/com.holfeld.speakdutchfree-1.asec}
D/VoldConnector(  828): RMV <- {211 692 /mnt/secure/asec/com.holfeld.speakdutchfree-1.asec}
I/PackageManager(  828): Apk copy done
I/PackageManager(  828): Apk copy done
I/PackageManager(  828): Apk copy done
I/PackageManager(  828): Apk copy done
I/PackageManager(  828): Apk copy done
I/PackageManager(  828): Apk copy done
I/PackageManager(  828): Apk copy done
I/PackageManager(  828): Apk copy done
I/PackageManager(  828): Apk copy done
I/PackageManager(  828): Apk copy done
I/PackageManager(  828): Apk copy done
I/PackageManager(  828): Apk copy done
I/PackageManager(  828): Apk copy done
I/PackageManager(  828): Apk copy done
I/PackageManager(  828): Apk copy done
I/PackageManager(  828): Apk copy done
I/PackageManager(  828): Apk copy done
I/PackageManager(  828): Apk copy done
I/PackageManager(  828): Apk copy done
I/PackageManager(  828): Apk copy done
I/PackageManager(  828): Apk copy done
I/PackageManager(  828): Apk copy done
I/PackageManager(  828): Apk copy done
V/ActivityManager(  828): Broadcast sticky: Intent { act=android.intent.action.SIG_STR flg=0x10 (has extras) } ordered=false userid=-1 callerApp=ProcessRecord{42403c10 828:system/1000}
I/PackageManager(  828): Apk copy done
I/PackageManager(  828): Apk copy done
I/PackageManager(  828): Apk copy done
I/PackageManager(  828): Apk copy done
I/PackageManager(  828): Apk copy done
I/PackageManager(  828): Apk copy done
I/PackageManager(  828): Apk copy done
I/PackageManager(  828): Apk copy done
I/PackageManager(  828): Apk copy done
D/VoldConnector(  828): SND -> {693 asec fspath com.bonbeart.doorsseasons.part1-1}
I/FrameworkListener(  122): onDataAvailable get 50 bytes 
D/FrameworkListener(  122): dispatchCommand data = (693 asec fspath com.bonbeart.doorsseasons.part1-1)
D/VoldCmdListener(  122): asec fspath com.bonbeart.doorsseasons.part1-1
D/SocketClient(  122): SocketClient msg = /mnt/secure/asec/com.bonbeart.doorsseasons.part1-1.asec
D/SocketClient(  122): SocketClient sendDatalocked done: 211 693 /mnt/secure/asec/com.bonbeart.doorsseasons.part1-1.asec
D/VoldConnector(  828): RCV <- {211 693 /mnt/secure/asec/com.bonbeart.doorsseasons.part1-1.asec}
D/VoldConnector(  828): RMV <- {211 693 /mnt/secure/asec/com.bonbeart.doorsseasons.part1-1.asec}
I/PackageManager(  828): Apk copy done
I/PackageManager(  828): Apk copy done
I/PackageManager(  828): Apk copy done
I/PackageManager(  828): Apk copy done
I/PackageManager(  828): Apk copy done
I/PackageManager(  828): Apk copy done
I/PackageManager(  828): Apk copy done
I/PackageManager(  828): Apk copy done
I/PackageManager(  828): Apk copy done
I/PackageManager(  828): Apk copy done
I/PackageManager(  828): Apk copy done
I/PackageManager(  828): Apk copy done
I/PackageManager(  828): Apk copy done
I/PackageManager(  828): Apk copy done
I/PackageManager(  828): Apk copy done
I/PackageManager(  828): Apk copy done
I/PackageManager(  828): Apk copy done
I/PackageManager(  828): Apk copy done
I/PackageManager(  828): Apk copy done
--------- beginning of /dev/log/main
D/installd(  141): /data/data/com.android.chrome/cache/Cache/6bf79c960c1ecb31_1: 215
D/installd(  141): /data/data/com.android.chrome/cache/Cache/f077b06b6f552ff3_0: 336220
D/installd(  141): /data/data/com.android.chrome/cache/Cache/f077b06b6f552ff3_1: 1849
D/installd(  141): /data/data/com.android.chrome/cache/Cache/92dab7b3c06c9ac5_0: 5327
D/installd(  141): /data/data/com.android.chrome/cache/Cache/a29c964863214bcb_0: 5327
D/installd(  141): /data/data/com.android.chrome/cache/Cache/5648f7eee50c32f0_0: 5327
D/installd(  141): /data/data/com.android.chrome/cache/Cache/432de5a5764dcfd2_0: 5327
D/installd(  141): /data/data/com.android.chrome/cache/Cache/c58577cf37295190_0: 4328
D/installd(  141): /data/data/com.android.chrome/cache/Cache/82b57773161134ff_0: 37632
D/installd(  141): /data/data/com.android.chrome/cache/Cache/ae551985f52199e1_0: 20256
D/installd(  141): /data/data/com.android.chrome/cache/Cache/9029ff26ed32b9cf_0: 42647
D/installd(  141): /data/data/com.android.chrome/cache/Cache/eeae0ebdf1c3256f_0: 42748
D/installd(  141): /data/data/com.android.chrome/cache/Cache/3814e4756ca1ff96_0: 732
D/installd(  141): /data/data/com.android.chrome/cache/Cache/8d3f05ea4102469f_0: 21758
D/installd(  141): /data/data/com.android.chrome/cache/Cache/f12a7e2f86930290_0: 52688
D/installd(  141): /data/data/com.android.chrome/cache/Cache/1912d2a3b56b0398_0: 15744
D/installd(  141): /data/data/com.android.chrome/cache/Cache/526d4f493c62159f_0: 11873
D/installd(  141): /data/data/com.android.chrome/cache/Cache/78ec63e3a5a739fc_0: 5366
D/installd(  141): /data/data/com.android.chrome/cache/Cache/3a16662c748d1a72_0: 22278
D/installd(  141): /data/data/com.android.chrome/cache/Cache/599f43ac4f311c49_0: 7266
D/installd(  141): /data/data/com.android.chrome/cache/Cache/7a5875725464a22b_0: 10368
D/installd(  141): /data/data/com.android.chrome/cache/Cache/19da248aa1a5d072_0: 24782
D/installd(  141): /data/data/com.android.chrome/cache/Cache/bb986ededbfcf90c_0: 32690
D/installd(  141): /data/data/com.android.chrome/cache/Cache/7a6179329ed634fb_0: 34011
D/installd(  141): /data/data/com.android.chrome/cache/Cache/b7bd28c60a942f36_0: 9020
D/installd(  141): /data/data/com.android.chrome/cache/Cache/9b5a92097c8d1426_0: 5106
D/installd(  141): /data/data/com.android.chrome/cache/Cache/19b467dfad17659b_0: 8963
D/installd(  141): /data/data/com.android.chrome/cache/Cache/868c184daeb49c20_0: 10950
D/installd(  141): /data/data/com.android.chrome/cache/Cache/07a1a712d80765e4_0: 16461
D/installd(  141): /data/data/com.android.chrome/cache/Cache/11d0afa1c4bd0b50_0: 26167
D/installd(  141): /data/data/com.android.chrome/cache/Cache/f6b09c5ff2f26dba_0: 5366
D/installd(  141): /data/data/com.android.chrome/cache/Cache/002adb7f912a3686_0: 40033
D/installd(  141): /data/data/com.android.chrome/cache/Cache/d19e3067c322beb3_0: 1824
D/installd(  141): /data/data/com.android.chrome/cache/Cache/3679f0960cbec67d_0: 70176
D/installd(  141): /data/data/com.android.chrome/cache/Cache/6f2fa730b04012d2_0: 29239
D/installd(  141): /data/data/com.android.chrome/cache/Cache/fbeddc0cfc15328e_0: 7329
D/installd(  141): /data/data/com.android.chrome/cache/Cache/f328d282affa17f2_0: 21438
D/installd(  141): /data/data/com.android.chrome/cache/Cache/32a2714aa9b26790_0: 6317
D/installd(  141): /data/data/com.android.chrome/cache/Cache/aaa6cb345d615b99_0: 6471
D/installd(  141): /data/data/com.android.chrome/cache/Cache/83156eb79b11aa8b_0: 6297
D/installd(  141): /data/data/com.android.chrome/cache/Cache/2ccc48aaea52d4ac_0: 4718
D/installd(  141): /data/data/com.android.chrome/cache/Cache/e2ad7eb9d5babd40_0: 4591
D/installd(  141): /data/data/com.android.chrome/cache/Cache/7cd6bccc818b8ef6_0: 4759
D/installd(  141): /data/data/com.android.chrome/cache/Cache/c82f8107d8779f64_0: 4652
D/installd(  141): /data/data/com.android.chrome/cache/Cache/3679f0960cbec67d_1: 127
D/installd(  141): /data/data/com.android.chrome/cache/Cache/5a7ac54357070010_0: 3694
D/installd(  141): /data/data/com.android.chrome/cache/Cache/485fdeaeaf9fa60b_0: 3995
D/installd(  141): /data/data/com.android.chrome/cache/Cache/1977f62d660b84ab_0: 5219
D/installd(  141): /data/data/com.android.chrome/cache/Cache/5e5acf56f4c5e20a_0: 5121
D/installd(  141): /data/data/com.android.chrome/cache/Cache/a40b19d16c86973f_0: 4373
D/installd(  141): /data/data/com.android.chrome/cache/Cache/6273dece30f88e0e_0: 4210
D/installd(  141): /data/data/com.android.chrome/cache/Cache/407e223277fdc45e_0: 3885
D/installd(  141): /data/data/com.android.chrome/cache/Cache/6f2fa730b04012d2_1: 133
D/installd(  141): /data/data/com.android.chrome/cache/Cache/58c219af327048ce_0: 12054
D/installd(  141): /data/data/com.android.chrome/cache/Cache/99116490c4a8ec26_0: 53362
D/installd(  141): /data/data/com.android.chrome/cache/Cache/503d9c6612f46d9f_0: 6495
D/installd(  141): /data/data/com.android.chrome/cache/Cache/df50fe3105717644_0: 568
D/installd(  141): /data/data/com.android.chrome/cache/Cache/2411733b42cf6156_0: 716
D/installd(  141): /data/data/com.android.chrome/cache/Cache/1b4f4e72b1c68902_0: 1797
D/installd(  141): /data/data/com.android.chrome/cache/Cache/ef8f070588b85a1b_0: 4907
D/installd(  141): /data/data/com.android.chrome/cache/Cache/ef8f070588b85a1b_1: 176
D/installd(  141): /data/data/com.android.chrome/cache/Cache/8e56605e6c6781ab_0: 554
D/installd(  141): /data/data/com.android.chrome/cache/Cache/c956203df6ffff59_0: 1742
D/installd(  141): /data/data/com.android.chrome/cache/Cache/2c1d90b38e8772a7_0: 745
D/installd(  141): /data/data/com.android.chrome/cache/Cache/536ca168992a5c75_0: 1143
D/installd(  141): /data/data/com.android.chrome/cache/Cache/4b8fac3f994254a9_0: 9548
D/installd(  141): /data/data/com.android.chrome/cache/Cache/00f72a3dadb025f5_0: 2621950
D/installd(  141): /data/data/com.android.chrome/cache/Cache/5cd4c47474ba7cb1_0: 1144
D/installd(  141): /data/data/com.android.chrome/cache/Cache/7c7af3651c128813_0: 2065145
D/installd(  141): /data/data/com.android.chrome/cache/Cache/9ad362bd408004d6_0: 82770
D/installd(  141): /data/data/com.android.chrome/cache/Cache/b032d52c797372fd_0: 89660
D/installd(  141): /data/data/com.android.chrome/cache/Cache/0272fe2144227884_0: 504490
D/installd(  141): /data/data/com.android.chrome/cache/Cache/4f15251b430e1951_0: 560
D/installd(  141): /data/data/com.android.chrome/cache/Cache/9575cc8363e966fd_0: 6681
D/installd(  141): /data/data/com.android.chrome/cache/Cache/63c4c27c334c8997_0: 5497
D/installd(  141): /data/data/com.android.chrome/cache/Cache/047cf3f2aed1ed57_0: 5498
D/installd(  141): /data/data/com.android.chrome/cache/Cache/9de72c14886b0272_0: 5585
D/installd(  141): /data/data/com.android.chrome/cache/Cache/32943e297b7e0445_0: 5725
D/installd(  141): /data/data/com.android.chrome/cache/Cache/fa963c3ca060fd71_0: 5457
D/installd(  141): /data/data/com.android.chrome/cache/Cache/76ea3efcf2d4c00b_0: 5661
D/installd(  141): /data/data/com.android.chrome/cache/Cache/0ce844f70e4a2423_0: 14458
D/installd(  141): /data/data/com.android.chrome/cache/Cache/ad833a2c1792f23c_0: 76347
D/installd(  141): /data/data/com.android.chrome/cache/Cache/d07406078c1dcf67_0: 5649
D/installd(  141): /data/data/com.android.chrome/cache/Cache/dd23e277e7e917fd_0: 27942
D/installd(  141): /data/data/com.android.chrome/cache/Cache/870187dd0a4f5cf5_0: 5755
D/installd(  141): /data/data/com.android.chrome/cache/Cache/287df04b4b27049e_0: 29443
D/installd(  141): /data/data/com.android.chrome/cache/Cache/4d60bb3215b47dcb_0: 25122
D/installd(  141): /data/data/com.android.chrome/cache/Cache/0ce844f70e4a2423_1: 119
D/installd(  141): /data/data/com.android.chrome/cache/Cache/194c94307ad893c1_0: 62490
D/installd(  141): /data/data/com.android.chrome/cache/Cache/334f2aa7748d0b93_0: 17589
D/installd(  141): /data/data/com.android.chrome/cache/Cache/ad833a2c1792f23c_1: 130
D/installd(  141): /data/data/com.android.chrome/cache/Cache/dd23e277e7e917fd_1: 130
D/installd(  141): /data/data/com.android.chrome/cache/Cache/287df04b4b27049e_1: 130
D/installd(  141): /data/data/com.android.chrome/cache/Cache/4d60bb3215b47dcb_1: 119
D/installd(  141): /data/data/com.android.chrome/cache/Cache/3781de68f331a7e7_0: 40274
D/installd(  141): /data/data/com.android.chrome/cache/Cache/3a393b4ba1841370_0: 59153
D/installd(  141): /data/data/com.android.chrome/cache/Cache/30d99bc960f61f76_0: 14389
D/installd(  141): /data/data/com.android.chrome/cache/Cache/cf789ed8bb7d93f6_0: 24224
D/installd(  141): /data/data/com.android.chrome/cache/Cache/efacae76a99ae10e_0: 5542
D/installd(  141): /data/data/com.android.chrome/cache/Cache/8baf5d747ec6ea36_0: 5472
D/installd(  141): /data/data/com.android.chrome/cache/Cache/9edba5d62fa5535e_0: 5801
D/installd(  141): /data/data/com.android.chrome/cache/Cache/bedc3b95b30f7f2b_0: 5530
D/installd(  141): /data/data/com.android.chrome/cache/Cache/747d2120ebb07290_0: 6826
D/installd(  141): /data/data/com.android.chrome/cache/Cache/d4f25a0797bcdf18_0: 5586
D/installd(  141): /data/data/com.android.chrome/cache/Cache/101c609371a4c883_0: 5446
D/installd(  141): /data/data/com.android.chrome/cache/Cache/a77eb545ee074464_0: 5448
D/installd(  141): /data/data/com.android.chrome/cache/Cache/c59ec262a52524b4_0: 5443
D/installd(  141): /data/data/com.android.chrome/cache/Cache/07c9c5066865cb7a_0: 6876
D/installd(  141): /data/data/com.android.chrome/cache/Cache/129c08a04dede913_0: 5847
D/installd(  141): /data/data/com.android.chrome/cache/Cache/445d5d49a39ab2c3_0: 13555
D/installd(  141): /data/data/com.android.chrome/cache/Cache/8ebaedfa1c3cad65_0: 47538
D/installd(  141): /data/data/com.android.chrome/cache/Cache/899d674f4e5d7976_0: 63940
D/installd(  141): /data/data/com.android.chrome/cache/Cache/600219ead5f790f9_0: 7411
D/installd(  141): /data/data/com.android.chrome/cache/Cache/c6fb148395efa831_0: 65665
D/installd(  141): /data/data/com.android.chrome/cache/Cache/6742aa01a86b0e4b_0: 12398
D/installd(  141): /data/data/com.android.chrome/cache/Cache/c105e82d10624420_0: 7751
D/installd(  141): /data/data/com.android.chrome/cache/Cache/7cfaf8674b056edd_0: 26644
D/installd(  141): /data/data/com.android.chrome/cache/Cache/4ebcf1adf8671115_0: 6925
D/installd(  141): /data/data/com.android.chrome/cache/Cache/227d7557a97dba92_0: 7751
D/installd(  141): /data/data/com.android.chrome/cache/Cache/9e67aaafe2e6eeb0_0: 6479
D/installd(  141): /data/data/com.android.chrome/cache/Cache/a5a69ce6be68c6fb_0: 6943
D/installd(  141): /data/data/com.android.chrome/cache/Cache/b938c83f75234114_0: 7258
D/installd(  141): /data/data/com.android.chrome/cache/Cache/b2a6f46ee545316b_0: 8765
D/installd(  141): /data/data/com.android.chrome/cache/Cache/6a20f28ee93d1cc1_0: 3747
D/installd(  141): /data/data/com.android.chrome/cache/Cache/79cce3e1d5e48b14_1: 100
D/installd(  141): /data/data/com.android.chrome/cache/Cache/16ad03c7ff57884d_1: 102
D/installd(  141): /data/data/com.android.chrome/cache/Cache/b2a6f46ee545316b_1: 109
D/installd(  141): /data/data/com.android.chrome/cache/Cache/73d96521e536ad20_0: 37000
D/installd(  141): /data/data/com.android.chrome/cache/Cache/91a63bb353523cfe_0: 1702
D/installd(  141): /data/data/com.android.chrome/cache/Cache/01eaaa57d38d9252_0: 855
D/installd(  141): /data/data/com.android.chrome/cache/Cache/07879eaa22952c3f_0: 1339
D/installd(  141): /data/data/com.android.chrome/cache/Cache/ab265f9b97b9049b_0: 1487
D/installd(  141): /data/data/com.android.chrome/cache/Cache/67d6ded88f9c2329_0: 596
D/installd(  141): /data/data/com.android.chrome/cache/Cache/07879eaa22952c3f_1: 103
D/installd(  141): /data/data/com.android.chrome/cache/Cache/76d4d73e7ebf7791_0: 1839
D/installd(  141): /data/data/com.android.chrome/cache/Cache/3155ec4d8b1ef6cc_0: 34202
D/installd(  141): /data/data/com.android.chrome/cache/Cache/ae6738094fddd3db_0: 14585
D/installd(  141): /data/data/com.android.chrome/cache/Cache/b1039ead6d1af22d_0: 79335
D/installd(  141): /data/data/com.android.chrome/cache/Cache/6e8f89e1dc564eeb_0: 8123
D/installd(  141): /data/data/com.android.chrome/cache/Cache/604c186339c9c9ca_0: 194078
D/installd(  141): /data/data/com.android.chrome/cache/Cache/b79730757dfee1d1_0: 22904
D/installd(  141): /data/data/com.android.chrome/cache/Cache/e3c276124e4c303c_0: 9889
D/installd(  141): /data/data/com.android.chrome/cache/Cache/71256897e32fa615_0: 3014
D/installd(  141): /data/data/com.android.chrome/cache/Cache/e21dabb980df5684_0: 838
D/installd(  141): /data/data/com.android.chrome/cache/Cache/7c6bb26d1d778aec_0: 796
D/installd(  141): /data/data/com.android.chrome/cache/Cache/5d64abb0f0709d8d_0: 829
D/installd(  141): /data/data/com.android.chrome/cache/Cache/00ed9ee63fb51932_0: 825
D/installd(  141): /data/data/com.android.chrome/cache/Cache/245ee12f954279ee_0: 27802
D/installd(  141): /data/data/com.android.chrome/cache/Cache/31a1f4a9b2f6d1fc_0: 10140
D/installd(  141): /data/data/com.android.chrome/cache/Cache/77558acf935cec32_0: 18133
D/installd(  141): /data/data/com.android.chrome/cache/Cache/ab727dc87ad88275_0: 3664
D/installd(  141): /data/data/com.android.chrome/cache/Cache/b79730757dfee1d1_1: 299
D/installd(  141): /data/data/com.android.chrome/cache/Cache/8bddbf658d412070_0: 838
D/installd(  141): /data/data/com.android.chrome/cache/Cache/6e8f89e1dc564eeb_1: 26792
D/installd(  141): /data/data/com.android.chrome/cache/Cache/604c186339c9c9ca_1: 639697
D/installd(  141): /data/data/com.android.chrome/cache/Cache/cc0ea5a7f6dae506_0: 699
D/installd(  141): /data/data/com.android.chrome/cache/Cache/876b30da574be281_0: 2113
D/installd(  141): /data/data/com.android.chrome/cache/Cache/30d8f8b0b70b51ca_0: 953
D/installd(  141): /data/data/com.android.chrome/cache/Cache/9075eebe2df6a357_0: 6379
D/installd(  141): /data/data/com.android.chrome/cache/Cache/c628bb1bb5558359_0: 718
D/installd(  141): /data/data/com.android.chrome/cache/Cache/6f2331e6bd7dc2c4_0: 888
D/installd(  141): /data/data/com.android.chrome/cache/Cache/125f4492a8c9f202_0: 2903
D/installd(  141): /data/data/com.android.chrome/cache/Cache/4201dc178749047c_0: 419
D/installd(  141): /data/data/com.android.chrome/cache/Cache/54d03232fc90bede_0: 418
D/installd(  141): /data/data/com.android.chrome/cache/Cache/cbb652871e368156_0: 511
D/installd(  141): /data/data/com.android.chrome/cache/Cache/125f4492a8c9f202_1: 128
D/installd(  141): /data/data/com.android.chrome/cache/Cache/83a514cdcf36c053_0: 1322
D/installd(  141): /data/data/com.android.chrome/cache/Cache/571af61e4634582d_0: 2373
D/installd(  141): /data/data/com.android.chrome/cache/Cache/11443e9df4f250fe_0: 665
D/installd(  141): /data/data/com.android.chrome/cache/Cache/a0d8dd525ecdb644_0: 3458
D/installd(  141): /data/data/com.android.chrome/cache/Cache/571af61e4634582d_1: 184
D/installd(  141): /data/data/com.android.chrome/cache/Cache/033072d328876992_0: 567
D/installd(  141): /data/data/com.android.chrome/cache/Cache/c08dd7a0d3ccede5_0: 718
D/installd(  141): /data/data/com.android.chrome/cache/Cache/83a514cdcf36c053_1: 309
D/installd(  141): /data/data/com.android.chrome/cache/Cache/a0d8dd525ecdb644_1: 496
D/installd(  141): /data/data/com.android.chrome/cache/Cache/7d5822f37b1da280_0: 3226
D/installd(  141): /data/data/com.android.chrome/cache/Cache/ef55d0c36261ab8f_0: 688
D/installd(  141): /data/data/com.android.chrome/cache/Cache/9282f12fbef38416_0: 490
D/installd(  141): /data/data/com.android.chrome/cache/Cache/c9579fc74bc87ed6_0: 610
D/installd(  141): /data/data/com.android.chrome/cache/Cache/bdad7d195488d000_0: 610
D/installd(  141): /data/data/com.android.chrome/cache/Cache/c6afd2dc8fcbb91e_0: 3035
D/installd(  141): /data/data/com.android.chrome/cache/Cache/c020cb5f33f8d589_0: 337
D/installd(  141): /data/data/com.android.chrome/cache/Cache/d951275576240bd2_0: 68058
D/installd(  141): /data/data/com.android.chrome/cache/Cache/9ec44605a4b10062_0: 779
D/installd(  141): /data/data/com.android.chrome/cache/Cache/520d9f124a73ac98_0: 640
D/installd(  141): /data/data/com.android.chrome/cache/Cache/f4ba12949a71d974_0: 14742
D/installd(  141): /data/data/com.android.chrome/cache/Cache/8c2692230f01f76b_0: 3633
D/installd(  141): /data/data/com.android.chrome/cache/Cache/745beb823c273da9_0: 61040
D/installd(  141): /data/data/com.android.chrome/cache/Cache/412d9dc35455393b_0: 6733
D/installd(  141): /data/data/com.android.chrome/cache/Cache/8edbc2c820a19329_0: 374828
D/installd(  141): /data/data/com.android.chrome/cache/Cache/ca919020562de407_0: 60409
D/installd(  141): /data/data/com.android.chrome/cache/Cache/10794a1a74d02f6d_0: 92970
D/installd(  141): /data/data/com.android.chrome/cache/Cache/3bd98a495509c40f_0: 1331
D/installd(  141): /data/data/com.android.chrome/cache/Cache/2d33071bff46c6ff_0: 72171
D/installd(  141): /data/data/com.android.chrome/cache/Cache/9adaf312412cbdb9_0: 114163
D/installd(  141): /data/data/com.android.chrome/cache/Cache/534938ff95e3c390_0: 73320
D/installd(  141): /data/data/com.android.chrome/cache/Cache/34e88a0085613d25_0: 1271
D/installd(  141): /data/data/com.android.chrome/cache/Cache/68279234dd05fbb3_0: 699
D/installd(  141): /data/data/com.android.chrome/cache/Cache/10794a1a74d02f6d_1: 232855
D/installd(  141): /data/data/com.android.chrome/cache/Cache/3bd98a495509c40f_1: 3083
D/installd(  141): /data/data/com.android.chrome/cache/Cache/e4dfdaed4b5682d7_0: 1093
D/installd(  141): /data/data/com.android.chrome/cache/Cache/792c8dde67a7ae4b_0: 1003
D/installd(  141): /data/data/com.android.chrome/cache/Cache/3c0db93c20bc6b9d_0: 418
D/installd(  141): /data/data/com.android.chrome/cache/Cache/3d78e74d4ca9b1c8_0: 417
D/installd(  141): /data/data/com.android.chrome/cache/Cache/5b932e704cd2d291_0: 2373
D/installd(  141): /data/data/com.android.chrome/cache/Cache/d465f276759cc6a7_0: 511
D/installd(  141): /data/data/com.android.chrome/cache/Cache/5b932e704cd2d291_1: 184
