D/ActivityThread(19796): BDC-Calling onReceive: intent=Intent { act=android.intent.action.PACKAGE_REMOVED dat=package:com.kay27.Glukalo flg=0x4000010 cmp=com.google.android.gms/.games.chimera.GamesSystemBroadcastReceiverProxy (has extras) }, ordered=true, receiver=com.google.android.gms.games.chimera.GamesSystemBroadcastReceiverProxy@424e1ea0
D/ActivityThread(19796): BDC-RECEIVER handled : 0 / ReceiverData{intent=Intent { act=android.intent.action.PACKAGE_REMOVED dat=package:com.kay27.Glukalo flg=0x4000010 cmp=com.google.android.gms/.games.chimera.GamesSystemBroadcastReceiverProxy (has extras) } packageName=com.google.android.gms resultCode=0 resultData=null resultExtras=null}
D/ActivityThread(19796): SVC-Creating service: CreateServiceData{token=android.os.BinderProxy@4252db28 className=com.google.android.gms.games.chimera.GamesAsyncServiceProxy packageName=com.google.android.gms intent=null}
D/ActivityThread(19796): SVC-CREATE_SERVICE handled : 0 / CreateServiceData{token=android.os.BinderProxy@4252db28 className=com.google.android.gms.games.chimera.GamesAsyncServiceProxy packageName=com.google.android.gms intent=null}
D/ActivityThread(19796): SVC-SERVICE_ARGS handled : 0 / ServiceArgsData{token=android.os.BinderProxy@4252db28 startId=1 args=Intent { act=com.google.android.gms.games.service.ASYNC pkg=com.google.android.gms }}
I/PackageManager(  828): Apk copy done
I/PackageManager(  828): Apk copy done
D/ActivityThread(19820): BDC-Calling onReceive: intent=Intent { act=android.intent.action.PACKAGE_REMOVED dat=package:com.kay27.Glukalo flg=0x4000010 cmp=com.google.android.gms/.gcm.GcmPackageTracker$GcmPackageChangeReceiver (has extras) }, ordered=true, receiver=com.google.android.gms.gcm.GcmPackageTracker$GcmPackageChangeReceiver@4218ea58
I/PackageManager(  828): Apk copy done
D/ActivityThread(19912): SVC-Creating service: CreateServiceData{token=android.os.BinderProxy@4215ee30 className=com.google.android.location.util.PreferenceService packageName=com.google.android.gms intent=null}
D/ActivityThread(19912): SVC-CREATE_SERVICE handled : 0 / CreateServiceData{token=android.os.BinderProxy@4215ee30 className=com.google.android.location.util.PreferenceService packageName=com.google.android.gms intent=null}
D/ActivityThread(19912): SVC-BIND_SERVICE handled : 0 / BindServiceData{token=android.os.BinderProxy@4215ee30 intent=Intent { cmp=com.google.android.gms/com.google.android.location.util.PreferenceService }}
I/PackageManager(  828): Apk copy done
I/PackageManager(  828): Apk copy done
I/PackageManager(  828): Apk copy done
I/ActivityManager(  828): Delay finish: com.google.android.gms/.gcm.GcmPackageTracker$GcmPackageChangeReceiver
D/ActivityThread(19820): BDC-RECEIVER handled : 0 / ReceiverData{intent=Intent { act=android.intent.action.PACKAGE_REMOVED dat=package:com.kay27.Glukalo flg=0x4000010 cmp=com.google.android.gms/.gcm.GcmPackageTracker$GcmPackageChangeReceiver (has extras) } packageName=com.google.android.gms resultCode=0 resultData=null resultExtras=null}
I/PackageManager(  828): Apk copy done
D/ActivityThread(19912): SVC-Creating service: CreateServiceData{token=android.os.BinderProxy@4261a988 className=com.google.android.gms.wearable.service.WearableControlService packageName=com.google.android.gms intent=null}
D/ActivityThread(19796): SVC-Creating service: CreateServiceData{token=android.os.BinderProxy@42556408 className=com.google.android.gms.drive.api.DriveAsyncService packageName=com.google.android.gms intent=null}
D/ActivityThread(19796): SVC-CREATE_SERVICE handled : 0 / CreateServiceData{token=android.os.BinderProxy@42556408 className=com.google.android.gms.drive.api.DriveAsyncService packageName=com.google.android.gms intent=null}
D/ActivityThread(19796): SVC-SERVICE_ARGS handled : 0 / ServiceArgsData{token=android.os.BinderProxy@42556408 startId=1 args=Intent { act=com.google.android.gms.drive.EXECUTE pkg=com.google.android.gms }}
D/ActivityThread(19796): SVC-Creating service: CreateServiceData{token=android.os.BinderProxy@4223f530 className=com.google.android.gms.googlehelp.service.ClearHelpHistoryIntentService packageName=com.google.android.gms intent=null}
D/ActivityThread(19912): SVC-CREATE_SERVICE handled : 0 / CreateServiceData{token=android.os.BinderProxy@4261a988 className=com.google.android.gms.wearable.service.WearableControlService packageName=com.google.android.gms intent=null}
D/ActivityThread(19912): SVC-SERVICE_ARGS handled : 0 / ServiceArgsData{token=android.os.BinderProxy@4261a988 startId=1 args=Intent { act=com.google.android.gms.wearable.ACTION_PACKAGE_REMOVED dat=package:com.kay27.Glukalo cmp=com.google.android.gms/.wearable.service.WearableControlService }}
I/ActivityManager(  828): Resuming delayed broadcast
I/PackageManager(  828): Apk copy done
D/ActivityThread(19912): SVC-Destroying service: com.google.android.gms.wearable.service.WearableControlService@422424f8
D/ActivityThread(19912): SVC-STOP_SERVICE handled : 0 / android.os.BinderProxy@4261a988
D/ActivityThread(19820): BDC-Calling onReceive: intent=Intent { act=android.intent.action.PACKAGE_REMOVED dat=package:com.kay27.Glukalo flg=0x4000010 cmp=com.google.android.gms/.gcm.nts.SchedulerReceiver (has extras) }, ordered=true, receiver=com.google.android.gms.gcm.nts.SchedulerReceiver@42191a20
D/ActivityThread(19820): BDC-RECEIVER handled : 0 / ReceiverData{intent=Intent { act=android.intent.action.PACKAGE_REMOVED dat=package:com.kay27.Glukalo flg=0x4000010 cmp=com.google.android.gms/.gcm.nts.SchedulerReceiver (has extras) } packageName=com.google.android.gms resultCode=0 resultData=null resultExtras=null}
D/PowerManagerService(  828): acquireWakeLockInternal: lock=1112341240, flags=0x1, tag="*net_scheduler*", ws=WorkSource{10008 com.google.android.gms}, uid=10008, pid=19820
D/PowerManagerNotifier(  828): onWakeLockAcquired: flags=1, tag="*net_scheduler*", packageName=com.google.android.gms, ownerUid=10008, ownerPid=19820, workSource=WorkSource{10008 com.google.android.gms}
D/PowerManagerService(  828): updateWakeLockSummaryLocked: mWakefulness=Awake, mWakeLockSummary=0x23
D/PowerManagerService(  828): newScreenState = 2
D/PowerManagerDisplayController(  828): requestPowerState: screenState=2, useProximitySensor=false, forceProximitySensorEnable=false, forceWakeUpEnable=false, screenBrightness=102, screenAutoBrightnessAdjustment=0.0, useAutoBrightness=true, useEcoBrightness=false, blockScreenOn=false, waitForNegativeProximity=false
I/PowerManagerService(  828): setBrightness 2 mButtonLight 0.
D/PowerManagerService(  828): updateScreenStateLocked: mDisplayReady=true, newScreenState=2, mWakefulness=1, mWakeLockSummary=0x23, mUserActivitySummary=0x1, mBootCompleted=true
D/PowerManagerService(  828): handleSandman: canDream=false, mWakefulness=Awake
D/ConnectivityService(  828): getActiveNetworkInfo:NetworkInfo: type: WIFI[], state: CONNECTED/CONNECTED, reason: (unspecified), extra: "jjj", roaming: false, failover: false, isAvailable: true, isConnectedToProvisioningNetwork: false, simId: 0/10008
D/ActivityThread(19796): SVC-CREATE_SERVICE handled : 0 / CreateServiceData{token=android.os.BinderProxy@4223f530 className=com.google.android.gms.googlehelp.service.ClearHelpHistoryIntentService packageName=com.google.android.gms intent=null}
D/ActivityThread(19796): SVC-SERVICE_ARGS handled : 0 / ServiceArgsData{token=android.os.BinderProxy@4223f530 startId=1 args=Intent { cmp=com.google.android.gms/.googlehelp.service.ClearHelpHistoryIntentService (has extras) }}
D/ActivityThread(19796): SVC-Creating service: CreateServiceData{token=android.os.BinderProxy@42471260 className=com.google.android.gms.appstate.service.AppStateIntentService packageName=com.google.android.gms intent=null}
D/ActivityThread(19796): SVC-CREATE_SERVICE handled : 0 / CreateServiceData{token=android.os.BinderProxy@42471260 className=com.google.android.gms.appstate.service.AppStateIntentService packageName=com.google.android.gms intent=null}
D/ActivityThread(19796): SVC-SERVICE_ARGS handled : 0 / ServiceArgsData{token=android.os.BinderProxy@42471260 startId=1 args=Intent { act=com.google.android.gms.appstate.service.INTENT pkg=com.google.android.gms }}
D/ActivityThread(19912): SVC-UNBIND_SERVICE handled : 0 / BindServiceData{token=android.os.BinderProxy@4215ee30 intent=Intent { cmp=com.google.android.gms/com.google.android.location.util.PreferenceService }}
D/ActivityThread(19912): SVC-Destroying service: com.google.android.location.util.PreferenceService@4225d7f0
D/ActivityThread(19912): SVC-STOP_SERVICE handled : 0 / android.os.BinderProxy@4215ee30
I/PackageManager(  828): Apk copy done
D/PowerManagerService(  828): releaseWakeLockInternal: lock=1112341240 [*net_scheduler*], flags=0x0, total_time=30ms
D/PowerManagerNotifier(  828): onWakeLockReleased: flags=1, tag="*net_scheduler*", packageName=com.google.android.gms, ownerUid=10008, ownerPid=19820, workSource=WorkSource{10008 com.google.android.gms}
D/PowerManagerService(  828): updateWakeLockSummaryLocked: mWakefulness=Awake, mWakeLockSummary=0x23
D/PowerManagerService(  828): newScreenState = 2
D/PowerManagerDisplayController(  828): requestPowerState: screenState=2, useProximitySensor=false, forceProximitySensorEnable=false, forceWakeUpEnable=false, screenBrightness=102, screenAutoBrightnessAdjustment=0.0, useAutoBrightness=true, useEcoBrightness=false, blockScreenOn=false, waitForNegativeProximity=false
I/PowerManagerService(  828): setBrightness 2 mButtonLight 0.
D/PowerManagerService(  828): updateScreenStateLocked: mDisplayReady=true, newScreenState=2, mWakefulness=1, mWakeLockSummary=0x23, mUserActivitySummary=0x1, mBootCompleted=true
D/PowerManagerService(  828): handleSandman: canDream=false, mWakefulness=Awake
I/PackageManager(  828): Apk copy done
I/PackageManager(  828): Apk copy done
I/PackageManager(  828): Apk copy done
D/ActivityThread( 9672): BDC-Calling onReceive: intent=Intent { act=android.intent.action.PACKAGE_REMOVED dat=package:com.kay27.Glukalo flg=0x4000010 cmp=com.google.android.googlequicksearchbox/com.google.android.apps.gsa.search.core.icingsync.IcingCorporaChangedReceiver (has extras) }, ordered=true, receiver=com.google.android.apps.gsa.search.core.icingsync.IcingCorporaChangedReceiver@42401850
I/PackageManager(  828): Apk copy done
D/ActivityThread( 9672): BDC-RECEIVER handled : 0 / ReceiverData{intent=Intent { act=android.intent.action.PACKAGE_REMOVED dat=package:com.kay27.Glukalo flg=0x4000010 cmp=com.google.android.googlequicksearchbox/com.google.android.apps.gsa.search.core.icingsync.IcingCorporaChangedReceiver (has extras) } packageName=com.google.android.googlequicksearchbox resultCode=0 resultData=null resultExtras=null}
D/ActivityThread( 9672): SVC-Creating service: CreateServiceData{token=android.os.BinderProxy@42402e48 className=com.google.android.apps.gsa.search.core.icingsync.UpdateIcingCorporaService packageName=com.google.android.googlequicksearchbox intent=null}
V/ActivityManager(  828): Broadcast sticky: Intent { act=android.intent.action.BATTERY_CHANGED flg=0x60000010 (has extras) } ordered=false userid=-1 callerApp=null
D/WifiService(  828): onReceive, action:android.intent.action.BATTERY_CHANGED
D/UsbDeviceManager(  828): onReceive - BATTERY_CHANGED - mPlugType: 2, mSettingUsbCharging: false, mConnected: true, mSettingUsbBicr: false
D/PowerManagerService(  828): updateIsPoweredLocked: wasPowered=true, mIsPowered=true, oldPlugType=2, mPlugType=2, mBatteryLevel=89
D/WifiController(  828): DeviceActiveState{ when=0 what=155652 arg1=2 target=com.android.internal.util.StateMachine$SmHandler target=Handler (com.android.internal.util.StateMachine$SmHandler) {42c25de0} }
D/PowerManagerService(  828): handleSandman: canDream=false, mWakefulness=Awake
D/WifiController(  828): StaEnabledState{ when=-1ms what=155652 arg1=2 target=com.android.internal.util.StateMachine$SmHandler target=Handler (com.android.internal.util.StateMachine$SmHandler) {42c25de0} }
D/WifiController(  828): DefaultState{ when=-3ms what=155652 arg1=2 target=com.android.internal.util.StateMachine$SmHandler target=Handler (com.android.internal.util.StateMachine$SmHandler) {42c25de0} }
D/WifiController(  828): battery changed pluggedType: 2
D/ActivityManager(  828): getContentProviderImpl: from callerandroid.app.ApplicationThreadProxy@42ee7678 (pid=15870) to get content provider com.facebook.katana.provider.AttributionIdProvider
E/ActivityThread(15870): Failed to find provider info for com.facebook.katana.provider.AttributionIdProvider
D/ActivityThread(19796): SVC-Creating service: CreateServiceData{token=android.os.BinderProxy@4260cca0 className=com.google.android.gms.people.service.bg.PeopleBackgroundTasks packageName=com.google.android.gms intent=null}
D/ActivityThread(19796): SVC-CREATE_SERVICE handled : 0 / CreateServiceData{token=android.os.BinderProxy@4260cca0 className=com.google.android.gms.people.service.bg.PeopleBackgroundTasks packageName=com.google.android.gms intent=null}
I/PackageManager(  828): Apk copy done
D/ActivityThread(19796): SVC-SERVICE_ARGS handled : 0 / ServiceArgsData{token=android.os.BinderProxy@4260cca0 startId=1 args=Intent { cmp=com.google.android.gms/.people.service.bg.PeopleBackgroundTasks }}
D/ActivityThread(19796): SVC-Creating service: CreateServiceData{token=android.os.BinderProxy@42279fd0 className=com.google.android.gms.icing.service.IndexWorkerService packageName=com.google.android.gms intent=null}
D/ActivityThread(19912): SVC-Creating service: CreateServiceData{token=android.os.BinderProxy@4261ae50 className=com.google.android.gms.fitness.disconnect.FitCleanupService packageName=com.google.android.gms intent=null}
D/PowerManagerService(  828): acquireWakeLockInternal: lock=1122301648, flags=0x1, tag="Icing", ws=WorkSource{10008 com.google.android.gms}, uid=10008, pid=19796
D/PowerManagerNotifier(  828): onWakeLockAcquired: flags=1, tag="Icing", packageName=com.google.android.gms, ownerUid=10008, ownerPid=19796, workSource=WorkSource{10008 com.google.android.gms}
D/PowerManagerService(  828): updateWakeLockSummaryLocked: mWakefulness=Awake, mWakeLockSummary=0x23
D/PowerManagerService(  828): newScreenState = 2
D/PowerManagerDisplayController(  828): requestPowerState: screenState=2, useProximitySensor=false, forceProximitySensorEnable=false, forceWakeUpEnable=false, screenBrightness=102, screenAutoBrightnessAdjustment=0.0, useAutoBrightness=true, useEcoBrightness=false, blockScreenOn=false, waitForNegativeProximity=false
I/PowerManagerService(  828): setBrightness 2 mButtonLight 0.
D/PowerManagerService(  828): updateScreenStateLocked: mDisplayReady=true, newScreenState=2, mWakefulness=1, mWakeLockSummary=0x23, mUserActivitySummary=0x1, mBootCompleted=true
D/PowerManagerService(  828): handleSandman: canDream=false, mWakefulness=Awake
D/ActivityThread(19796): SVC-CREATE_SERVICE handled : 0 / CreateServiceData{token=android.os.BinderProxy@42279fd0 className=com.google.android.gms.icing.service.IndexWorkerService packageName=com.google.android.gms intent=null}
D/ActivityThread(19796): SVC-SERVICE_ARGS handled : 0 / ServiceArgsData{token=android.os.BinderProxy@42279fd0 startId=1 args=Intent { act=android.intent.action.PACKAGE_REMOVED dat=package:com.kay27.Glukalo flg=0x4000010 cmp=com.google.android.gms/.icing.service.IndexWorkerService (has extras) }}
D/ActivityThread(19796): SVC-Creating service: CreateServiceData{token=android.os.BinderProxy@42766920 className=com.google.android.gms.icing.proxy.AppsMonitorIntentService packageName=com.google.android.gms intent=null}
D/ActivityThread(19912): SVC-CREATE_SERVICE handled : 0 / CreateServiceData{token=android.os.BinderProxy@4261ae50 className=com.google.android.gms.fitness.disconnect.FitCleanupService packageName=com.google.android.gms intent=null}
D/ActivityThread(19912): SVC-SERVICE_ARGS handled : 0 / ServiceArgsData{token=android.os.BinderProxy@4261ae50 startId=1 args=Intent { cmp=com.google.android.gms/.fitness.disconnect.FitCleanupService (has extras) }}
I/PackageManager(  828): Apk copy done
D/ActivityThread(19912): SVC-Destroying service: com.google.android.gms.fitness.disconnect.FitCleanupService@423e2ce8
D/ActivityThread(19912): SVC-STOP_SERVICE handled : 0 / android.os.BinderProxy@4261ae50
D/ActivityThread(19796): SVC-CREATE_SERVICE handled : 0 / CreateServiceData{token=android.os.BinderProxy@42766920 className=com.google.android.gms.icing.proxy.AppsMonitorIntentService packageName=com.google.android.gms intent=null}
V/ActivityManager(  828): Broadcast: Intent { act=com.google.android.gms.icing.IME_NOTIFICATION flg=0x10 pkg=com.google.android.apps.inputmethod.cantonese (has extras) } ordered=false userid=0 callerApp=ProcessRecord{42d9eee0 19796:com.google.android.gms/u0a8}
D/ActivityThread(19796): SVC-SERVICE_ARGS handled : 0 / ServiceArgsData{token=android.os.BinderProxy@42766920 startId=1 args=Intent { act=android.intent.action.PACKAGE_REMOVED dat=package:com.kay27.Glukalo flg=0x4000010 cmp=com.google.android.gms/.icing.proxy.AppsMonitorIntentService (has extras) }}
D/ActivityThread(19796): SVC-Creating service: CreateServiceData{token=android.os.BinderProxy@425bc518 className=com.google.android.gms.icing.proxy.UpdateIcingCorporaService packageName=com.google.android.gms intent=null}
V/ActivityManager(  828): Broadcast: Intent { act=com.google.android.gms.icing.IME_NOTIFICATION flg=0x10 pkg=com.google.android.apps.inputmethod.hindi (has extras) } ordered=false userid=0 callerApp=ProcessRecord{42d9eee0 19796:com.google.android.gms/u0a8}
V/ActivityManager(  828): Broadcast: Intent { act=com.google.android.gms.icing.IME_NOTIFICATION flg=0x10 pkg=com.google.android.apps.inputmethod.zhuyin (has extras) } ordered=false userid=0 callerApp=ProcessRecord{42d9eee0 19796:com.google.android.gms/u0a8}
V/ActivityManager(  828): Broadcast: Intent { act=com.google.android.gms.icing.IME_NOTIFICATION flg=0x10 pkg=com.android.inputmethod.latin (has extras) } ordered=false userid=0 callerApp=ProcessRecord{42d9eee0 19796:com.google.android.gms/u0a8}
D/ActivityThread(19796): SVC-CREATE_SERVICE handled : 0 / CreateServiceData{token=android.os.BinderProxy@425bc518 className=com.google.android.gms.icing.proxy.UpdateIcingCorporaService packageName=com.google.android.gms intent=null}
D/ActivityThread(19796): SVC-SERVICE_ARGS handled : 0 / ServiceArgsData{token=android.os.BinderProxy@425bc518 startId=1 args=Intent { act=ACTION_UPDATE cmp=com.google.android.gms/.icing.proxy.UpdateIcingCorporaService (has extras) }}
V/ActivityManager(  828): Broadcast: Intent { act=com.google.android.gms.icing.IME_NOTIFICATION flg=0x10 pkg=com.google.android.inputmethod.korean (has extras) } ordered=false userid=0 callerApp=ProcessRecord{42d9eee0 19796:com.google.android.gms/u0a8}
V/ActivityManager(  828): Broadcast: Intent { act=com.google.android.gms.icing.IME_NOTIFICATION flg=0x10 pkg=com.google.android.inputmethod.pinyin (has extras) } ordered=false userid=0 callerApp=ProcessRecord{42d9eee0 19796:com.google.android.gms/u0a8}
V/ActivityManager(  828): Broadcast: Intent { act=com.google.android.gms.icing.IME_NOTIFICATION flg=0x10 pkg=com.google.android.inputmethod.japanese (has extras) } ordered=false userid=0 callerApp=ProcessRecord{42d9eee0 19796:com.google.android.gms/u0a8}
V/ActivityManager(  828): Broadcast: Intent { act=com.google.android.gms.icing.IME_NOTIFICATION flg=0x10 pkg=com.google.android.inputmethod.latin.dogfood (has extras) } ordered=false userid=0 callerApp=ProcessRecord{42d9eee0 19796:com.google.android.gms/u0a8}
V/ActivityManager(  828): Broadcast: Intent { act=com.google.android.gms.icing.IME_NOTIFICATION flg=0x10 pkg=com.google.android.inputmethod.latin (has extras) } ordered=false userid=0 callerApp=ProcessRecord{42d9eee0 19796:com.google.android.gms/u0a8}
I/PackageManager(  828): Apk copy done
V/ActivityManager(  828): Broadcast: Intent { act=com.google.android.gms.icing.IME_NOTIFICATION flg=0x10 pkg=com.google.android.apps.inputmethod.cantonese (has extras) } ordered=false userid=0 callerApp=ProcessRecord{42d9eee0 19796:com.google.android.gms/u0a8}
D/ActivityThread( 9672): SVC-CREATE_SERVICE handled : 0 / CreateServiceData{token=android.os.BinderProxy@42402e48 className=com.google.android.apps.gsa.search.core.icingsync.UpdateIcingCorporaService packageName=com.google.android.googlequicksearchbox intent=null}
D/ActivityThread( 9672): SVC-SERVICE_ARGS handled : 0 / ServiceArgsData{token=android.os.BinderProxy@42402e48 startId=1 args=Intent { act=ACTION_INCREMENTAL_APP_LOGGING cmp=com.google.android.googlequicksearchbox/com.google.android.apps.gsa.search.core.icingsync.UpdateIcingCorporaService (has extras) }}
D/ActivityThread( 9672): SVC-SERVICE_ARGS handled : 0 / ServiceArgsData{token=android.os.BinderProxy@42402e48 startId=2 args=Intent { act=ACTION_UPDATE cmp=com.google.android.googlequicksearchbox/com.google.android.apps.gsa.search.core.icingsync.UpdateIcingCorporaService (has extras) }}
V/ActivityManager(  828): Broadcast: Intent { act=com.google.android.gms.icing.IME_NOTIFICATION flg=0x10 pkg=com.google.android.apps.inputmethod.hindi (has extras) } ordered=false userid=0 callerApp=ProcessRecord{42d9eee0 19796:com.google.android.gms/u0a8}
V/ActivityManager(  828): Broadcast: Intent { act=com.google.android.gms.icing.IME_NOTIFICATION flg=0x10 pkg=com.google.android.apps.inputmethod.zhuyin (has extras) } ordered=false userid=0 callerApp=ProcessRecord{42d9eee0 19796:com.google.android.gms/u0a8}
V/ActivityManager(  828): Broadcast: Intent { act=com.google.android.gms.icing.IME_NOTIFICATION flg=0x10 pkg=com.android.inputmethod.latin (has extras) } ordered=false userid=0 callerApp=ProcessRecord{42d9eee0 19796:com.google.android.gms/u0a8}
V/ActivityManager(  828): Broadcast: Intent { act=com.google.android.gms.icing.IME_NOTIFICATION flg=0x10 pkg=com.google.android.inputmethod.korean (has extras) } ordered=false userid=0 callerApp=ProcessRecord{42d9eee0 19796:com.google.android.gms/u0a8}
V/ActivityManager(  828): Broadcast: Intent { act=com.google.android.gms.icing.IME_NOTIFICATION flg=0x10 pkg=com.google.android.inputmethod.pinyin (has extras) } ordered=false userid=0 callerApp=ProcessRecord{42d9eee0 19796:com.google.android.gms/u0a8}
V/ActivityManager(  828): Broadcast: Intent { act=com.google.android.gms.icing.IME_NOTIFICATION flg=0x10 pkg=com.google.android.inputmethod.japanese (has extras) } ordered=false userid=0 callerApp=ProcessRecord{42d9eee0 19796:com.google.android.gms/u0a8}
V/ActivityManager(  828): Broadcast: Intent { act=com.google.android.gms.icing.IME_NOTIFICATION flg=0x10 pkg=com.google.android.inputmethod.latin.dogfood (has extras) } ordered=false userid=0 callerApp=ProcessRecord{42d9eee0 19796:com.google.android.gms/u0a8}
V/ActivityManager(  828): Broadcast: Intent { act=com.google.android.gms.icing.IME_NOTIFICATION flg=0x10 pkg=com.google.android.inputmethod.latin (has extras) } ordered=false userid=0 callerApp=ProcessRecord{42d9eee0 19796:com.google.android.gms/u0a8}
I/PackageManager(  828): Apk copy done
I/PackageManager(  828): Apk copy done
D/ActivityThread(19796): SVC-Creating service: CreateServiceData{token=android.os.BinderProxy@42297538 className=com.google.android.gms.ads.identifier.service.AdvertisingIdService packageName=com.google.android.gms intent=null}
D/ActivityThread( 9672): BDC-Calling onReceive: intent=Intent { act=android.intent.action.PACKAGE_REMOVED dat=package:com.kay27.Glukalo flg=0x4000010 cmp=com.google.android.googlequicksearchbox/com.google.android.apps.gsa.googlequicksearchbox.GelStubAppWatcher (has extras) }, ordered=true, receiver=com.google.android.apps.gsa.googlequicksearchbox.GelStubAppWatcher@4240af80
D/ActivityThread( 9672): BDC-RECEIVER handled : 0 / ReceiverData{intent=Intent { act=android.intent.action.PACKAGE_REMOVED dat=package:com.kay27.Glukalo flg=0x4000010 cmp=com.google.android.googlequicksearchbox/com.google.android.apps.gsa.googlequicksearchbox.GelStubAppWatcher (has extras) } packageName=com.google.android.googlequicksearchbox resultCode=0 resultData=null resultExtras=null}
D/ActivityThread(20540): BDC-Calling onReceive: intent=Intent { act=android.intent.action.PACKAGE_REMOVED dat=package:com.kay27.Glukalo flg=0x4000010 cmp=com.kingroot.kinguser/com.kingroot.common.framework.broadcast.KSysBroadcastReceiver (has extras) }, ordered=true, receiver=com.kingroot.common.framework.broadcast.KSysBroadcastReceiver@424bdb50
I/PackageManager(  828): Apk copy done
D/PowerManagerService(  828): acquireWakeLockInternal: lock=1126901664, flags=0x20000001, tag="wk_mgr", ws=null, uid=10140, pid=20540
D/PowerManagerNotifier(  828): onWakeLockAcquired: flags=536870913, tag="wk_mgr", packageName=com.kingroot.kinguser, ownerUid=10140, ownerPid=20540, workSource=null
D/PowerManagerService(  828): updateWakeLockSummaryLocked: mWakefulness=Awake, mWakeLockSummary=0x23
D/PowerManagerService(  828): newScreenState = 2
D/PowerManagerDisplayController(  828): requestPowerState: screenState=2, useProximitySensor=false, forceProximitySensorEnable=false, forceWakeUpEnable=false, screenBrightness=102, screenAutoBrightnessAdjustment=0.0, useAutoBrightness=true, useEcoBrightness=false, blockScreenOn=false, waitForNegativeProximity=false
I/PowerManagerService(  828): setBrightness 2 mButtonLight 0.
D/PowerManagerService(  828): updateScreenStateLocked: mDisplayReady=true, newScreenState=2, mWakefulness=1, mWakeLockSummary=0x23, mUserActivitySummary=0x1, mBootCompleted=true
D/PowerManagerService(  828): handleSandman: canDream=false, mWakefulness=Awake
D/ActivityThread(19796): SVC-CREATE_SERVICE handled : 0 / CreateServiceData{token=android.os.BinderProxy@42297538 className=com.google.android.gms.ads.identifier.service.AdvertisingIdService packageName=com.google.android.gms intent=null}
D/PowerManagerService(  828): releaseWakeLockInternal: lock=1126901664 [wk_mgr], flags=0x0, total_time=46ms
D/PowerManagerNotifier(  828): onWakeLockReleased: flags=536870913, tag="wk_mgr", packageName=com.kingroot.kinguser, ownerUid=10140, ownerPid=20540, workSource=null
D/PowerManagerService(  828): release partial wake lock with ON_AFTER_RELEASE, do nothing
D/PowerManagerService(  828): updateWakeLockSummaryLocked: mWakefulness=Awake, mWakeLockSummary=0x23
D/PowerManagerService(  828): newScreenState = 2
D/PowerManagerDisplayController(  828): requestPowerState: screenState=2, useProximitySensor=false, forceProximitySensorEnable=false, forceWakeUpEnable=false, screenBrightness=102, screenAutoBrightnessAdjustment=0.0, useAutoBrightness=true, useEcoBrightness=false, blockScreenOn=false, waitForNegativeProximity=false
I/PowerManagerService(  828): setBrightness 2 mButtonLight 0.
D/PowerManagerService(  828): updateScreenStateLocked: mDisplayReady=true, newScreenState=2, mWakefulness=1, mWakeLockSummary=0x23, mUserActivitySummary=0x1, mBootCompleted=true
D/ActivityThread(19796): SVC-BIND_SERVICE handled : 0 / BindServiceData{token=android.os.BinderProxy@42297538 intent=Intent { act=com.google.android.gms.ads.identifier.service.START pkg=com.google.android.gms }}
D/ActivityThread(19796): SVC-Destroying service: com.google.android.gms.app.service.PackageBroadcastService@424e2f78
D/ActivityThread(19796): SVC-STOP_SERVICE handled : 0 / android.os.BinderProxy@42429778
D/PowerManagerService(  828): acquireWakeLockInternal: lock=1131164808, flags=0x20000001, tag="wk_mgr", ws=null, uid=10140, pid=20540
D/PowerManagerNotifier(  828): onWakeLockAcquired: flags=536870913, tag="wk_mgr", packageName=com.kingroot.kinguser, ownerUid=10140, ownerPid=20540, workSource=null
D/PowerManagerService(  828): updateWakeLockSummaryLocked: mWakefulness=Awake, mWakeLockSummary=0x23
D/PowerManagerService(  828): newScreenState = 2
D/PowerManagerDisplayController(  828): requestPowerState: screenState=2, useProximitySensor=false, forceProximitySensorEnable=false, forceWakeUpEnable=false, screenBrightness=102, screenAutoBrightnessAdjustment=0.0, useAutoBrightness=true, useEcoBrightness=false, blockScreenOn=false, waitForNegativeProximity=false
I/PowerManagerService(  828): setBrightness 2 mButtonLight 0.
D/PowerManagerService(  828): updateScreenStateLocked: mDisplayReady=true, newScreenState=2, mWakefulness=1, mWakeLockSummary=0x23, mUserActivitySummary=0x1, mBootCompleted=true
D/PowerManagerService(  828): handleSandman: canDream=false, mWakefulness=Awake
V/ActivityManager(  828): Broadcast: Intent { act=com.kingroot.kinguser.gamebox.ACTION_GAME_DELETED flg=0x10 (has extras) } ordered=false userid=0 callerApp=ProcessRecord{421c3888 20540:com.kingroot.kinguser:service/u0a140}
D/PowerManagerService(  828): releaseWakeLockInternal: lock=1131164808 [wk_mgr], flags=0x0, total_time=14ms
D/ActivityThread(19796): SVC-SERVICE_ARGS handled : 0 / ServiceArgsData{token=android.os.BinderProxy@42279fd0 startId=2 args=Intent { act=com.google.android.gms.icing.START_STICKY cmp=com.google.android.gms/.icing.service.IndexWorkerService }}
D/PowerManagerNotifier(  828): onWakeLockReleased: flags=536870913, tag="wk_mgr", packageName=com.kingroot.kinguser, ownerUid=10140, ownerPid=20540, workSource=null
D/PowerManagerService(  828): release partial wake lock with ON_AFTER_RELEASE, do nothing
D/PowerManagerService(  828): updateWakeLockSummaryLocked: mWakefulness=Awake, mWakeLockSummary=0x23
D/PowerManagerService(  828): newScreenState = 2
D/PowerManagerDisplayController(  828): requestPowerState: screenState=2, useProximitySensor=false, forceProximitySensorEnable=false, forceWakeUpEnable=false, screenBrightness=102, screenAutoBrightnessAdjustment=0.0, useAutoBrightness=true, useEcoBrightness=false, blockScreenOn=false, waitForNegativeProximity=false
I/PowerManagerService(  828): setBrightness 2 mButtonLight 0.
D/PowerManagerService(  828): updateScreenStateLocked: mDisplayReady=true, newScreenState=2, mWakefulness=1, mWakeLockSummary=0x23, mUserActivitySummary=0x1, mBootCompleted=true
D/PowerManagerService(  828): handleSandman: canDream=false, mWakefulness=Awake
D/ActivityThread(20540): BDC-RECEIVER handled : 0 / ReceiverData{intent=Intent { act=android.intent.action.PACKAGE_REMOVED dat=package:com.kay27.Glukalo flg=0x4000010 cmp=com.kingroot.kinguser/com.kingroot.common.framework.broadcast.KSysBroadcastReceiver (has extras) } packageName=com.kingroot.kinguser resultCode=0 resultData=null resultExtras=null}
D/ActivityThread(19796): SVC-Destroying service: com.google.android.gms.people.service.bg.PeopleBackgroundTasks@423c7ed8
D/ActivityThread(19796): SVC-STOP_SERVICE handled : 0 / android.os.BinderProxy@4260cca0
D/ActivityThread(19796): SVC-Destroying service: com.google.android.gms.googlehelp.service.ClearHelpHistoryIntentService@421f46d0
D/ActivityThread(19796): SVC-STOP_SERVICE handled : 0 / android.os.BinderProxy@4223f530
D/ActivityThread(19796): SVC-Destroying service: com.google.android.gms.icing.proxy.AppsMonitorIntentService@42632420
D/ActivityThread(19796): SVC-STOP_SERVICE handled : 0 / android.os.BinderProxy@42766920
D/ActivityThread(19796): SVC-Destroying service: com.google.android.gms.icing.proxy.UpdateIcingCorporaService@42595d40
D/ActivityThread(19796): SVC-STOP_SERVICE handled : 0 / android.os.BinderProxy@425bc518
D/ActivityManager(  828): getContentProviderImpl: from callerandroid.app.ApplicationThreadProxy@42e71f10 (pid=15870) to get content provider com.facebook.katana.provider.AttributionIdProvider
I/PackageManager(  828): Apk copy done
E/ActivityThread(15870): Failed to find provider info for com.facebook.katana.provider.AttributionIdProvider
D/ActivityThread(19796): SVC-UNBIND_SERVICE handled : 0 / BindServiceData{token=android.os.BinderProxy@42297538 intent=Intent { act=com.google.android.gms.ads.identifier.service.START pkg=com.google.android.gms }}
D/ActivityThread(19796): SVC-Destroying service: com.google.android.gms.ads.identifier.service.AdvertisingIdService@421b8470
D/ActivityThread(19796): SVC-STOP_SERVICE handled : 0 / android.os.BinderProxy@42297538
D/ActivityThread(19796): SVC-Destroying service: com.google.android.gms.games.chimera.GamesAsyncServiceProxy@423214b0
D/ActivityThread(19796): SVC-STOP_SERVICE handled : 0 / android.os.BinderProxy@4252db28
I/PackageManager(  828): Apk copy done
D/ActivityThread(20177): BDC-Calling onReceive: intent=Intent { act=android.intent.action.PACKAGE_REMOVED dat=package:com.kay27.Glukalo flg=0x4000010 cmp=com.viber.voip/com.viber.jni.apps.AppsSyncController$AppRemovedReceiver (has extras) }, ordered=true, receiver=com.viber.jni.apps.AppsSyncController$AppRemovedReceiver@426269f0
D/ActivityThread(20177): BDC-RECEIVER handled : 0 / ReceiverData{intent=Intent { act=android.intent.action.PACKAGE_REMOVED dat=package:com.kay27.Glukalo flg=0x4000010 cmp=com.viber.voip/com.viber.jni.apps.AppsSyncController$AppRemovedReceiver (has extras) } packageName=com.viber.voip resultCode=0 resultData=null resultExtras=null}
I/PackageManager(  828): Apk copy done
D/ActivityThread(19796): SVC-Destroying service: com.google.android.gms.drive.api.DriveAsyncService@42769778
D/ActivityThread(19796): SVC-STOP_SERVICE handled : 0 / android.os.BinderProxy@42556408
D/ActivityThread(19796): SVC-Destroying service: com.google.android.gms.appstate.service.AppStateIntentService@42632bb0
D/ActivityThread(19796): SVC-STOP_SERVICE handled : 0 / android.os.BinderProxy@42471260
D/ActivityThread( 9700): BDC-Calling onReceive: intent=Intent { act=android.intent.action.PACKAGE_FULLY_REMOVED dat=package:com.kay27.Glukalo flg=0x4000010 cmp=com.android.documentsui/.PackageReceiver (has extras) }, ordered=true, receiver=com.android.documentsui.PackageReceiver@4220c5d0
I/PackageManager(  828): Apk copy done
I/PackageManager(  828): Apk copy done
I/PackageManager(  828): Apk copy done
I/PackageManager(  828): Apk copy done
I/PackageManager(  828): Apk copy done
I/PackageManager(  828): Apk copy done
I/PackageManager(  828): Apk copy done
D/ConnectivityService(  828): getActiveNetworkInfo:NetworkInfo: type: WIFI[], state: CONNECTED/CONNECTED, reason: (unspecified), extra: "jjj", roaming: false, failover: false, isAvailable: true, isConnectedToProvisioningNetwork: false, simId: 0/10113
W/ProcessCpuTracker(  828): Skipping unknown process pid 16034
I/PackageManager(  828): Apk copy done
D/ConnectivityService(  828): getActiveNetworkInfo:NetworkInfo: type: WIFI[], state: CONNECTED/CONNECTED, reason: (unspecified), extra: "jjj", roaming: false, failover: false, isAvailable: true, isConnectedToProvisioningNetwork: false, simId: 0/10113
I/PackageManager(  828): Apk copy done
I/PackageManager(  828): Apk copy done
D/ConnectivityService(  828): getActiveNetworkInfo:NetworkInfo: type: WIFI[], state: CONNECTED/CONNECTED, reason: (unspecified), extra: "jjj", roaming: false, failover: false, isAvailable: true, isConnectedToProvisioningNetwork: false, simId: 0/10113
D/ConnectivityService(  828): getActiveNetworkInfo:NetworkInfo: type: WIFI[], state: CONNECTED/CONNECTED, reason: (unspecified), extra: "jjj", roaming: false, failover: false, isAvailable: true, isConnectedToProvisioningNetwork: false, simId: 0/10113
I/PackageManager(  828): Apk copy done
D/ConnectivityService(  828): getActiveNetworkInfo:NetworkInfo: type: WIFI[], state: CONNECTED/CONNECTED, reason: (unspecified), extra: "jjj", roaming: false, failover: false, isAvailable: true, isConnectedToProvisioningNetwork: false, simId: 0/10113
I/PackageManager(  828): Apk copy done
I/FrameworkListener(  131): onDataAvailable get 46 bytes 
D/FrameworkListener(  131): dispatchCommand data = (getaddrinfo graph.facebook.com ^ 1024 0 1 0 ^)
I/PackageManager(  828): Apk copy done
I/PackageManager(  828): Apk copy done
I/PackageManager(  828): Apk copy done
I/PackageManager(  828): Apk copy done
V/ActivityManager(  828): Broadcast: Intent { act=android.search.action.SEARCHABLES_CHANGED flg=0x24000010 } ordered=false userid=0 callerApp=ProcessRecord{42403c10 828:system/1000}
D/CountryDetector(  828): onServiceStateChanged serviceState:SIM1 0 0 home MTS RUS 25001 25001  HSPA HSPA CSS not supported -1 -1 RoamInd=-1 DefRoamInd=-1 EmergOnly=false Regist state: 1 mCdmaNetWorkMode: 0
D/SocketClient(  131): SocketClient sendDatalocked done: 222
D/SocketClient(  131): SocketClient sendDatalocked done: 
D/SocketClient(  131): SocketClient sendDatalocked done: 
D/SocketClient(  131): SocketClient sendDatalocked done: 
D/SocketClient(  131): SocketClient sendDatalocked done: 
D/SocketClient(  131): SocketClient sendDatalocked done: 
D/SocketClient(  131): SocketClient sendDatalocked done: 
D/ActivityThread( 9700): BDC-RECEIVER handled : 0 / ReceiverData{intent=Intent { act=android.intent.action.PACKAGE_FULLY_REMOVED dat=package:com.kay27.Glukalo flg=0x4000010 cmp=com.android.documentsui/.PackageReceiver (has extras) } packageName=com.android.documentsui resultCode=0 resultData=null resultExtras=null}
I/FrameworkListener(  131): onDataAvailable get 46 bytes 
D/FrameworkListener(  131): dispatchCommand data = (getaddrinfo graph.facebook.com ^ 1024 2 1 0 ^)
D/SocketClient(  131): SocketClient sendDatalocked done: 222
D/SocketClient(  131): SocketClient sendDatalocked done: 
D/SocketClient(  131): SocketClient sendDatalocked done: 
D/SocketClient(  131): SocketClient sendDatalocked done: 
D/SocketClient(  131): SocketClient sendDatalocked done: 
D/SocketClient(  131): SocketClient sendDatalocked done: 
D/SocketClient(  131): SocketClient sendDatalocked done: 
D/ActivityThread(19796): BDC-Calling onReceive: intent=Intent { act=android.intent.action.PACKAGE_FULLY_REMOVED dat=package:com.kay27.Glukalo flg=0x4000010 cmp=com.google.android.gms/.nearby.settings.NearbyAppUninstallReceiver (has extras) }, ordered=true, receiver=com.google.android.gms.nearby.settings.NearbyAppUninstallReceiver@42502878
V/ActivityManager(  828): Broadcast sticky: Intent { act=android.intent.action.SIG_STR flg=0x10 (has extras) } ordered=false userid=-1 callerApp=ProcessRecord{42403c10 828:system/1000}
D/ActivityThread(19796): BDC-RECEIVER handled : 0 / ReceiverData{intent=Intent { act=android.intent.action.PACKAGE_FULLY_REMOVED dat=package:com.kay27.Glukalo flg=0x4000010 cmp=com.google.android.gms/.nearby.settings.NearbyAppUninstallReceiver (has extras) } packageName=com.google.android.gms resultCode=0 resultData=null resultExtras=null}
D/ActivityThread(19796): SVC-Creating service: CreateServiceData{token=android.os.BinderProxy@425169f8 className=com.google.android.gms.icing.service.IndexService packageName=com.google.android.gms intent=null}
D/ActivityThread(19796): SVC-CREATE_SERVICE handled : 0 / CreateServiceData{token=android.os.BinderProxy@425169f8 className=com.google.android.gms.icing.service.IndexService packageName=com.google.android.gms intent=null}
D/ActivityThread(19796): SVC-BIND_SERVICE handled : 0 / BindServiceData{token=android.os.BinderProxy@425169f8 intent=Intent { act=com.google.android.gms.icing.INDEX_SERVICE pkg=com.google.android.gms }}
D/ActivityThread(19796): BDC-Calling onReceive: intent=Intent { act=android.intent.action.PACKAGE_FULLY_REMOVED dat=package:com.kay27.Glukalo flg=0x4000010 cmp=com.google.android.gms/.appinvite.notification.AppInviteInstallReceiver (has extras) }, ordered=true, receiver=com.google.android.gms.appinvite.notification.AppInviteInstallReceiver@426b89f8
D/ActivityThread(19796): BDC-RECEIVER handled : 0 / ReceiverData{intent=Intent { act=android.intent.action.PACKAGE_FULLY_REMOVED dat=package:com.kay27.Glukalo flg=0x4000010 cmp=com.google.android.gms/.appinvite.notification.AppInviteInstallReceiver (has extras) } packageName=com.google.android.gms resultCode=0 resultData=null resultExtras=null}
D/ActivityThread(20540): BDC-Calling onReceive: intent=Intent { act=com.kingroot.common.ACTION_TOP_ACTIVITY_CHANGED flg=0x10 cmp=com.kingroot.kinguser/com.kingroot.common.framework.broadcast.KSysBroadcastReceiver (has extras) }, ordered=true, receiver=com.kingroot.common.framework.broadcast.KSysBroadcastReceiver@42539558
D/ActivityThread(20540): BDC-RECEIVER handled : 0 / ReceiverData{intent=Intent { act=com.kingroot.common.ACTION_TOP_ACTIVITY_CHANGED flg=0x10 cmp=com.kingroot.kinguser/com.kingroot.common.framework.broadcast.KSysBroadcastReceiver (has extras) } packageName=com.kingroot.kinguser resultCode=-1 resultData=null resultExtras=null}
D/ActivityThread(19796): SVC-Creating service: CreateServiceData{token=android.os.BinderProxy@425fe2c0 className=com.google.android.gms.common.internal.SharedPreferencesService packageName=com.google.android.gms intent=null}
D/ActivityThread(19796): SVC-CREATE_SERVICE handled : 0 / CreateServiceData{token=android.os.BinderProxy@425fe2c0 className=com.google.android.gms.common.internal.SharedPreferencesService packageName=com.google.android.gms intent=null}
D/ActivityThread(20540): BDC-Calling onReceive: intent=Intent { act=com.kingroot.common.ACTION_TOP_APP_CHANGED flg=0x10 cmp=com.kingroot.kinguser/com.kingroot.common.framework.broadcast.KSysBroadcastReceiver (has extras) }, ordered=true, receiver=com.kingroot.common.framework.broadcast.KSysBroadcastReceiver@4250f6c8
D/ActivityThread(20540): BDC-RECEIVER handled : 0 / ReceiverData{intent=Intent { act=com.kingroot.common.ACTION_TOP_APP_CHANGED flg=0x10 cmp=com.kingroot.kinguser/com.kingroot.common.framework.broadcast.KSysBroadcastReceiver (has extras) } packageName=com.kingroot.kinguser resultCode=-1 resultData=null resultExtras=null}
D/ActivityThread(20540): BDC-Calling onReceive: intent=Intent { act=com.kingroot.kinguser.gamebox.ACTION_GAME_DELETED flg=0x10 cmp=com.kingroot.kinguser/com.kingroot.common.framework.broadcast.KSysBroadcastReceiver (has extras) }, ordered=true, receiver=com.kingroot.common.framework.broadcast.KSysBroadcastReceiver@4251e3f0
D/ActivityThread(20540): BDC-RECEIVER handled : 0 / ReceiverData{intent=Intent { act=com.kingroot.kinguser.gamebox.ACTION_GAME_DELETED flg=0x10 cmp=com.kingroot.kinguser/com.kingroot.common.framework.broadcast.KSysBroadcastReceiver (has extras) } packageName=com.kingroot.kinguser resultCode=-1 resultData=null resultExtras=null}
D/ActivityThread(19796): SVC-BIND_SERVICE handled : 0 / BindServiceData{token=android.os.BinderProxy@425fe2c0 intent=Intent { pkg=com.google.android.gms cmp=com.google.android.gms/.common.internal.SharedPreferencesService }}
D/ActivityThread(19796): SVC-UNBIND_SERVICE handled : 0 / BindServiceData{token=android.os.BinderProxy@425fe2c0 intent=Intent { pkg=com.google.android.gms cmp=com.google.android.gms/.common.internal.SharedPreferencesService }}
D/ActivityThread(19796): SVC-Destroying service: com.google.android.gms.common.internal.SharedPreferencesService@426184e0
D/ActivityThread(19796): SVC-STOP_SERVICE handled : 0 / android.os.BinderProxy@425fe2c0
D/ActivityThread(19912): SVC-Creating service: CreateServiceData{token=android.os.BinderProxy@42357d18 className=com.google.android.gms.icing.service.LightweightIndexService$LightweightWorkerService packageName=com.google.android.gms intent=null}
D/ActivityThread(19912): SVC-CREATE_SERVICE handled : 0 / CreateServiceData{token=android.os.BinderProxy@42357d18 className=com.google.android.gms.icing.service.LightweightIndexService$LightweightWorkerService packageName=com.google.android.gms intent=null}
D/ActivityThread(19912): SVC-SERVICE_ARGS handled : 0 / ServiceArgsData{token=android.os.BinderProxy@42357d18 startId=1 args=Intent { act=com.google.android.gms.icing.LIGHTWEIGHT_WORKER_SERVICE pkg=com.google.android.gms }}
D/ActivityThread(19912): SVC-SERVICE_ARGS handled : 0 / ServiceArgsData{token=android.os.BinderProxy@42357d18 startId=2 args=Intent { act=com.google.android.gms.icing.LIGHTWEIGHT_WORKER_SERVICE pkg=com.google.android.gms }}
D/ActivityThread(19912): SVC-SERVICE_ARGS handled : 0 / ServiceArgsData{token=android.os.BinderProxy@42357d18 startId=3 args=Intent { act=com.google.android.gms.icing.LIGHTWEIGHT_WORKER_SERVICE pkg=com.google.android.gms }}
D/ActivityThread( 9672): SVC-Destroying service: com.google.android.apps.gsa.search.core.icingsync.UpdateIcingCorporaService@42406288
D/ActivityThread( 9672): SVC-STOP_SERVICE handled : 0 / android.os.BinderProxy@42402e48
D/NotificationService(  828): Timeout pkg=com.android.packageinstaller callback=android.app.ITransientNotification$Stub$Proxy@43cee590
D/PowerManagerService(  828): userActivityNoUpdateLocked: eventTime=180775967, event=0, flags=0x0, uid=1000
D/PowerManagerNotifier(  828): onUserActivity: event=0, uid=1000
D/PowerManagerService(  828): updateUserActivitySummaryLocked: mWakefulness=Awake, mUserActivitySummary=0x1, nextTimeout=180888967 (in 112999 ms)
D/PowerManagerService(  828): newScreenState = 2
D/PowerManagerDisplayController(  828): requestPowerState: screenState=2, useProximitySensor=false, forceProximitySensorEnable=false, forceWakeUpEnable=false, screenBrightness=102, screenAutoBrightnessAdjustment=0.0, useAutoBrightness=true, useEcoBrightness=false, blockScreenOn=false, waitForNegativeProximity=false
I/PowerManagerService(  828): setBrightness 2 mButtonLight 0.
D/PowerManagerService(  828): updateScreenStateLocked: mDisplayReady=true, newScreenState=2, mWakefulness=1, mWakeLockSummary=0x23, mUserActivitySummary=0x1, mBootCompleted=true
D/PowerManagerService(  828): handleSandman: canDream=false, mWakefulness=Awake
D/PowerManagerService(  828): releaseWakeLockInternal: lock=1118757664 [WindowManager], flags=0x0, total_time=3474ms
D/PowerManagerNotifier(  828): onWakeLockReleased: flags=536870922, tag="WindowManager", packageName=android, ownerUid=1000, ownerPid=828, workSource=WorkSource{10074}
D/PowerManagerService(  828): userActivityNoUpdateLocked: eventTime=180775971, event=0, flags=0x1, uid=1000
D/PowerManagerNotifier(  828): onUserActivity: event=0, uid=1000
D/PowerManagerService(  828): updateWakeLockSummaryLocked: mWakefulness=Awake, mWakeLockSummary=0x1
D/PowerManagerService(  828): updateUserActivitySummaryLocked: mWakefulness=Awake, mUserActivitySummary=0x1, nextTimeout=180888967 (in 112996 ms)
D/PowerManagerService(  828): newScreenState = 2
D/PowerManagerDisplayController(  828): requestPowerState: screenState=2, useProximitySensor=false, forceProximitySensorEnable=false, forceWakeUpEnable=false, screenBrightness=102, screenAutoBrightnessAdjustment=0.0, useAutoBrightness=true, useEcoBrightness=false, blockScreenOn=false, waitForNegativeProximity=false
I/PowerManagerService(  828): setBrightness 2 mButtonLight 0.
D/PowerManagerService(  828): updateScreenStateLocked: mDisplayReady=true, newScreenState=2, mWakefulness=1, mWakeLockSummary=0x1, mUserActivitySummary=0x1, mBootCompleted=true
D/PowerManagerService(  828): handleSandman: canDream=false, mWakefulness=Awake
D/ActivityThread(19912): SVC-Destroying service: com.google.android.gms.icing.service.LightweightIndexService$LightweightWorkerService@425769f8
D/ActivityThread(19912): SVC-STOP_SERVICE handled : 0 / android.os.BinderProxy@42357d18
D/ActivityManager(  828): getContentProviderImpl: from callerandroid.app.ApplicationThreadProxy@435eb860 (pid=19796) to get content provider com.google.android.googlequicksearchbox.icing
D/ActivityThread(19796): hoder:android.app.IActivityManager$ContentProviderHolder@426c51d8,provider,holder.Provider:android.content.ContentProviderProxy@426c5be8
D/ActivityManager(  828): getContentProviderImpl: from callerandroid.app.ApplicationThreadProxy@433212b8 (pid=19796) to get content provider com.google.android.googlequicksearchbox.icing
D/ActivityThread(19796): hoder:android.app.IActivityManager$ContentProviderHolder@42614438,provider,holder.Provider:android.content.ContentProviderProxy@42614e48
D/PowerManagerService(  828): releaseWakeLockInternal: lock=1122301648 [Icing], flags=0x0, total_time=2788ms
D/PowerManagerNotifier(  828): onWakeLockReleased: flags=1, tag="Icing", packageName=com.google.android.gms, ownerUid=10008, ownerPid=19796, workSource=WorkSource{10008 com.google.android.gms}
D/PowerManagerService(  828): updateWakeLockSummaryLocked: mWakefulness=Awake, mWakeLockSummary=0x0
D/PowerManagerService(  828): newScreenState = 2
D/PowerManagerDisplayController(  828): requestPowerState: screenState=2, useProximitySensor=false, forceProximitySensorEnable=false, forceWakeUpEnable=false, screenBrightness=102, screenAutoBrightnessAdjustment=0.0, useAutoBrightness=true, useEcoBrightness=false, blockScreenOn=false, waitForNegativeProximity=false
I/PowerManagerService(  828): setBrightness 2 mButtonLight 0.
D/PowerManagerService(  828): updateScreenStateLocked: mDisplayReady=true, newScreenState=2, mWakefulness=1, mWakeLockSummary=0x0, mUserActivitySummary=0x1, mBootCompleted=true
D/PowerManagerService(  828): Releasing suspend blocker "PowerManagerService.WakeLocks".
D/PowerManagerService(  828): handleSandman: canDream=false, mWakefulness=Awake
D/ActivityThread(19796): SVC-Destroying service: com.google.android.gms.icing.service.IndexWorkerService@42537cd8
D/ActivityThread(19796): SVC-STOP_SERVICE handled : 0 / android.os.BinderProxy@42279fd0
I/ActivityManager(  828): Killing 9768:com.google.android.partnersetup/u0a11 (adj 15): empty #17
D/DisplayManagerService(  828): Display listener for pid 9768 died.
I/PackageManager(  828): Apk copy done
W/ActivityManager(  828): No content provider found for permission revoke: file:///data/local/tmp/glukalo-debug.apk
V/ActivityManager(  828): Broadcast: Intent { act=android.intent.action.PACKAGE_NEEDS_VERIFICATION dat=file:///data/local/tmp/glukalo-debug.apk typ=application/vnd.android.package-archive flg=0x11 cmp=com.android.vending/com.google.android.vending.verifier.PackageVerificationReceiver (has extras) } ordered=true userid=-1 callerApp=ProcessRecord{42403c10 828:system/1000}
I/PackageManager(  828): Apk copy done
