D/ActivityThread( 9672): BDC-RECEIVER handled : 0 / ReceiverData{intent=Intent { act=android.intent.action.PACKAGE_ADDED dat=package:com.kay27.Glukalo flg=0x4000010 cmp=com.google.android.googlequicksearchbox/com.google.android.apps.gsa.googlequicksearchbox.GelStubAppWatcher (has extras) } packageName=com.google.android.googlequicksearchbox resultCode=0 resultData=null resultExtras=null}
D/ActivityThread(20540): BDC-Calling onReceive: intent=Intent { act=android.intent.action.PACKAGE_ADDED dat=package:com.kay27.Glukalo flg=0x4000010 cmp=com.kingroot.kinguser/com.kingroot.common.framework.broadcast.KSysBroadcastReceiver (has extras) }, ordered=true, receiver=com.kingroot.common.framework.broadcast.KSysBroadcastReceiver@42258b70
V/ActivityManager(  828): Broadcast: Intent { act=com.google.android.gms.icing.IME_NOTIFICATION flg=0x10 pkg=com.android.inputmethod.latin (has extras) } ordered=false userid=0 callerApp=ProcessRecord{42d9eee0 19796:com.google.android.gms/u0a8}
V/ActivityManager(  828): Broadcast: Intent { act=com.google.android.gms.icing.IME_NOTIFICATION flg=0x10 pkg=com.google.android.inputmethod.korean (has extras) } ordered=false userid=0 callerApp=ProcessRecord{42d9eee0 19796:com.google.android.gms/u0a8}
V/ActivityManager(  828): Broadcast: Intent { act=com.google.android.gms.icing.IME_NOTIFICATION flg=0x10 pkg=com.google.android.inputmethod.pinyin (has extras) } ordered=false userid=0 callerApp=ProcessRecord{42d9eee0 19796:com.google.android.gms/u0a8}
D/PowerManagerService(  828): acquireWakeLockInternal: lock=1111262072, flags=0x20000001, tag="wk_mgr", ws=null, uid=10140, pid=20540
D/PowerManagerNotifier(  828): onWakeLockAcquired: flags=536870913, tag="wk_mgr", packageName=com.kingroot.kinguser, ownerUid=10140, ownerPid=20540, workSource=null
D/PowerManagerService(  828): updateWakeLockSummaryLocked: mWakefulness=Awake, mWakeLockSummary=0x1
D/PowerManagerService(  828): newScreenState = 2
D/PowerManagerDisplayController(  828): requestPowerState: screenState=2, useProximitySensor=false, forceProximitySensorEnable=false, forceWakeUpEnable=false, screenBrightness=102, screenAutoBrightnessAdjustment=0.0, useAutoBrightness=true, useEcoBrightness=false, blockScreenOn=false, waitForNegativeProximity=false
V/ActivityManager(  828): Broadcast: Intent { act=com.google.android.gms.icing.IME_NOTIFICATION flg=0x10 pkg=com.google.android.inputmethod.japanese (has extras) } ordered=false userid=0 callerApp=ProcessRecord{42d9eee0 19796:com.google.android.gms/u0a8}
I/PowerManagerService(  828): setBrightness 2 mButtonLight 0.
D/PowerManagerService(  828): updateScreenStateLocked: mDisplayReady=true, newScreenState=2, mWakefulness=1, mWakeLockSummary=0x1, mUserActivitySummary=0x1, mBootCompleted=true
D/PowerManagerService(  828): handleSandman: canDream=false, mWakefulness=Awake
V/ActivityManager(  828): Broadcast: Intent { act=com.google.android.gms.icing.IME_NOTIFICATION flg=0x10 pkg=com.google.android.inputmethod.latin.dogfood (has extras) } ordered=false userid=0 callerApp=ProcessRecord{42d9eee0 19796:com.google.android.gms/u0a8}
V/ActivityManager(  828): Broadcast: Intent { act=com.google.android.gms.icing.IME_NOTIFICATION flg=0x10 pkg=com.google.android.inputmethod.latin (has extras) } ordered=false userid=0 callerApp=ProcessRecord{42d9eee0 19796:com.google.android.gms/u0a8}
D/PowerManagerService(  828): releaseWakeLockInternal: lock=1111262072 [wk_mgr], flags=0x0, total_time=81ms
D/PowerManagerNotifier(  828): onWakeLockReleased: flags=536870913, tag="wk_mgr", packageName=com.kingroot.kinguser, ownerUid=10140, ownerPid=20540, workSource=null
D/PowerManagerService(  828): release partial wake lock with ON_AFTER_RELEASE, do nothing
D/PowerManagerService(  828): updateWakeLockSummaryLocked: mWakefulness=Awake, mWakeLockSummary=0x1
D/PowerManagerService(  828): newScreenState = 2
D/PowerManagerDisplayController(  828): requestPowerState: screenState=2, useProximitySensor=false, forceProximitySensorEnable=false, forceWakeUpEnable=false, screenBrightness=102, screenAutoBrightnessAdjustment=0.0, useAutoBrightness=true, useEcoBrightness=false, blockScreenOn=false, waitForNegativeProximity=false
I/PowerManagerService(  828): setBrightness 2 mButtonLight 0.
D/PowerManagerService(  828): updateScreenStateLocked: mDisplayReady=true, newScreenState=2, mWakefulness=1, mWakeLockSummary=0x1, mUserActivitySummary=0x1, mBootCompleted=true
D/PowerManagerService(  828): handleSandman: canDream=false, mWakefulness=Awake
D/PowerManagerService(  828): acquireWakeLockInternal: lock=1109295192, flags=0x20000001, tag="wk_mgr", ws=null, uid=10140, pid=20540
D/PowerManagerNotifier(  828): onWakeLockAcquired: flags=536870913, tag="wk_mgr", packageName=com.kingroot.kinguser, ownerUid=10140, ownerPid=20540, workSource=null
D/PowerManagerService(  828): updateWakeLockSummaryLocked: mWakefulness=Awake, mWakeLockSummary=0x1
D/PowerManagerService(  828): newScreenState = 2
D/PowerManagerDisplayController(  828): requestPowerState: screenState=2, useProximitySensor=false, forceProximitySensorEnable=false, forceWakeUpEnable=false, screenBrightness=102, screenAutoBrightnessAdjustment=0.0, useAutoBrightness=true, useEcoBrightness=false, blockScreenOn=false, waitForNegativeProximity=false
I/PowerManagerService(  828): setBrightness 2 mButtonLight 0.
D/PowerManagerService(  828): updateScreenStateLocked: mDisplayReady=true, newScreenState=2, mWakefulness=1, mWakeLockSummary=0x1, mUserActivitySummary=0x1, mBootCompleted=true
D/PowerManagerService(  828): handleSandman: canDream=false, mWakefulness=Awake
V/ActivityManager(  828): Broadcast: Intent { act=com.kingroot.kinguser.gamebox.ACTION_GAME_ADDED flg=0x10 (has extras) } ordered=false userid=0 callerApp=ProcessRecord{421c3888 20540:com.kingroot.kinguser:service/u0a140}
D/PowerManagerService(  828): releaseWakeLockInternal: lock=1109295192 [wk_mgr], flags=0x0, total_time=5ms
D/PowerManagerNotifier(  828): onWakeLockReleased: flags=536870913, tag="wk_mgr", packageName=com.kingroot.kinguser, ownerUid=10140, ownerPid=20540, workSource=null
D/PowerManagerService(  828): release partial wake lock with ON_AFTER_RELEASE, do nothing
D/PowerManagerService(  828): updateWakeLockSummaryLocked: mWakefulness=Awake, mWakeLockSummary=0x1
D/PowerManagerService(  828): newScreenState = 2
D/PowerManagerDisplayController(  828): requestPowerState: screenState=2, useProximitySensor=false, forceProximitySensorEnable=false, forceWakeUpEnable=false, screenBrightness=102, screenAutoBrightnessAdjustment=0.0, useAutoBrightness=true, useEcoBrightness=false, blockScreenOn=false, waitForNegativeProximity=false
I/PowerManagerService(  828): setBrightness 2 mButtonLight 0.
D/PowerManagerService(  828): updateScreenStateLocked: mDisplayReady=true, newScreenState=2, mWakefulness=1, mWakeLockSummary=0x1, mUserActivitySummary=0x1, mBootCompleted=true
D/PowerManagerService(  828): handleSandman: canDream=false, mWakefulness=Awake
D/ActivityThread(20540): BDC-RECEIVER handled : 0 / ReceiverData{intent=Intent { act=android.intent.action.PACKAGE_ADDED dat=package:com.kay27.Glukalo flg=0x4000010 cmp=com.kingroot.kinguser/com.kingroot.common.framework.broadcast.KSysBroadcastReceiver (has extras) } packageName=com.kingroot.kinguser resultCode=0 resultData=null resultExtras=null}
D/ConnectivityService(  828): getActiveNetworkInfo:NetworkInfo: type: WIFI[], state: CONNECTED/CONNECTED, reason: (unspecified), extra: "jjj", roaming: false, failover: false, isAvailable: true, isConnectedToProvisioningNetwork: false, simId: 0/10140
I/ActivityManager(  828): Start proc com.oasisfeng.greenify for broadcast com.oasisfeng.greenify/.engine.PackageMonitor: pid=16209 uid=10110 gids={50110, 3003, 1007}
D/ActivityThread(19912): SVC-Creating service: CreateServiceData{token=android.os.BinderProxy@42331b18 className=com.google.android.gms.icing.service.LightweightIndexService$LightweightWorkerService packageName=com.google.android.gms intent=null}
D/ActivityThread(19912): SVC-CREATE_SERVICE handled : 0 / CreateServiceData{token=android.os.BinderProxy@42331b18 className=com.google.android.gms.icing.service.LightweightIndexService$LightweightWorkerService packageName=com.google.android.gms intent=null}
D/ActivityThread(19912): SVC-SERVICE_ARGS handled : 0 / ServiceArgsData{token=android.os.BinderProxy@42331b18 startId=1 args=Intent { act=com.google.android.gms.icing.LIGHTWEIGHT_WORKER_SERVICE pkg=com.google.android.gms }}
V/ActivityManager(  828): ensureActivitiesVisibleLocked: consider front
V/ActivityManager(  828): ensureActivitiesVisibleLocked: consider back
D/ConnectivityService(  828): getActiveNetworkInfo:NetworkInfo: type: WIFI[], state: CONNECTED/CONNECTED, reason: (unspecified), extra: "jjj", roaming: false, failover: false, isAvailable: true, isConnectedToProvisioningNetwork: false, simId: 0/10140
D/ConnectivityService(  828): getActiveNetworkInfo:NetworkInfo: type: WIFI[], state: CONNECTED/CONNECTED, reason: (unspecified), extra: "jjj", roaming: false, failover: false, isAvailable: true, isConnectedToProvisioningNetwork: false, simId: 0/10140
D/ConnectivityService(  828): getActiveNetworkInfo:NetworkInfo: type: WIFI[], state: CONNECTED/CONNECTED, reason: (unspecified), extra: "jjj", roaming: false, failover: false, isAvailable: true, isConnectedToProvisioningNetwork: false, simId: 0/10140
D/ConnectivityService(  828): getActiveNetworkInfo:NetworkInfo: type: WIFI[], state: CONNECTED/CONNECTED, reason: (unspecified), extra: "jjj", roaming: false, failover: false, isAvailable: true, isConnectedToProvisioningNetwork: false, simId: 0/10140
D/ConnectivityService(  828): getActiveNetworkInfo:NetworkInfo: type: WIFI[], state: CONNECTED/CONNECTED, reason: (unspecified), extra: "jjj", roaming: false, failover: false, isAvailable: true, isConnectedToProvisioningNetwork: false, simId: 0/10140
I/FrameworkListener(  131): onDataAvailable get 42 bytes 
D/FrameworkListener(  131): dispatchCommand data = (getaddrinfo pmir.3g.qq.com ^ 1024 0 1 0 ^)
I/FrameworkListener(  131): onDataAvailable get 42 bytes 
D/FrameworkListener(  131): dispatchCommand data = (getaddrinfo pmir.3g.qq.com ^ 1024 0 1 0 ^)
D/ActivityManager(  828): getContentProviderImpl: from callerandroid.app.ApplicationThreadProxy@42ebec08 (pid=16209) to get content provider settings
D/ActivityManager(  828): getContentProviderImpl: updateLruProcessLocked cpr.proc=ProcessRecord{42403c10 828:system/1000}
D/ActivityThread(16209): hoder:android.app.IActivityManager$ContentProviderHolder@42157358,provider,holder.Provider:android.content.ContentProviderProxy@42157ad8
V/SettingsProvider(  828): call(system:anr_debugging_mechanism) for 0
D/ActivityThread(19912): SVC-SERVICE_ARGS handled : 0 / ServiceArgsData{token=android.os.BinderProxy@42331b18 startId=2 args=Intent { act=com.google.android.gms.icing.LIGHTWEIGHT_WORKER_SERVICE pkg=com.google.android.gms }}
D/SocketClient(  131): SocketClient sendDatalocked done: 222
D/SocketClient(  131): SocketClient sendDatalocked done: 
D/SocketClient(  131): SocketClient sendDatalocked done: 
D/SocketClient(  131): SocketClient sendDatalocked done: 
D/SocketClient(  131): SocketClient sendDatalocked done: 
D/SocketClient(  131): SocketClient sendDatalocked done: 
D/SocketClient(  131): SocketClient sendDatalocked done: 
D/SocketClient(  131): SocketClient sendDatalocked done: 
D/SocketClient(  131): SocketClient sendDatalocked done: 
D/SocketClient(  131): SocketClient sendDatalocked done: 
D/SocketClient(  131): SocketClient sendDatalocked done: 
D/SocketClient(  131): SocketClient sendDatalocked done: 
D/SocketClient(  131): SocketClient sendDatalocked done: 222
D/SocketClient(  131): SocketClient sendDatalocked done: 
D/SocketClient(  131): SocketClient sendDatalocked done: 
D/SocketClient(  131): SocketClient sendDatalocked done: 
D/SocketClient(  131): SocketClient sendDatalocked done: 
D/SocketClient(  131): SocketClient sendDatalocked done: 
D/SocketClient(  131): SocketClient sendDatalocked done: 
D/SocketClient(  131): SocketClient sendDatalocked done: 
D/SocketClient(  131): SocketClient sendDatalocked done: 
D/SocketClient(  131): SocketClient sendDatalocked done: 
D/SocketClient(  131): SocketClient sendDatalocked done: 
D/SocketClient(  131): SocketClient sendDatalocked done: 
D/ActivityThread(19912): SVC-SERVICE_ARGS handled : 0 / ServiceArgsData{token=android.os.BinderProxy@42331b18 startId=3 args=Intent { act=com.google.android.gms.icing.LIGHTWEIGHT_WORKER_SERVICE pkg=com.google.android.gms }}
D/ActivityThread( 9672): SVC-Destroying service: com.google.android.apps.gsa.search.core.icingsync.UpdateIcingCorporaService@424c5658
D/ActivityThread( 9672): SVC-STOP_SERVICE handled : 0 / android.os.BinderProxy@424c4ae0
D/ActivityThread(16209): BIND_APPLICATION handled : 0 / AppBindData{appInfo=ApplicationInfo{42154c20 com.oasisfeng.greenify}}
D/ActivityThread(19796): SVC-Destroying service: com.google.android.gms.games.chimera.GamesAsyncServiceProxy@4271e350
D/ActivityThread(19796): SVC-STOP_SERVICE handled : 0 / android.os.BinderProxy@4271cf20
W/ProcessCpuTracker(  828): Skipping unknown process pid 16239
D/ActivityThread(16209): BDC-Calling onReceive: intent=Intent { act=android.intent.action.PACKAGE_ADDED dat=package:com.kay27.Glukalo flg=0x4000010 cmp=com.oasisfeng.greenify/.engine.PackageMonitor (has extras) }, ordered=true, receiver=com.oasisfeng.greenify.engine.PackageMonitor@42177ec0
D/ActivityThread(16209): BDC-RECEIVER handled : 0 / ReceiverData{intent=Intent { act=android.intent.action.PACKAGE_ADDED dat=package:com.kay27.Glukalo flg=0x4000010 cmp=com.oasisfeng.greenify/.engine.PackageMonitor (has extras) } packageName=com.oasisfeng.greenify resultCode=0 resultData=null resultExtras=null}
D/ActivityThread(19796): SVC-Destroying service: com.google.android.gms.gass.chimera.AsyncTaskService@4274c868
D/ActivityThread(19796): SVC-STOP_SERVICE handled : 0 / android.os.BinderProxy@4274af68
D/ActivityThread( 9992): BDC-Calling onReceive: intent=Intent { act=android.intent.action.PACKAGE_ADDED dat=package:com.kay27.Glukalo flg=0x4000010 cmp=ru.cn.tv/com.yandex.metrica.MetricaEventHandler (has extras) }, ordered=true, receiver=com.yandex.metrica.MetricaEventHandler@42474548
D/ActivityManager(  828): getContentProviderImpl: from callerandroid.app.ApplicationThreadProxy@427ca4a0 (pid=9992) to get content provider ru.yandex.market.MetricaContentProvider
E/ActivityThread( 9992): Failed to find provider info for ru.yandex.market.MetricaContentProvider
D/ActivityManager(  828): getContentProviderImpl: from callerandroid.app.ApplicationThreadProxy@424a0f48 (pid=9992) to get content provider ru.yandex.metro.MetricaContentProvider
E/ActivityThread( 9992): Failed to find provider info for ru.yandex.metro.MetricaContentProvider
D/ActivityManager(  828): getContentProviderImpl: from callerandroid.app.ApplicationThreadProxy@423c53e8 (pid=9992) to get content provider com.bonbeart.doorsseasons.part1.MetricaContentProvider
E/ActivityThread( 9992): Failed to find provider info for com.bonbeart.doorsseasons.part1.MetricaContentProvider
D/ActivityThread( 9992): BDC-RECEIVER handled : 0 / ReceiverData{intent=Intent { act=android.intent.action.PACKAGE_ADDED dat=package:com.kay27.Glukalo flg=0x4000010 cmp=ru.cn.tv/com.yandex.metrica.MetricaEventHandler (has extras) } packageName=ru.cn.tv resultCode=0 resultData=null resultExtras=null}
D/ActivityThread(20540): BDC-Calling onReceive: intent=Intent { act=com.kingroot.kinguser.gamebox.ACTION_GAME_ADDED flg=0x10 cmp=com.kingroot.kinguser/com.kingroot.common.framework.broadcast.KSysBroadcastReceiver (has extras) }, ordered=true, receiver=com.kingroot.common.framework.broadcast.KSysBroadcastReceiver@421c0e10
D/ActivityThread(20540): BDC-RECEIVER handled : 0 / ReceiverData{intent=Intent { act=com.kingroot.kinguser.gamebox.ACTION_GAME_ADDED flg=0x10 cmp=com.kingroot.kinguser/com.kingroot.common.framework.broadcast.KSysBroadcastReceiver (has extras) } packageName=com.kingroot.kinguser resultCode=-1 resultData=null resultExtras=null}
I/PackageManager(  828): Apk copy done
D/ConnectivityService(  828): getActiveNetworkInfo:NetworkInfo: type: WIFI[], state: CONNECTED/CONNECTED, reason: (unspecified), extra: "jjj", roaming: false, failover: false, isAvailable: true, isConnectedToProvisioningNetwork: false, simId: 0/10140
D/ActivityThread(19912): SVC-Destroying service: com.google.android.gms.icing.service.LightweightIndexService$LightweightWorkerService@422b2e98
D/ActivityThread(19912): SVC-STOP_SERVICE handled : 0 / android.os.BinderProxy@42331b18
D/ConnectivityService(  828): getActiveNetworkInfo:NetworkInfo: type: WIFI[], state: CONNECTED/CONNECTED, reason: (unspecified), extra: "jjj", roaming: false, failover: false, isAvailable: true, isConnectedToProvisioningNetwork: false, simId: 0/10140
I/PackageManager(  828): Apk copy done
I/PackageManager(  828): Apk copy done
I/PackageManager(  828): Apk copy done
I/PackageManager(  828): Apk copy done
D/VoldConnector(  828): SND -> {687 asec fspath com.ITmindCo.NetherEarthWarOfRobot-1}
I/FrameworkListener(  122): onDataAvailable get 53 bytes 
D/FrameworkListener(  122): dispatchCommand data = (687 asec fspath com.ITmindCo.NetherEarthWarOfRobot-1)
D/VoldCmdListener(  122): asec fspath com.ITmindCo.NetherEarthWarOfRobot-1
D/SocketClient(  122): SocketClient msg = /mnt/secure/asec/com.ITmindCo.NetherEarthWarOfRobot-1.asec
D/SocketClient(  122): SocketClient sendDatalocked done: 211 687 /mnt/secure/asec/com.ITmindCo.NetherEarthWarOfRobot-1.asec
D/VoldConnector(  828): RCV <- {211 687 /mnt/secure/asec/com.ITmindCo.NetherEarthWarOfRobot-1.asec}
D/VoldConnector(  828): RMV <- {211 687 /mnt/secure/asec/com.ITmindCo.NetherEarthWarOfRobot-1.asec}
I/PackageManager(  828): Apk copy done
I/PackageManager(  828): Apk copy done
I/PackageManager(  828): Apk copy done
D/PowerManagerService(  828): userActivityFromNative
D/PowerManagerService(  828): userActivityNoUpdateLocked: eventTime=180781773, event=2, flags=0x0, uid=1000
D/PowerManagerNotifier(  828): onUserActivity: event=2, uid=1000
D/PowerManagerService(  828): updateUserActivitySummaryLocked: mWakefulness=Awake, mUserActivitySummary=0x1, nextTimeout=180894773 (in 112998 ms)
D/PowerManagerService(  828): newScreenState = 2
D/PowerManagerDisplayController(  828): requestPowerState: screenState=2, useProximitySensor=false, forceProximitySensorEnable=false, forceWakeUpEnable=false, screenBrightness=102, screenAutoBrightnessAdjustment=0.0, useAutoBrightness=true, useEcoBrightness=false, blockScreenOn=false, waitForNegativeProximity=false
I/PowerManagerService(  828): setBrightness 2 mButtonLight 0.
D/PowerManagerService(  828): updateScreenStateLocked: mDisplayReady=true, newScreenState=2, mWakefulness=1, mWakeLockSummary=0x1, mUserActivitySummary=0x1, mBootCompleted=true
D/PowerManagerService(  828): handleSandman: canDream=false, mWakefulness=Awake
I/PackageManager(  828): Apk copy done
I/PackageManager(  828): Apk copy done
I/PackageManager(  828): Apk copy done
I/PackageManager(  828): Apk copy done
I/PackageManager(  828): Apk copy done
D/ActivityManager(  828): getContentProviderImpl: from callerandroid.app.ApplicationThreadProxy@42f33e40 (pid=19796) to get content provider com.google.android.googlequicksearchbox.icing
D/ActivityThread(19796): hoder:android.app.IActivityManager$ContentProviderHolder@423e9b20,provider,holder.Provider:android.content.ContentProviderProxy@423b29f0
I/ActivityManager(  828): START u0 {act=android.intent.action.MAIN cmp=com.android.settings/.SubSettings (has extras)} from pid 29782
D/ActivityManager(  828): ACT-moveHomeTask toFront : false homeInFront = false
D/PowerManagerService(  828): acquireWakeLockInternal: lock=1110158088, flags=0x1, tag="ActivityManager-Launch", ws=null, uid=1000, pid=828
D/PowerManagerNotifier(  828): onWakeLockAcquired: flags=1, tag="ActivityManager-Launch", packageName=android, ownerUid=1000, ownerPid=828, workSource=null
D/PowerManagerService(  828): updateWakeLockSummaryLocked: mWakefulness=Awake, mWakeLockSummary=0x1
D/PowerManagerService(  828): newScreenState = 2
D/PowerManagerDisplayController(  828): requestPowerState: screenState=2, useProximitySensor=false, forceProximitySensorEnable=false, forceWakeUpEnable=false, screenBrightness=102, screenAutoBrightnessAdjustment=0.0, useAutoBrightness=true, useEcoBrightness=false, blockScreenOn=false, waitForNegativeProximity=false
I/PowerManagerService(  828): setBrightness 2 mButtonLight 0.
D/PowerManagerService(  828): updateScreenStateLocked: mDisplayReady=true, newScreenState=2, mWakefulness=1, mWakeLockSummary=0x1, mUserActivitySummary=0x1, mBootCompleted=true
D/PowerManagerService(  828): handleSandman: canDream=false, mWakefulness=Awake
D/ActivityManager(  828): getContentProviderImpl: from callerandroid.app.ApplicationThreadProxy@43679fc8 (pid=19796) to get content provider com.google.android.googlequicksearchbox.icing
V/WindowManager(  828): Changing focus from Window{43849990 u0 com.android.settings/com.android.settings.Settings$ManageApplicationsActivity} to null Callers=com.android.server.wm.WindowManagerService.setFocusedApp:4399 com.android.server.am.ActivityManagerService.setFocusedActivityLocked:2418 com.android.server.am.ActivityStackSupervisor.startActivityUncheckedLocked:2255 com.android.server.am.ActivityStackSupervisor.startActivityLocked:1522 
I/WindowManager(  828): Losing focus: Window{43849990 u0 com.android.settings/com.android.settings.Settings$ManageApplicationsActivity}
D/ActivityThread(19796): hoder:android.app.IActivityManager$ContentProviderHolder@422f5b60,provider,holder.Provider:android.content.ContentProviderProxy@423c1490
D/ActivityThread(29782): ACT-AM_ON_PAUSE_CALLED ActivityRecord{42160758 token=android.os.BinderProxy@4215ffb8 {com.android.settings/com.android.settings.Settings$ManageApplicationsActivity}}
V/ActivityManager(  828): ensureActivitiesVisibleLocked: consider front
V/ActivityManager(  828): ensureActivitiesVisibleLocked: consider back
V/ActivityManager(  828): ensureActivitiesVisibleLocked: consider front
V/ActivityManager(  828): ensureActivitiesVisibleLocked: consider back
D/ActivityThread(29782): ACT-PAUSE_ACTIVITY handled : 1 / android.os.BinderProxy@4215ffb8
V/IntentResolver(  828): Resolving type=null scheme=null defaultOnly=false userId=0 of Intent { act=com.mediatek.settings.ext.ISettingsMiscExt flg=0x8 }
D/ActivityThread(19796): SVC-UNBIND_SERVICE handled : 0 / BindServiceData{token=android.os.BinderProxy@42617108 intent=Intent { act=com.google.android.gms.safetynet.service.START pkg=com.google.android.gms }}
V/IntentResolver(  828): Action list: null
D/ActivityThread(19796): SVC-Destroying service: com.google.android.gms.security.snet.SafetyNetClientService@426c92f0
D/ActivityThread(19796): SVC-STOP_SERVICE handled : 0 / android.os.BinderProxy@42617108
V/IntentResolver(  828): Final result list:
D/ActivityManager(  828): getContentProviderImpl: from callerandroid.app.ApplicationThreadProxy@42a0dbc8 (pid=19796) to get content provider com.google.android.googlequicksearchbox.icing
D/ActivityThread(19796): hoder:android.app.IActivityManager$ContentProviderHolder@424f9d98,provider,holder.Provider:android.content.ContentProviderProxy@425456b8
D/PowerManagerService(  828): releaseWakeLockInternal: lock=1119039832 [Icing], flags=0x0, total_time=1564ms
D/PowerManagerNotifier(  828): onWakeLockReleased: flags=1, tag="Icing", packageName=com.google.android.gms, ownerUid=10008, ownerPid=19796, workSource=WorkSource{10008 com.google.android.gms}
D/PowerManagerService(  828): updateWakeLockSummaryLocked: mWakefulness=Awake, mWakeLockSummary=0x1
D/PowerManagerService(  828): newScreenState = 2
D/PowerManagerDisplayController(  828): requestPowerState: screenState=2, useProximitySensor=false, forceProximitySensorEnable=false, forceWakeUpEnable=false, screenBrightness=102, screenAutoBrightnessAdjustment=0.0, useAutoBrightness=true, useEcoBrightness=false, blockScreenOn=false, waitForNegativeProximity=false
I/PowerManagerService(  828): setBrightness 2 mButtonLight 0.
D/PowerManagerService(  828): updateScreenStateLocked: mDisplayReady=true, newScreenState=2, mWakefulness=1, mWakeLockSummary=0x1, mUserActivitySummary=0x1, mBootCompleted=true
D/PowerManagerService(  828): handleSandman: canDream=false, mWakefulness=Awake
D/ActivityThread(19796): SVC-Destroying service: com.google.android.gms.icing.service.IndexWorkerService@42643348
D/ActivityThread(19796): SVC-STOP_SERVICE handled : 0 / android.os.BinderProxy@426ca5a8
I/ActivityManager(  828): Killing 14543:com.coco.lock2.local.app.findlock/u0a35 (adj 15): empty #17
D/DisplayManagerService(  828): Display listener for pid 14543 died.
I/PackageManager(  828): Apk copy done
I/PackageManager(  828): Apk copy done
I/PackageManager(  828): Apk copy done
I/PackageManager(  828): Apk copy done
I/PackageManager(  828): Apk copy done
I/PackageManager(  828): Apk copy done
I/PackageManager(  828): Apk copy done
V/ActivityManager(  828): Broadcast: Intent { act=android.intent.action.QUERY_PACKAGE_RESTART dat=package:com.kay27.Glukalo flg=0x10 (has extras) } ordered=true userid=-2 callerApp=ProcessRecord{428156f8 29782:com.android.settings/1000}
D/ActivityThread(  828): BDC-Calling onReceive: intent=Intent { act=android.intent.action.QUERY_PACKAGE_RESTART dat=package:com.kay27.Glukalo flg=0x10 (has extras) }, ordered=true, receiver=com.mediatek.mom.b@42a717c8, IIntentReceiver=428ba128
D/ActivityThread(  828): BDC-Calling finishReceiver: IIntentReceiver=428ba128
D/ActivityThread(  828): BDC-Calling onReceive: intent=Intent { act=android.intent.action.QUERY_PACKAGE_RESTART dat=package:com.kay27.Glukalo flg=0x10 (has extras) }, ordered=true, receiver=com.android.server.am.UsageStatsService$2@42519798, IIntentReceiver=424fec70
D/ActivityThread(  828): BDC-Calling finishReceiver: IIntentReceiver=424fec70
D/ActivityThread(  828): BDC-Calling onReceive: intent=Intent { act=android.intent.action.QUERY_PACKAGE_RESTART dat=package:com.kay27.Glukalo flg=0x10 (has extras) }, ordered=true, receiver=com.android.server.AlarmManagerService$UninstallReceiver@42798768, IIntentReceiver=42340ee8
D/ActivityThread(  828): BDC-Calling finishReceiver: IIntentReceiver=42340ee8
D/ActivityThread(  828): BDC-Calling onReceive: intent=Intent { act=android.intent.action.QUERY_PACKAGE_RESTART dat=package:com.kay27.Glukalo flg=0x10 (has extras) }, ordered=true, receiver=com.android.server.InputMethodManagerService$MyPackageMonitor@42ad35a8, IIntentReceiver=42ada420
D/ActivityThread(  828): BDC-Calling finishReceiver: IIntentReceiver=42ada420
D/ActivityThread(  828): BDC-Calling onReceive: intent=Intent { act=android.intent.action.QUERY_PACKAGE_RESTART dat=package:com.kay27.Glukalo flg=0x10 (has extras) }, ordered=true, receiver=com.android.server.accessibility.AccessibilityManagerService$1@42876ea0, IIntentReceiver=42876f60
D/ActivityThread(  828): BDC-Calling finishReceiver: IIntentReceiver=42876f60
D/ActivityThread(  828): BDC-Calling onReceive: intent=Intent { act=android.intent.action.QUERY_PACKAGE_RESTART dat=package:com.kay27.Glukalo flg=0x10 (has extras) }, ordered=true, receiver=com.android.server.TextServicesManagerService$TextServicesMonitor@42bf76a8, IIntentReceiver=42bf7778
D/ActivityThread(  828): BDC-Calling finishReceiver: IIntentReceiver=42bf7778
D/ActivityThread(  828): BDC-Calling onReceive: intent=Intent { act=android.intent.action.QUERY_PACKAGE_RESTART dat=package:com.kay27.Glukalo flg=0x10 (has extras) }, ordered=true, receiver=com.android.server.NotificationManagerService$5@42265348, IIntentReceiver=429471f0
I/NotificationService(  828): queryReplace=false
D/ActivityThread(  828): BDC-Calling finishReceiver: IIntentReceiver=429471f0
D/ActivityThread(  828): BDC-Calling onReceive: intent=Intent { act=android.intent.action.QUERY_PACKAGE_RESTART dat=package:com.kay27.Glukalo flg=0x10 (has extras) }, ordered=true, receiver=com.android.server.search.SearchManagerService$MyPackageMonitor@427474b0, IIntentReceiver=42742d78
D/ActivityThread(  828): BDC-Calling finishReceiver: IIntentReceiver=42742d78
D/ActivityThread(  828): BDC-Calling onReceive: intent=Intent { act=android.intent.action.QUERY_PACKAGE_RESTART dat=package:com.kay27.Glukalo flg=0x10 (has extras) }, ordered=true, receiver=com.android.server.WallpaperManagerService$MyPackageMonitor@423cc0c0, IIntentReceiver=423bb850
D/ActivityThread(  828): BDC-Calling finishReceiver: IIntentReceiver=423bb850
D/ActivityThread(  828): BDC-Calling onReceive: intent=Intent { act=android.intent.action.QUERY_PACKAGE_RESTART dat=package:com.kay27.Glukalo flg=0x10 (has extras) }, ordered=true, receiver=com.android.server.usb.UsbSettingsManager$MyPackageMonitor@42b40c70, IIntentReceiver=42c14ac0
D/ActivityThread(29782): ACT-AM_ON_RESUME_CALLED ActivityRecord{44a87ca0 token=android.os.BinderProxy@432636f8 {com.android.settings/com.android.settings.SubSettings}}
D/ActivityThread(  828): BDC-Calling finishReceiver: IIntentReceiver=42c14ac0
D/ActivityThread(  828): BDC-Calling onReceive: intent=Intent { act=android.intent.action.QUERY_PACKAGE_RESTART dat=package:com.kay27.Glukalo flg=0x10 (has extras) }, ordered=true, receiver=com.android.server.RecognitionManagerService$MyPackageMonitor@42b62670, IIntentReceiver=42b62730
D/ActivityThread(  828): BDC-Calling finishReceiver: IIntentReceiver=42b62730
D/ActivityThread(  828): BDC-Calling onReceive: intent=Intent { act=android.intent.action.QUERY_PACKAGE_RESTART dat=package:com.kay27.Glukalo flg=0x10 (has extras) }, ordered=true, receiver=com.android.server.print.PrintManagerService$3@42b0abf8, IIntentReceiver=42794ea0
D/ActivityThread(  828): BDC-Calling finishReceiver: IIntentReceiver=42794ea0
D/ActivityThread(  828): BDC-Calling onReceive: intent=Intent { act=android.intent.action.QUERY_PACKAGE_RESTART dat=package:com.kay27.Glukalo flg=0x10 (has extras) }, ordered=true, receiver=com.android.server.pm.UserManagerService$5@423025b8, IIntentReceiver=422add80
D/ActivityThread(  828): BDC-Calling finishReceiver: IIntentReceiver=422add80
D/ActivityThread(29782): ACT-LAUNCH_ACTIVITY handled : 0 / ActivityRecord{44a87ca0 token=android.os.BinderProxy@432636f8 {com.android.settings/com.android.settings.SubSettings}}
D/ActivityThread(  828): BDC-Calling onReceive: intent=Intent { act=android.intent.action.QUERY_PACKAGE_RESTART dat=package:com.kay27.Glukalo flg=0x10 (has extras) }, ordered=true, receiver=com.android.server.ServiceWatcher$2@42b9af68, IIntentReceiver=42b0fb10
D/ActivityThread(  828): BDC-Calling finishReceiver: IIntentReceiver=42b0fb10
D/ActivityThread(  828): BDC-Calling onReceive: intent=Intent { act=android.intent.action.QUERY_PACKAGE_RESTART dat=package:com.kay27.Glukalo flg=0x10 (has extras) }, ordered=true, receiver=com.android.server.ServiceWatcher$2@42b102c8, IIntentReceiver=42b1d4c0
D/ActivityThread(  828): BDC-Calling finishReceiver: IIntentReceiver=42b1d4c0
D/ActivityThread(  828): BDC-Calling onReceive: intent=Intent { act=android.intent.action.QUERY_PACKAGE_RESTART dat=package:com.kay27.Glukalo flg=0x10 (has extras) }, ordered=true, receiver=com.android.server.ServiceWatcher$2@42b1e0c8, IIntentReceiver=42b48308
D/ActivityThread(  828): BDC-Calling finishReceiver: IIntentReceiver=42b48308
D/ActivityThread(  828): BDC-Calling onReceive: intent=Intent { act=android.intent.action.QUERY_PACKAGE_RESTART dat=package:com.kay27.Glukalo flg=0x10 (has extras) }, ordered=true, receiver=com.android.server.ServiceWatcher$2@42b75e20, IIntentReceiver=42d17080
D/ActivityThread(  828): BDC-Calling finishReceiver: IIntentReceiver=42d17080
D/ActivityThread(  828): BDC-Calling onReceive: intent=Intent { act=android.intent.action.QUERY_PACKAGE_RESTART dat=package:com.kay27.Glukalo flg=0x10 (has extras) }, ordered=true, receiver=com.android.server.ServiceWatcher$2@42d17938, IIntentReceiver=42ba2160
D/ActivityThread(  828): BDC-Calling finishReceiver: IIntentReceiver=42ba2160
D/ActivityThread(  828): BDC-Calling onReceive: intent=Intent { act=android.intent.action.QUERY_PACKAGE_RESTART dat=package:com.kay27.Glukalo flg=0x10 (has extras) }, ordered=true, receiver=com.android.server.LocationManagerService$5@427a79b0, IIntentReceiver=42cbe348
D/ActivityThread(  828): BDC-Calling finishReceiver: IIntentReceiver=42cbe348
D/ActivityThread(  828): BDC-Calling onReceive: intent=Intent { act=android.intent.action.QUERY_PACKAGE_RESTART dat=package:com.kay27.Glukalo flg=0x10 (has extras) }, ordered=true, receiver=com.android.server.am.ActivityManagerService$7@42ddb9a0, IIntentReceiver=42ddb9e8
D/ActivityThread(  828): BDC-Calling finishReceiver: IIntentReceiver=42ddb9e8
D/ActivityThread( 1214): BDC-Calling onReceive: intent=Intent { act=android.intent.action.QUERY_PACKAGE_RESTART dat=package:com.kay27.Glukalo flg=0x10 (has extras) }, ordered=true, receiver=com.android.internal.telephony.SmsApplication$SmsPackageMonitor@4230cc60, IIntentReceiver=4230cd50
D/ActivityThread( 1214): BDC-Calling finishReceiver: IIntentReceiver=4230cd50
D/ActivityThread( 4551): BDC-Calling onReceive: intent=Intent { act=android.intent.action.QUERY_PACKAGE_RESTART dat=package:com.kay27.Glukalo flg=0x10 (has extras) }, ordered=true, receiver=com.android.providers.applications.ApplicationsProvider$MyPackageMonitor@4216fd88, IIntentReceiver=421701f0
D/ActivityThread( 4551): BDC-Calling finishReceiver: IIntentReceiver=421701f0
D/ActivityThread(19912): BDC-Calling onReceive: intent=Intent { act=android.intent.action.QUERY_PACKAGE_RESTART dat=package:com.kay27.Glukalo flg=0x10 (has extras) }, ordered=true, receiver=com.google.android.gms.common.util.bh@425786d8, IIntentReceiver=42321ba8
D/ActivityThread(19912): BDC-Calling finishReceiver: IIntentReceiver=42321ba8
D/ActivityThread(19912): BDC-Calling onReceive: intent=Intent { act=android.intent.action.QUERY_PACKAGE_RESTART dat=package:com.kay27.Glukalo flg=0x10 (has extras) }, ordered=true, receiver=com.google.android.gms.common.util.bh@421c1948, IIntentReceiver=422bb3c0
D/ActivityThread(19912): BDC-Calling finishReceiver: IIntentReceiver=422bb3c0
D/ActivityThread(19912): BDC-Calling onReceive: intent=Intent { act=android.intent.action.QUERY_PACKAGE_RESTART dat=package:com.kay27.Glukalo flg=0x10 (has extras) }, ordered=true, receiver=com.google.android.gms.common.util.bh@42441660, IIntentReceiver=42440cd8
D/ActivityThread(19912): BDC-Calling finishReceiver: IIntentReceiver=42440cd8
I/PackageManager(  828): Apk copy done
I/PackageManager(  828): Apk copy done
I/PackageManager(  828): Apk copy done
I/PackageManager(  828): Apk copy done
I/PackageManager(  828): Apk copy done
I/PackageManager(  828): Apk copy done
I/PackageManager(  828): Apk copy done
I/PackageManager(  828): Apk copy done
V/WindowManager(  828): Changing focus from null to Window{42a2e130 u0 com.android.settings/com.android.settings.SubSettings} Callers=com.android.server.wm.WindowManagerService.relayoutWindow:3459 com.android.server.wm.Session.relayout:191 android.view.IWindowSession$Stub.onTransact:235 com.android.server.wm.Session.onTransact:126 
I/PackageManager(  828): Apk copy done
D/VoldConnector(  828): SND -> {688 asec fspath com.nicoplvgames.cubot-1}
I/FrameworkListener(  122): onDataAvailable get 41 bytes 
D/FrameworkListener(  122): dispatchCommand data = (688 asec fspath com.nicoplvgames.cubot-1)
D/VoldCmdListener(  122): asec fspath com.nicoplvgames.cubot-1
D/SocketClient(  122): SocketClient msg = /mnt/secure/asec/com.nicoplvgames.cubot-1.asec
D/SocketClient(  122): SocketClient sendDatalocked done: 211 688 /mnt/secure/asec/com.nicoplvgames.cubot-1.asec
D/VoldConnector(  828): RCV <- {211 688 /mnt/secure/asec/com.nicoplvgames.cubot-1.asec}
D/VoldConnector(  828): RMV <- {211 688 /mnt/secure/asec/com.nicoplvgames.cubot-1.asec}
I/WindowManager(  828): Gaining focus: Window{42a2e130 u0 com.android.settings/com.android.settings.SubSettings}
I/PackageManager(  828): Apk copy done
I/PackageManager(  828): Apk copy done
I/PackageManager(  828): Apk copy done
I/PackageManager(  828): Apk copy done
I/PackageManager(  828): Apk copy done
I/PackageManager(  828): Apk copy done
V/InputMethodManagerService(  828): windowGainedFocus: android.os.BinderProxy@42d13750 controlFlags=#104 softInputMode=#110 windowFlags=#1810100
V/ActivityManager(  828): Broadcast: Intent { act=com.kingroot.common.ACTION_TOP_ACTIVITY_CHANGED flg=0x10 (has extras) } ordered=false userid=0 callerApp=ProcessRecord{421c3888 20540:com.kingroot.kinguser:service/u0a140}
D/ActivityThread(20540): BDC-Calling onReceive: intent=Intent { act=com.kingroot.common.ACTION_TOP_ACTIVITY_CHANGED flg=0x10 cmp=com.kingroot.kinguser/com.kingroot.common.framework.broadcast.KSysBroadcastReceiver (has extras) }, ordered=true, receiver=com.kingroot.common.framework.broadcast.KSysBroadcastReceiver@424b7118
D/ActivityThread(20540): BDC-RECEIVER handled : 0 / ReceiverData{intent=Intent { act=com.kingroot.common.ACTION_TOP_ACTIVITY_CHANGED flg=0x10 cmp=com.kingroot.kinguser/com.kingroot.common.framework.broadcast.KSysBroadcastReceiver (has extras) } packageName=com.kingroot.kinguser resultCode=-1 resultData=null resultExtras=null}
I/PackageManager(  828): Apk copy done
D/PowerManagerService(  828): releaseWakeLockInternal: lock=1110158088 [ActivityManager-Launch], flags=0x0, total_time=786ms
D/PowerManagerNotifier(  828): onWakeLockReleased: flags=1, tag="ActivityManager-Launch", packageName=android, ownerUid=1000, ownerPid=828, workSource=null
D/PowerManagerService(  828): updateWakeLockSummaryLocked: mWakefulness=Awake, mWakeLockSummary=0x0
D/PowerManagerService(  828): newScreenState = 2
D/PowerManagerDisplayController(  828): requestPowerState: screenState=2, useProximitySensor=false, forceProximitySensorEnable=false, forceWakeUpEnable=false, screenBrightness=102, screenAutoBrightnessAdjustment=0.0, useAutoBrightness=true, useEcoBrightness=false, blockScreenOn=false, waitForNegativeProximity=false
I/PowerManagerService(  828): setBrightness 2 mButtonLight 0.
D/PowerManagerService(  828): updateScreenStateLocked: mDisplayReady=true, newScreenState=2, mWakefulness=1, mWakeLockSummary=0x0, mUserActivitySummary=0x1, mBootCompleted=true
D/PowerManagerService(  828): Releasing suspend blocker "PowerManagerService.WakeLocks".
D/PowerManagerService(  828): handleSandman: canDream=false, mWakefulness=Awake
V/ActivityManager(  828): ensureActivitiesVisibleLocked: consider front
V/ActivityManager(  828): ensureActivitiesVisibleLocked: consider back
D/ActivityThread(29782): ACT-STOP_ACTIVITY_HIDE handled : 0 / android.os.BinderProxy@4215ffb8
I/PackageManager(  828): Apk copy done
I/PackageManager(  828): Apk copy done
I/PackageManager(  828): Apk copy done
I/PackageManager(  828): Apk copy done
I/PackageManager(  828): Apk copy done
I/PackageManager(  828): Apk copy done
I/PackageManager(  828): Apk copy done
I/PackageManager(  828): Apk copy done
I/PackageManager(  828): Apk copy done
I/PackageManager(  828): Apk copy done
I/PackageManager(  828): Apk copy done
I/PackageManager(  828): Apk copy done
I/PackageManager(  828): Apk copy done
I/PackageManager(  828): Apk copy done
I/PackageManager(  828): Apk copy done
I/PackageManager(  828): Apk copy done
I/PackageManager(  828): Apk copy done
I/PackageManager(  828): Apk copy done
I/PackageManager(  828): Apk copy done
I/PackageManager(  828): Apk copy done
I/PackageManager(  828): Apk copy done
I/PackageManager(  828): Apk copy done
I/PackageManager(  828): Apk copy done
I/PackageManager(  828): Apk copy done
I/PackageManager(  828): Apk copy done
I/PackageManager(  828): Apk copy done
I/PackageManager(  828): Apk copy done
I/PackageManager(  828): Apk copy done
I/PackageManager(  828): Apk copy done
I/PackageManager(  828): Apk copy done
I/PackageManager(  828): Apk copy done
I/PackageManager(  828): Apk copy done
I/PackageManager(  828): Apk copy done
I/PackageManager(  828): Apk copy done
I/PackageManager(  828): Apk copy done
I/PackageManager(  828): Apk copy done
I/PackageManager(  828): Apk copy done
D/PowerManagerService(  828): userActivityFromNative
D/PowerManagerService(  828): userActivityNoUpdateLocked: eventTime=180783569, event=2, flags=0x0, uid=1000
D/PowerManagerNotifier(  828): onUserActivity: event=2, uid=1000
D/PowerManagerService(  828): updateUserActivitySummaryLocked: mWakefulness=Awake, mUserActivitySummary=0x1, nextTimeout=180896569 (in 112999 ms)
D/PowerManagerService(  828): newScreenState = 2
D/PowerManagerDisplayController(  828): requestPowerState: screenState=2, useProximitySensor=false, forceProximitySensorEnable=false, forceWakeUpEnable=false, screenBrightness=102, screenAutoBrightnessAdjustment=0.0, useAutoBrightness=true, useEcoBrightness=false, blockScreenOn=false, waitForNegativeProximity=false
I/PowerManagerService(  828): setBrightness 2 mButtonLight 0.
D/PowerManagerService(  828): updateScreenStateLocked: mDisplayReady=true, newScreenState=2, mWakefulness=1, mWakeLockSummary=0x0, mUserActivitySummary=0x1, mBootCompleted=true
D/PowerManagerService(  828): handleSandman: canDream=false, mWakefulness=Awake
I/PackageManager(  828): Apk copy done
I/PackageManager(  828): Apk copy done
I/PackageManager(  828): Apk copy done
I/PackageManager(  828): Apk copy done
I/PackageManager(  828): Apk copy done
I/PackageManager(  828): Apk copy done
I/PackageManager(  828): Apk copy done
I/PackageManager(  828): Apk copy done
I/PackageManager(  828): Apk copy done
I/PackageManager(  828): Apk copy done
I/PackageManager(  828): Apk copy done
I/PackageManager(  828): Apk copy done
I/PackageManager(  828): Apk copy done
I/PackageManager(  828): Apk copy done
I/PackageManager(  828): Apk copy done
I/PackageManager(  828): Apk copy done
I/PackageManager(  828): Apk copy done
I/PackageManager(  828): Apk copy done
I/PackageManager(  828): Apk copy done
I/PackageManager(  828): Apk copy done
I/PackageManager(  828): Apk copy done
I/PackageManager(  828): Apk copy done
I/PackageManager(  828): Apk copy done
I/PackageManager(  828): Apk copy done
I/PackageManager(  828): Apk copy done
I/PackageManager(  828): Apk copy done
I/PackageManager(  828): Apk copy done
I/PackageManager(  828): Apk copy done
I/PackageManager(  828): Apk copy done
I/PackageManager(  828): Apk copy done
I/PackageManager(  828): Apk copy done
I/PackageManager(  828): Apk copy done
I/PackageManager(  828): Apk copy done
I/PackageManager(  828): Apk copy done
I/PackageManager(  828): Apk copy done
D/VoldConnector(  828): SND -> {689 asec fspath com.ITmindCo.NetherEarthWarOfRobot-1}
I/FrameworkListener(  122): onDataAvailable get 53 bytes 
D/FrameworkListener(  122): dispatchCommand data = (689 asec fspath com.ITmindCo.NetherEarthWarOfRobot-1)
D/VoldCmdListener(  122): asec fspath com.ITmindCo.NetherEarthWarOfRobot-1
D/SocketClient(  122): SocketClient msg = /mnt/secure/asec/com.ITmindCo.NetherEarthWarOfRobot-1.asec
D/SocketClient(  122): SocketClient sendDatalocked done: 211 689 /mnt/secure/asec/com.ITmindCo.NetherEarthWarOfRobot-1.asec
D/VoldConnector(  828): RCV <- {211 689 /mnt/secure/asec/com.ITmindCo.NetherEarthWarOfRobot-1.asec}
D/VoldConnector(  828): RMV <- {211 689 /mnt/secure/asec/com.ITmindCo.NetherEarthWarOfRobot-1.asec}
D/PowerManagerService(  828): userActivityFromNative
D/PowerManagerService(  828): userActivityNoUpdateLocked: eventTime=180784534, event=2, flags=0x0, uid=1000
D/PowerManagerNotifier(  828): onUserActivity: event=2, uid=1000
D/PowerManagerService(  828): updateUserActivitySummaryLocked: mWakefulness=Awake, mUserActivitySummary=0x1, nextTimeout=180897534 (in 112999 ms)
D/PowerManagerService(  828): newScreenState = 2
D/PowerManagerDisplayController(  828): requestPowerState: screenState=2, useProximitySensor=false, forceProximitySensorEnable=false, forceWakeUpEnable=false, screenBrightness=102, screenAutoBrightnessAdjustment=0.0, useAutoBrightness=true, useEcoBrightness=false, blockScreenOn=false, waitForNegativeProximity=false
I/PowerManagerService(  828): setBrightness 2 mButtonLight 0.
D/PowerManagerService(  828): updateScreenStateLocked: mDisplayReady=true, newScreenState=2, mWakefulness=1, mWakeLockSummary=0x0, mUserActivitySummary=0x1, mBootCompleted=true
D/PowerManagerService(  828): handleSandman: canDream=false, mWakefulness=Awake
I/PackageManager(  828): Apk copy done
I/PackageManager(  828): Apk copy done
I/PackageManager(  828): Apk copy done
I/PackageManager(  828): Apk copy done
I/ActivityManager(  828): START u0 {act=android.intent.action.MAIN cat=[android.intent.category.LAUNCHER] flg=0x10200000 cmp=com.kay27.Glukalo/.MainActivity} from pid 29782
D/ActivityManager(  828): ACT-moveHomeTask toFront : false homeInFront = false
D/ActivityManager(  828): ACT-BMW, insertTaskAtTop fromHome = false lastStack = ActivityStack{42b51740 stackId=2, 22 tasks} this = ActivityStack{42b51740 stackId=2, 22 tasks} topTask() = TaskRecord{43e3e008 #223 I=com.android.settings/.Settings$ManageApplicationsActivity U=0 sz=2}
D/ActivityManager(  828): ACT-BMW, insertTaskAtTop fromHome = false lastStack = ActivityStack{42b51740 stackId=2, 23 tasks} this = ActivityStack{42b51740 stackId=2, 23 tasks} topTask() = TaskRecord{431c82b8 #343 A=com.kay27.Glukalo U=0 sz=0}
I/PackageManager(  828): Apk copy done
D/PowerManagerService(  828): acquireWakeLockInternal: lock=1110158088, flags=0x1, tag="ActivityManager-Launch", ws=null, uid=1000, pid=828
D/PowerManagerNotifier(  828): onWakeLockAcquired: flags=1, tag="ActivityManager-Launch", packageName=android, ownerUid=1000, ownerPid=828, workSource=null
D/PowerManagerService(  828): updateWakeLockSummaryLocked: mWakefulness=Awake, mWakeLockSummary=0x1
D/PowerManagerService(  828): newScreenState = 2
D/PowerManagerDisplayController(  828): requestPowerState: screenState=2, useProximitySensor=false, forceProximitySensorEnable=false, forceWakeUpEnable=false, screenBrightness=102, screenAutoBrightnessAdjustment=0.0, useAutoBrightness=true, useEcoBrightness=false, blockScreenOn=false, waitForNegativeProximity=false
I/PowerManagerService(  828): setBrightness 2 mButtonLight 0.
D/PowerManagerService(  828): updateScreenStateLocked: mDisplayReady=true, newScreenState=2, mWakefulness=1, mWakeLockSummary=0x1, mUserActivitySummary=0x1, mBootCompleted=true
D/PowerManagerService(  828): Acquiring suspend blocker "PowerManagerService.WakeLocks".
D/PowerManagerService(  828): handleSandman: canDream=false, mWakefulness=Awake
I/PackageManager(  828): Apk copy done
V/WindowManager(  828): Changing focus from Window{42a2e130 u0 com.android.settings/com.android.settings.SubSettings} to null Callers=com.android.server.wm.WindowManagerService.setFocusedApp:4399 com.android.server.am.ActivityManagerService.setFocusedActivityLocked:2418 com.android.server.am.ActivityStackSupervisor.startActivityUncheckedLocked:2255 com.android.server.am.ActivityStackSupervisor.startActivityLocked:1522 
I/WindowManager(  828): Losing focus: Window{42a2e130 u0 com.android.settings/com.android.settings.SubSettings}
D/ActivityThread(29782): ACT-AM_ON_PAUSE_CALLED ActivityRecord{44a87ca0 token=android.os.BinderProxy@432636f8 {com.android.settings/com.android.settings.SubSettings}}
I/ActivityManager(  828): Start proc com.kay27.Glukalo for activity com.kay27.Glukalo/.MainActivity: pid=16344 uid=10237 gids={50237, 1028, 1015}
D/ActivityThread(29782): ACT-PAUSE_ACTIVITY handled : 1 / android.os.BinderProxy@432636f8
V/ActivityManager(  828): ensureActivitiesVisibleLocked: consider front
V/ActivityManager(  828): ensureActivitiesVisibleLocked: consider back
V/ActivityManager(  828): ensureActivitiesVisibleLocked: consider front
V/ActivityManager(  828): ensureActivitiesVisibleLocked: consider back
I/PackageManager(  828): Apk copy done
V/NetworkStats(  828): setKernelCounterSet uid=10237 set=1
D/ConnectivityService(  828): onUidRulesChanged(uid=10237, uidRules=0)
D/ActivityManager(  828): getContentProviderImpl: from callerandroid.app.ApplicationThreadProxy@42d4f638 (pid=16344) to get content provider settings
D/ActivityManager(  828): getContentProviderImpl: updateLruProcessLocked cpr.proc=ProcessRecord{42403c10 828:system/1000}
D/ActivityThread(16344): hoder:android.app.IActivityManager$ContentProviderHolder@421583f0,provider,holder.Provider:android.content.ContentProviderProxy@42158b70
V/SettingsProvider(  828): call(system:anr_debugging_mechanism) for 0
I/PackageManager(  828): Apk copy done
D/ActivityThread(16344): BIND_APPLICATION handled : 0 / AppBindData{appInfo=ApplicationInfo{42155d40 com.kay27.Glukalo}}
I/PackageManager(  828): Apk copy done
I/PackageManager(  828): Apk copy done
D/ActivityThread(16344): ACT-AM_ON_RESUME_CALLED ActivityRecord{42157350 token=android.os.BinderProxy@42156b30 {com.kay27.Glukalo/com.kay27.Glukalo.MainActivity}}
I/PackageManager(  828): Apk copy done
D/ActivityThread(16344): ACT-LAUNCH_ACTIVITY handled : 0 / ActivityRecord{42157350 token=android.os.BinderProxy@42156b30 {com.kay27.Glukalo/com.kay27.Glukalo.MainActivity}}
I/PackageManager(  828): Apk copy done
V/WindowManager(  828): Changing focus from null to Window{43e4fad8 u0 com.kay27.Glukalo/com.kay27.Glukalo.MainActivity} Callers=com.android.server.wm.WindowManagerService.relayoutWindow:3459 com.android.server.wm.Session.relayout:191 android.view.IWindowSession$Stub.onTransact:235 com.android.server.wm.Session.onTransact:126 
I/PackageManager(  828): Apk copy done
I/WindowManager(  828): Gaining focus: Window{43e4fad8 u0 com.kay27.Glukalo/com.kay27.Glukalo.MainActivity}
E/AndroidRuntime(16344): FATAL EXCEPTION: GLThread 10305
E/AndroidRuntime(16344): Process: com.kay27.Glukalo, PID: 16344
